Symlinking /Users/vincent/ROS/ws_panda/pick_and_place/ROS/devel/include/sensor_msgs/Joy.h
Symlinking /Users/vincent/ROS/ws_panda/pick_and_place/ROS/devel/include/sensor_msgs/Illuminance.h
Symlinking /Users/vincent/ROS/ws_panda/pick_and_place/ROS/devel/include/sensor_msgs/MultiEchoLaserScan.h
Symlinking /Users/vincent/ROS/ws_panda/pick_and_place/ROS/devel/include/sensor_msgs/NavSatStatus.h
Symlinking /Users/vincent/ROS/ws_panda/pick_and_place/ROS/devel/include/sensor_msgs/Range.h
Symlinking /Users/vincent/ROS/ws_panda/pick_and_place/ROS/devel/include/sensor_msgs/ChannelFloat32.h
Symlinking /Users/vincent/ROS/ws_panda/pick_and_place/ROS/devel/include/sensor_msgs/BatteryState.h
Symlinking /Users/vincent/ROS/ws_panda/pick_and_place/ROS/devel/include/sensor_msgs/CompressedImage.h
Symlinking /Users/vincent/ROS/ws_panda/pick_and_place/ROS/devel/include/sensor_msgs/JoyFeedback.h
Symlinking /Users/vincent/ROS/ws_panda/pick_and_place/ROS/devel/include/sensor_msgs/SetCameraInfo.h
Symlinking /Users/vincent/ROS/ws_panda/pick_and_place/ROS/devel/include/sensor_msgs/LaserScan.h
Symlinking /Users/vincent/ROS/ws_panda/pick_and_place/ROS/devel/include/sensor_msgs/NavSatFix.h
Symlinking /Users/vincent/ROS/ws_panda/pick_and_place/ROS/devel/include/sensor_msgs/TimeReference.h
Symlinking /Users/vincent/ROS/ws_panda/pick_and_place/ROS/devel/include/sensor_msgs/Imu.h
Symlinking /Users/vincent/ROS/ws_panda/pick_and_place/ROS/devel/include/sensor_msgs/PointCloud.h
Symlinking /Users/vincent/ROS/ws_panda/pick_and_place/ROS/devel/include/sensor_msgs/CameraInfo.h
Symlinking /Users/vincent/ROS/ws_panda/pick_and_place/ROS/devel/include/sensor_msgs/JointState.h
Symlinking /Users/vincent/ROS/ws_panda/pick_and_place/ROS/devel/include/sensor_msgs/PointField.h
Symlinking /Users/vincent/ROS/ws_panda/pick_and_place/ROS/devel/include/sensor_msgs/MagneticField.h
Symlinking /Users/vincent/ROS/ws_panda/pick_and_place/ROS/devel/include/sensor_msgs/MultiDOFJointState.h
Symlinking /Users/vincent/ROS/ws_panda/pick_and_place/ROS/devel/include/sensor_msgs/RelativeHumidity.h
Symlinking /Users/vincent/ROS/ws_panda/pick_and_place/ROS/devel/include/sensor_msgs/LaserEcho.h
Symlinking /Users/vincent/ROS/ws_panda/pick_and_place/ROS/devel/include/sensor_msgs/RegionOfInterest.h
Symlinking /Users/vincent/ROS/ws_panda/pick_and_place/ROS/devel/include/sensor_msgs/PointCloud2.h
Symlinking /Users/vincent/ROS/ws_panda/pick_and_place/ROS/devel/include/sensor_msgs/Temperature.h
Symlinking /Users/vincent/ROS/ws_panda/pick_and_place/ROS/devel/include/sensor_msgs/SetCameraInfoResponse.h
Symlinking /Users/vincent/ROS/ws_panda/pick_and_place/ROS/devel/include/sensor_msgs/SetCameraInfoRequest.h
Symlinking /Users/vincent/ROS/ws_panda/pick_and_place/ROS/devel/include/sensor_msgs/FluidPressure.h
Symlinking /Users/vincent/ROS/ws_panda/pick_and_place/ROS/devel/include/sensor_msgs/Image.h
Symlinking /Users/vincent/ROS/ws_panda/pick_and_place/ROS/devel/include/sensor_msgs/JoyFeedbackArray.h
Symlinking /Users/vincent/ROS/ws_panda/pick_and_place/ROS/devel/lib/pkgconfig/sensor_msgs.pc
Symlinking /Users/vincent/ROS/ws_panda/pick_and_place/ROS/devel/lib/python3.11/site-packages/sensor_msgs/__init__.py
Symlinking /Users/vincent/ROS/ws_panda/pick_and_place/ROS/devel/lib/python3.11/site-packages/sensor_msgs/msg/_Imu.py
Symlinking /Users/vincent/ROS/ws_panda/pick_and_place/ROS/devel/lib/python3.11/site-packages/sensor_msgs/msg/_CameraInfo.py
Symlinking /Users/vincent/ROS/ws_panda/pick_and_place/ROS/devel/lib/python3.11/site-packages/sensor_msgs/msg/_ChannelFloat32.py
Symlinking /Users/vincent/ROS/ws_panda/pick_and_place/ROS/devel/lib/python3.11/site-packages/sensor_msgs/msg/_NavSatStatus.py
Symlinking /Users/vincent/ROS/ws_panda/pick_and_place/ROS/devel/lib/python3.11/site-packages/sensor_msgs/msg/_JointState.py
Symlinking /Users/vincent/ROS/ws_panda/pick_and_place/ROS/devel/lib/python3.11/site-packages/sensor_msgs/msg/_Range.py
Symlinking /Users/vincent/ROS/ws_panda/pick_and_place/ROS/devel/lib/python3.11/site-packages/sensor_msgs/msg/_RegionOfInterest.py
Symlinking /Users/vincent/ROS/ws_panda/pick_and_place/ROS/devel/lib/python3.11/site-packages/sensor_msgs/msg/_Illuminance.py
Symlinking /Users/vincent/ROS/ws_panda/pick_and_place/ROS/devel/lib/python3.11/site-packages/sensor_msgs/msg/_MultiEchoLaserScan.py
Symlinking /Users/vincent/ROS/ws_panda/pick_and_place/ROS/devel/lib/python3.11/site-packages/sensor_msgs/msg/_MultiDOFJointState.py
Symlinking /Users/vincent/ROS/ws_panda/pick_and_place/ROS/devel/lib/python3.11/site-packages/sensor_msgs/msg/_Temperature.py
Symlinking /Users/vincent/ROS/ws_panda/pick_and_place/ROS/devel/lib/python3.11/site-packages/sensor_msgs/msg/__init__.py
Symlinking /Users/vincent/ROS/ws_panda/pick_and_place/ROS/devel/lib/python3.11/site-packages/sensor_msgs/msg/_JoyFeedbackArray.py
Symlinking /Users/vincent/ROS/ws_panda/pick_and_place/ROS/devel/lib/python3.11/site-packages/sensor_msgs/msg/_Joy.py
Symlinking /Users/vincent/ROS/ws_panda/pick_and_place/ROS/devel/lib/python3.11/site-packages/sensor_msgs/msg/_TimeReference.py
Symlinking /Users/vincent/ROS/ws_panda/pick_and_place/ROS/devel/lib/python3.11/site-packages/sensor_msgs/msg/_RelativeHumidity.py
Symlinking /Users/vincent/ROS/ws_panda/pick_and_place/ROS/devel/lib/python3.11/site-packages/sensor_msgs/msg/_Image.py
Symlinking /Users/vincent/ROS/ws_panda/pick_and_place/ROS/devel/lib/python3.11/site-packages/sensor_msgs/msg/_LaserScan.py
Symlinking /Users/vincent/ROS/ws_panda/pick_and_place/ROS/devel/lib/python3.11/site-packages/sensor_msgs/msg/_CompressedImage.py
Symlinking /Users/vincent/ROS/ws_panda/pick_and_place/ROS/devel/lib/python3.11/site-packages/sensor_msgs/msg/_FluidPressure.py
Symlinking /Users/vincent/ROS/ws_panda/pick_and_place/ROS/devel/lib/python3.11/site-packages/sensor_msgs/msg/_NavSatFix.py
Symlinking /Users/vincent/ROS/ws_panda/pick_and_place/ROS/devel/lib/python3.11/site-packages/sensor_msgs/msg/_PointCloud.py
Symlinking /Users/vincent/ROS/ws_panda/pick_and_place/ROS/devel/lib/python3.11/site-packages/sensor_msgs/msg/_BatteryState.py
Symlinking /Users/vincent/ROS/ws_panda/pick_and_place/ROS/devel/lib/python3.11/site-packages/sensor_msgs/msg/_PointCloud2.py
Symlinking /Users/vincent/ROS/ws_panda/pick_and_place/ROS/devel/lib/python3.11/site-packages/sensor_msgs/msg/_LaserEcho.py
Symlinking /Users/vincent/ROS/ws_panda/pick_and_place/ROS/devel/lib/python3.11/site-packages/sensor_msgs/msg/_JoyFeedback.py
Symlinking /Users/vincent/ROS/ws_panda/pick_and_place/ROS/devel/lib/python3.11/site-packages/sensor_msgs/msg/_PointField.py
Symlinking /Users/vincent/ROS/ws_panda/pick_and_place/ROS/devel/lib/python3.11/site-packages/sensor_msgs/msg/_MagneticField.py
Symlinking /Users/vincent/ROS/ws_panda/pick_and_place/ROS/devel/lib/python3.11/site-packages/sensor_msgs/srv/__init__.py
Symlinking /Users/vincent/ROS/ws_panda/pick_and_place/ROS/devel/lib/python3.11/site-packages/sensor_msgs/srv/_SetCameraInfo.py
Symlinking /Users/vincent/ROS/ws_panda/pick_and_place/ROS/devel/share/sensor_msgs/cmake/sensor_msgs-msg-extras.cmake
Symlinking /Users/vincent/ROS/ws_panda/pick_and_place/ROS/devel/share/sensor_msgs/cmake/sensor_msgsConfig.cmake
Symlinking /Users/vincent/ROS/ws_panda/pick_and_place/ROS/devel/share/sensor_msgs/cmake/sensor_msgsConfig-version.cmake
Symlinking /Users/vincent/ROS/ws_panda/pick_and_place/ROS/devel/share/sensor_msgs/cmake/sensor_msgs-msg-paths.cmake
Symlinking /Users/vincent/ROS/ws_panda/pick_and_place/ROS/devel/share/roseus/ros/sensor_msgs/manifest.l
Symlinking /Users/vincent/ROS/ws_panda/pick_and_place/ROS/devel/share/roseus/ros/sensor_msgs/msg/MultiDOFJointState.l
Symlinking /Users/vincent/ROS/ws_panda/pick_and_place/ROS/devel/share/roseus/ros/sensor_msgs/msg/MagneticField.l
Symlinking /Users/vincent/ROS/ws_panda/pick_and_place/ROS/devel/share/roseus/ros/sensor_msgs/msg/RelativeHumidity.l
Symlinking /Users/vincent/ROS/ws_panda/pick_and_place/ROS/devel/share/roseus/ros/sensor_msgs/msg/LaserEcho.l
Symlinking /Users/vincent/ROS/ws_panda/pick_and_place/ROS/devel/share/roseus/ros/sensor_msgs/msg/RegionOfInterest.l
Symlinking /Users/vincent/ROS/ws_panda/pick_and_place/ROS/devel/share/roseus/ros/sensor_msgs/msg/PointCloud2.l
Symlinking /Users/vincent/ROS/ws_panda/pick_and_place/ROS/devel/share/roseus/ros/sensor_msgs/msg/Temperature.l
Symlinking /Users/vincent/ROS/ws_panda/pick_and_place/ROS/devel/share/roseus/ros/sensor_msgs/msg/Image.l
Symlinking /Users/vincent/ROS/ws_panda/pick_and_place/ROS/devel/share/roseus/ros/sensor_msgs/msg/FluidPressure.l
Symlinking /Users/vincent/ROS/ws_panda/pick_and_place/ROS/devel/share/roseus/ros/sensor_msgs/msg/JoyFeedbackArray.l
Symlinking /Users/vincent/ROS/ws_panda/pick_and_place/ROS/devel/share/roseus/ros/sensor_msgs/msg/MultiEchoLaserScan.l
Symlinking /Users/vincent/ROS/ws_panda/pick_and_place/ROS/devel/share/roseus/ros/sensor_msgs/msg/Illuminance.l
Symlinking /Users/vincent/ROS/ws_panda/pick_and_place/ROS/devel/share/roseus/ros/sensor_msgs/msg/Joy.l
Symlinking /Users/vincent/ROS/ws_panda/pick_and_place/ROS/devel/share/roseus/ros/sensor_msgs/msg/Range.l
Symlinking /Users/vincent/ROS/ws_panda/pick_and_place/ROS/devel/share/roseus/ros/sensor_msgs/msg/NavSatStatus.l
Symlinking /Users/vincent/ROS/ws_panda/pick_and_place/ROS/devel/share/roseus/ros/sensor_msgs/msg/JoyFeedback.l
Symlinking /Users/vincent/ROS/ws_panda/pick_and_place/ROS/devel/share/roseus/ros/sensor_msgs/msg/CompressedImage.l
Symlinking /Users/vincent/ROS/ws_panda/pick_and_place/ROS/devel/share/roseus/ros/sensor_msgs/msg/ChannelFloat32.l
Symlinking /Users/vincent/ROS/ws_panda/pick_and_place/ROS/devel/share/roseus/ros/sensor_msgs/msg/BatteryState.l
Symlinking /Users/vincent/ROS/ws_panda/pick_and_place/ROS/devel/share/roseus/ros/sensor_msgs/msg/LaserScan.l
Symlinking /Users/vincent/ROS/ws_panda/pick_and_place/ROS/devel/share/roseus/ros/sensor_msgs/msg/NavSatFix.l
Symlinking /Users/vincent/ROS/ws_panda/pick_and_place/ROS/devel/share/roseus/ros/sensor_msgs/msg/TimeReference.l
Symlinking /Users/vincent/ROS/ws_panda/pick_and_place/ROS/devel/share/roseus/ros/sensor_msgs/msg/PointCloud.l
Symlinking /Users/vincent/ROS/ws_panda/pick_and_place/ROS/devel/share/roseus/ros/sensor_msgs/msg/Imu.l
Symlinking /Users/vincent/ROS/ws_panda/pick_and_place/ROS/devel/share/roseus/ros/sensor_msgs/msg/CameraInfo.l
Symlinking /Users/vincent/ROS/ws_panda/pick_and_place/ROS/devel/share/roseus/ros/sensor_msgs/msg/PointField.l
Symlinking /Users/vincent/ROS/ws_panda/pick_and_place/ROS/devel/share/roseus/ros/sensor_msgs/msg/JointState.l
Symlinking /Users/vincent/ROS/ws_panda/pick_and_place/ROS/devel/share/roseus/ros/sensor_msgs/srv/SetCameraInfo.l
Symlinking /Users/vincent/ROS/ws_panda/pick_and_place/ROS/devel/share/common-lisp/ros/sensor_msgs/msg/JointState.lisp
Symlinking /Users/vincent/ROS/ws_panda/pick_and_place/ROS/devel/share/common-lisp/ros/sensor_msgs/msg/_package_CompressedImage.lisp
Symlinking /Users/vincent/ROS/ws_panda/pick_and_place/ROS/devel/share/common-lisp/ros/sensor_msgs/msg/_package_NavSatFix.lisp
Symlinking /Users/vincent/ROS/ws_panda/pick_and_place/ROS/devel/share/common-lisp/ros/sensor_msgs/msg/LaserEcho.lisp
Symlinking /Users/vincent/ROS/ws_panda/pick_and_place/ROS/devel/share/common-lisp/ros/sensor_msgs/msg/_package_Illuminance.lisp
Symlinking /Users/vincent/ROS/ws_panda/pick_and_place/ROS/devel/share/common-lisp/ros/sensor_msgs/msg/Temperature.lisp
Symlinking /Users/vincent/ROS/ws_panda/pick_and_place/ROS/devel/share/common-lisp/ros/sensor_msgs/msg/_package_LaserScan.lisp
Symlinking /Users/vincent/ROS/ws_panda/pick_and_place/ROS/devel/share/common-lisp/ros/sensor_msgs/msg/_package_MultiEchoLaserScan.lisp
Symlinking /Users/vincent/ROS/ws_panda/pick_and_place/ROS/devel/share/common-lisp/ros/sensor_msgs/msg/JoyFeedbackArray.lisp
Symlinking /Users/vincent/ROS/ws_panda/pick_and_place/ROS/devel/share/common-lisp/ros/sensor_msgs/msg/_package_Joy.lisp
Symlinking /Users/vincent/ROS/ws_panda/pick_and_place/ROS/devel/share/common-lisp/ros/sensor_msgs/msg/_package_PointCloud2.lisp
Symlinking /Users/vincent/ROS/ws_panda/pick_and_place/ROS/devel/share/common-lisp/ros/sensor_msgs/msg/CompressedImage.lisp
Symlinking /Users/vincent/ROS/ws_panda/pick_and_place/ROS/devel/share/common-lisp/ros/sensor_msgs/msg/_package_RelativeHumidity.lisp
Symlinking /Users/vincent/ROS/ws_panda/pick_and_place/ROS/devel/share/common-lisp/ros/sensor_msgs/msg/RegionOfInterest.lisp
Symlinking /Users/vincent/ROS/ws_panda/pick_and_place/ROS/devel/share/common-lisp/ros/sensor_msgs/msg/_package_MultiDOFJointState.lisp
Symlinking /Users/vincent/ROS/ws_panda/pick_and_place/ROS/devel/share/common-lisp/ros/sensor_msgs/msg/_package_Range.lisp
Symlinking /Users/vincent/ROS/ws_panda/pick_and_place/ROS/devel/share/common-lisp/ros/sensor_msgs/msg/_package_JointState.lisp
Symlinking /Users/vincent/ROS/ws_panda/pick_and_place/ROS/devel/share/common-lisp/ros/sensor_msgs/msg/MagneticField.lisp
Symlinking /Users/vincent/ROS/ws_panda/pick_and_place/ROS/devel/share/common-lisp/ros/sensor_msgs/msg/MultiDOFJointState.lisp
Symlinking /Users/vincent/ROS/ws_panda/pick_and_place/ROS/devel/share/common-lisp/ros/sensor_msgs/msg/Image.lisp
Symlinking /Users/vincent/ROS/ws_panda/pick_and_place/ROS/devel/share/common-lisp/ros/sensor_msgs/msg/_package_ChannelFloat32.lisp
Symlinking /Users/vincent/ROS/ws_panda/pick_and_place/ROS/devel/share/common-lisp/ros/sensor_msgs/msg/MultiEchoLaserScan.lisp
Symlinking /Users/vincent/ROS/ws_panda/pick_and_place/ROS/devel/share/common-lisp/ros/sensor_msgs/msg/_package_TimeReference.lisp
Symlinking /Users/vincent/ROS/ws_panda/pick_and_place/ROS/devel/share/common-lisp/ros/sensor_msgs/msg/_package_JoyFeedback.lisp
Symlinking /Users/vincent/ROS/ws_panda/pick_and_place/ROS/devel/share/common-lisp/ros/sensor_msgs/msg/Imu.lisp
Symlinking /Users/vincent/ROS/ws_panda/pick_and_place/ROS/devel/share/common-lisp/ros/sensor_msgs/msg/FluidPressure.lisp
Symlinking /Users/vincent/ROS/ws_panda/pick_and_place/ROS/devel/share/common-lisp/ros/sensor_msgs/msg/_package.lisp
Symlinking /Users/vincent/ROS/ws_panda/pick_and_place/ROS/devel/share/common-lisp/ros/sensor_msgs/msg/_package_Imu.lisp
Symlinking /Users/vincent/ROS/ws_panda/pick_and_place/ROS/devel/share/common-lisp/ros/sensor_msgs/msg/CameraInfo.lisp
Symlinking /Users/vincent/ROS/ws_panda/pick_and_place/ROS/devel/share/common-lisp/ros/sensor_msgs/msg/_package_BatteryState.lisp
Symlinking /Users/vincent/ROS/ws_panda/pick_and_place/ROS/devel/share/common-lisp/ros/sensor_msgs/msg/_package_MagneticField.lisp
Symlinking /Users/vincent/ROS/ws_panda/pick_and_place/ROS/devel/share/common-lisp/ros/sensor_msgs/msg/_package_Image.lisp
Symlinking /Users/vincent/ROS/ws_panda/pick_and_place/ROS/devel/share/common-lisp/ros/sensor_msgs/msg/PointField.lisp
Symlinking /Users/vincent/ROS/ws_panda/pick_and_place/ROS/devel/share/common-lisp/ros/sensor_msgs/msg/_package_NavSatStatus.lisp
Symlinking /Users/vincent/ROS/ws_panda/pick_and_place/ROS/devel/share/common-lisp/ros/sensor_msgs/msg/TimeReference.lisp
Symlinking /Users/vincent/ROS/ws_panda/pick_and_place/ROS/devel/share/common-lisp/ros/sensor_msgs/msg/JoyFeedback.lisp
Symlinking /Users/vincent/ROS/ws_panda/pick_and_place/ROS/devel/share/common-lisp/ros/sensor_msgs/msg/_package_FluidPressure.lisp
Symlinking /Users/vincent/ROS/ws_panda/pick_and_place/ROS/devel/share/common-lisp/ros/sensor_msgs/msg/_package_PointCloud.lisp
Symlinking /Users/vincent/ROS/ws_panda/pick_and_place/ROS/devel/share/common-lisp/ros/sensor_msgs/msg/_package_CameraInfo.lisp
Symlinking /Users/vincent/ROS/ws_panda/pick_and_place/ROS/devel/share/common-lisp/ros/sensor_msgs/msg/ChannelFloat32.lisp
Symlinking /Users/vincent/ROS/ws_panda/pick_and_place/ROS/devel/share/common-lisp/ros/sensor_msgs/msg/_package_Temperature.lisp
Symlinking /Users/vincent/ROS/ws_panda/pick_and_place/ROS/devel/share/common-lisp/ros/sensor_msgs/msg/Illuminance.lisp
Symlinking /Users/vincent/ROS/ws_panda/pick_and_place/ROS/devel/share/common-lisp/ros/sensor_msgs/msg/Joy.lisp
Symlinking /Users/vincent/ROS/ws_panda/pick_and_place/ROS/devel/share/common-lisp/ros/sensor_msgs/msg/_package_PointField.lisp
Symlinking /Users/vincent/ROS/ws_panda/pick_and_place/ROS/devel/share/common-lisp/ros/sensor_msgs/msg/NavSatFix.lisp
Symlinking /Users/vincent/ROS/ws_panda/pick_and_place/ROS/devel/share/common-lisp/ros/sensor_msgs/msg/sensor_msgs-msg.asd
Symlinking /Users/vincent/ROS/ws_panda/pick_and_place/ROS/devel/share/common-lisp/ros/sensor_msgs/msg/_package_LaserEcho.lisp
Symlinking /Users/vincent/ROS/ws_panda/pick_and_place/ROS/devel/share/common-lisp/ros/sensor_msgs/msg/_package_RegionOfInterest.lisp
Symlinking /Users/vincent/ROS/ws_panda/pick_and_place/ROS/devel/share/common-lisp/ros/sensor_msgs/msg/BatteryState.lisp
Symlinking /Users/vincent/ROS/ws_panda/pick_and_place/ROS/devel/share/common-lisp/ros/sensor_msgs/msg/LaserScan.lisp
Symlinking /Users/vincent/ROS/ws_panda/pick_and_place/ROS/devel/share/common-lisp/ros/sensor_msgs/msg/_package_JoyFeedbackArray.lisp
Symlinking /Users/vincent/ROS/ws_panda/pick_and_place/ROS/devel/share/common-lisp/ros/sensor_msgs/msg/PointCloud2.lisp
Symlinking /Users/vincent/ROS/ws_panda/pick_and_place/ROS/devel/share/common-lisp/ros/sensor_msgs/msg/NavSatStatus.lisp
Symlinking /Users/vincent/ROS/ws_panda/pick_and_place/ROS/devel/share/common-lisp/ros/sensor_msgs/msg/Range.lisp
Symlinking /Users/vincent/ROS/ws_panda/pick_and_place/ROS/devel/share/common-lisp/ros/sensor_msgs/msg/PointCloud.lisp
Symlinking /Users/vincent/ROS/ws_panda/pick_and_place/ROS/devel/share/common-lisp/ros/sensor_msgs/msg/RelativeHumidity.lisp
Symlinking /Users/vincent/ROS/ws_panda/pick_and_place/ROS/devel/share/common-lisp/ros/sensor_msgs/srv/_package_SetCameraInfo.lisp
Symlinking /Users/vincent/ROS/ws_panda/pick_and_place/ROS/devel/share/common-lisp/ros/sensor_msgs/srv/_package.lisp
Symlinking /Users/vincent/ROS/ws_panda/pick_and_place/ROS/devel/share/common-lisp/ros/sensor_msgs/srv/sensor_msgs-srv.asd
Symlinking /Users/vincent/ROS/ws_panda/pick_and_place/ROS/devel/share/common-lisp/ros/sensor_msgs/srv/SetCameraInfo.lisp
Symlinking /Users/vincent/ROS/ws_panda/pick_and_place/ROS/devel/share/gennodejs/ros/sensor_msgs/_index.js
Symlinking /Users/vincent/ROS/ws_panda/pick_and_place/ROS/devel/share/gennodejs/ros/sensor_msgs/msg/_index.js
Symlinking /Users/vincent/ROS/ws_panda/pick_and_place/ROS/devel/share/gennodejs/ros/sensor_msgs/msg/JointState.js
Symlinking /Users/vincent/ROS/ws_panda/pick_and_place/ROS/devel/share/gennodejs/ros/sensor_msgs/msg/Range.js
Symlinking /Users/vincent/ROS/ws_panda/pick_and_place/ROS/devel/share/gennodejs/ros/sensor_msgs/msg/CameraInfo.js
Symlinking /Users/vincent/ROS/ws_panda/pick_and_place/ROS/devel/share/gennodejs/ros/sensor_msgs/msg/Illuminance.js
Symlinking /Users/vincent/ROS/ws_panda/pick_and_place/ROS/devel/share/gennodejs/ros/sensor_msgs/msg/BatteryState.js
Symlinking /Users/vincent/ROS/ws_panda/pick_and_place/ROS/devel/share/gennodejs/ros/sensor_msgs/msg/Temperature.js
Symlinking /Users/vincent/ROS/ws_panda/pick_and_place/ROS/devel/share/gennodejs/ros/sensor_msgs/msg/FluidPressure.js
Symlinking /Users/vincent/ROS/ws_panda/pick_and_place/ROS/devel/share/gennodejs/ros/sensor_msgs/msg/RegionOfInterest.js
Symlinking /Users/vincent/ROS/ws_panda/pick_and_place/ROS/devel/share/gennodejs/ros/sensor_msgs/msg/ChannelFloat32.js
Symlinking /Users/vincent/ROS/ws_panda/pick_and_place/ROS/devel/share/gennodejs/ros/sensor_msgs/msg/RelativeHumidity.js
Symlinking /Users/vincent/ROS/ws_panda/pick_and_place/ROS/devel/share/gennodejs/ros/sensor_msgs/msg/MagneticField.js
Symlinking /Users/vincent/ROS/ws_panda/pick_and_place/ROS/devel/share/gennodejs/ros/sensor_msgs/msg/JoyFeedbackArray.js
Symlinking /Users/vincent/ROS/ws_panda/pick_and_place/ROS/devel/share/gennodejs/ros/sensor_msgs/msg/PointCloud2.js
Symlinking /Users/vincent/ROS/ws_panda/pick_and_place/ROS/devel/share/gennodejs/ros/sensor_msgs/msg/LaserScan.js
Symlinking /Users/vincent/ROS/ws_panda/pick_and_place/ROS/devel/share/gennodejs/ros/sensor_msgs/msg/Imu.js
Symlinking /Users/vincent/ROS/ws_panda/pick_and_place/ROS/devel/share/gennodejs/ros/sensor_msgs/msg/JoyFeedback.js
Symlinking /Users/vincent/ROS/ws_panda/pick_and_place/ROS/devel/share/gennodejs/ros/sensor_msgs/msg/Image.js
Symlinking /Users/vincent/ROS/ws_panda/pick_and_place/ROS/devel/share/gennodejs/ros/sensor_msgs/msg/NavSatStatus.js
Symlinking /Users/vincent/ROS/ws_panda/pick_and_place/ROS/devel/share/gennodejs/ros/sensor_msgs/msg/NavSatFix.js
Symlinking /Users/vincent/ROS/ws_panda/pick_and_place/ROS/devel/share/gennodejs/ros/sensor_msgs/msg/CompressedImage.js
Symlinking /Users/vincent/ROS/ws_panda/pick_and_place/ROS/devel/share/gennodejs/ros/sensor_msgs/msg/PointField.js
Symlinking /Users/vincent/ROS/ws_panda/pick_and_place/ROS/devel/share/gennodejs/ros/sensor_msgs/msg/MultiEchoLaserScan.js
Symlinking /Users/vincent/ROS/ws_panda/pick_and_place/ROS/devel/share/gennodejs/ros/sensor_msgs/msg/MultiDOFJointState.js
Symlinking /Users/vincent/ROS/ws_panda/pick_and_place/ROS/devel/share/gennodejs/ros/sensor_msgs/msg/LaserEcho.js
Symlinking /Users/vincent/ROS/ws_panda/pick_and_place/ROS/devel/share/gennodejs/ros/sensor_msgs/msg/TimeReference.js
Symlinking /Users/vincent/ROS/ws_panda/pick_and_place/ROS/devel/share/gennodejs/ros/sensor_msgs/msg/PointCloud.js
Symlinking /Users/vincent/ROS/ws_panda/pick_and_place/ROS/devel/share/gennodejs/ros/sensor_msgs/msg/Joy.js
Symlinking /Users/vincent/ROS/ws_panda/pick_and_place/ROS/devel/share/gennodejs/ros/sensor_msgs/srv/_index.js
Symlinking /Users/vincent/ROS/ws_panda/pick_and_place/ROS/devel/share/gennodejs/ros/sensor_msgs/srv/SetCameraInfo.js
