[  0%] Built target moveit_msgs_generate_messages_py
[  0%] Built target geometry_msgs_generate_messages_py
[  0%] Built target std_msgs_generate_messages_py
[  0%] Built target sensor_msgs_generate_messages_py
[  0%] Built target _franka_panda_moveit_generate_messages_check_deps_MoverService
[  0%] Built target geometry_msgs_generate_messages_cpp
[  0%] Built target _franka_panda_moveit_generate_messages_check_deps_ObjectInfo
[  0%] Built target moveit_msgs_generate_messages_cpp
[  0%] Built target std_msgs_generate_messages_cpp
[  0%] Built target _franka_panda_moveit_generate_messages_check_deps_PandaMoveitJoints
[  0%] Built target _franka_panda_moveit_generate_messages_check_deps_PandaTrajectory
[  0%] Built target moveit_msgs_generate_messages_eus
[  0%] Built target std_msgs_generate_messages_eus
[  0%] Built target sensor_msgs_generate_messages_cpp
[  0%] Built target geometry_msgs_generate_messages_eus
[  0%] Built target geometry_msgs_generate_messages_lisp
[  0%] Built target std_msgs_generate_messages_lisp
[  0%] Built target _franka_panda_moveit_generate_messages_check_deps_Follower
[  0%] Built target sensor_msgs_generate_messages_eus
[  0%] Built target moveit_msgs_generate_messages_lisp
[  0%] Built target sensor_msgs_generate_messages_lisp
[  0%] Built target std_msgs_generate_messages_nodejs
[  0%] Built target geometry_msgs_generate_messages_nodejs
[  0%] Built target moveit_msgs_generate_messages_nodejs
[  0%] Built target sensor_msgs_generate_messages_nodejs
[  3%] [34m[1mGenerating Python code from SRV franka_panda_moveit/Follower[0m
[ 10%] [34m[1mGenerating C++ code from franka_panda_moveit/Follower.srv[0m
[ 10%] [34m[1mGenerating Python code from SRV franka_panda_moveit/MoverService[0m
[ 14%] [34m[1mGenerating C++ code from franka_panda_moveit/MoverService.srv[0m
[ 21%] [34m[1mGenerating EusLisp code from franka_panda_moveit/MoverService.srv[0m
[ 21%] [34m[1mGenerating EusLisp code from franka_panda_moveit/Follower.srv[0m
[ 25%] [34m[1mGenerating Lisp code from franka_panda_moveit/Follower.srv[0m
[ 28%] [34m[1mGenerating Javascript code from franka_panda_moveit/Follower.srv[0m
[ 35%] [34m[1mGenerating Lisp code from franka_panda_moveit/MoverService.srv[0m
[ 35%] [34m[1mGenerating Javascript code from franka_panda_moveit/MoverService.srv[0m
[ 50%] Built target franka_panda_moveit_generate_messages_eus
[ 60%] Built target franka_panda_moveit_generate_messages_cpp
[ 67%] [34m[1mGenerating Python srv __init__.py for franka_panda_moveit[0m
[ 71%] [34m[1mGenerating Python msg __init__.py for franka_panda_moveit[0m
[ 78%] Built target franka_panda_moveit_generate_messages_lisp
[ 89%] Built target franka_panda_moveit_generate_messages_nodejs
[100%] Built target franka_panda_moveit_generate_messages_py
[100%] Built target franka_panda_moveit_generate_messages
