[  0%] Built target std_msgs_generate_messages_py
[  0%] Built target sensor_msgs_generate_messages_py
[  0%] Built target geometry_msgs_generate_messages_py
[  0%] Built target moveit_msgs_generate_messages_py
[  0%] Built target _franka_panda_moveit_generate_messages_check_deps_ObjectInfo
[  0%] Built target geometry_msgs_generate_messages_cpp
[  0%] Built target _franka_panda_moveit_generate_messages_check_deps_MoverService
[  0%] Built target std_msgs_generate_messages_cpp
[  0%] Built target _franka_panda_moveit_generate_messages_check_deps_PandaMoveitJoints
[  0%] Built target _franka_panda_moveit_generate_messages_check_deps_PandaMoveitOffset
[  0%] Built target _franka_panda_moveit_generate_messages_check_deps_PandaTrajectory
[  0%] Built target moveit_msgs_generate_messages_cpp
[  0%] Built target sensor_msgs_generate_messages_cpp
[  0%] Built target std_msgs_generate_messages_eus
[  0%] Built target _franka_panda_moveit_generate_messages_check_deps_FollowerService
[  0%] Built target moveit_msgs_generate_messages_eus
[  0%] Built target geometry_msgs_generate_messages_eus
[  0%] Built target sensor_msgs_generate_messages_eus
[  0%] Built target std_msgs_generate_messages_lisp
[  0%] Built target moveit_msgs_generate_messages_lisp
[  0%] Built target sensor_msgs_generate_messages_lisp
[  0%] Built target geometry_msgs_generate_messages_lisp
[  0%] Built target sensor_msgs_generate_messages_nodejs
[  0%] Built target std_msgs_generate_messages_nodejs
[  0%] Built target geometry_msgs_generate_messages_nodejs
[  0%] Built target moveit_msgs_generate_messages_nodejs
[ 16%] Built target franka_panda_moveit_generate_messages_cpp
[ 32%] Built target franka_panda_moveit_generate_messages_lisp
[ 54%] Built target franka_panda_moveit_generate_messages_py
[ 72%] Built target franka_panda_moveit_generate_messages_eus
[ 89%] Built target franka_panda_moveit_generate_messages_nodejs
[ 91%] [32mBuilding CXX object CMakeFiles/test_node.dir/scripts/test_cpp.cpp.o[0m
[ 97%] Built target franka_panda_moveit_node
[ 97%] Built target franka_panda_moveit_generate_messages
[100%] [32m[1mLinking CXX executable /Users/vincent/ROS/ws_panda/pick_and_place/ROS/devel/.private/franka_panda_moveit/lib/franka_panda_moveit/test_node[0m
[100%] Built target test_node
