[  0%] Built target moveit_msgs_generate_messages_py
[  0%] Built target std_msgs_generate_messages_py
[  0%] Built target geometry_msgs_generate_messages_py
[  0%] Built target sensor_msgs_generate_messages_py
[  0%] Built target moveit_msgs_generate_messages_cpp
[  0%] Built target _franka_panda_moveit_generate_messages_check_deps_ObjectInfo
[  0%] Built target _franka_panda_moveit_generate_messages_check_deps_MoverService
[  0%] Built target _franka_panda_moveit_generate_messages_check_deps_PandaTrajectory
[  0%] Built target _franka_panda_moveit_generate_messages_check_deps_PandaMoveitJoints
[  0%] Built target sensor_msgs_generate_messages_cpp
[  0%] Built target geometry_msgs_generate_messages_cpp
[  0%] Built target std_msgs_generate_messages_cpp
[  0%] Built target moveit_msgs_generate_messages_eus
[  0%] Built target std_msgs_generate_messages_eus
[  0%] Built target geometry_msgs_generate_messages_lisp
[  0%] Built target sensor_msgs_generate_messages_eus
[  0%] Built target std_msgs_generate_messages_lisp
[  0%] Built target moveit_msgs_generate_messages_lisp
[  0%] Built target geometry_msgs_generate_messages_eus
[  0%] Built target sensor_msgs_generate_messages_lisp
[  0%] Built target geometry_msgs_generate_messages_nodejs
[  0%] Built target std_msgs_generate_messages_nodejs
[  0%] Built target sensor_msgs_generate_messages_nodejs
[  0%] Built target moveit_msgs_generate_messages_nodejs
[  4%] [34m[1mGenerating Python from MSG franka_panda_moveit/ObjectInfo[0m
[  8%] [34m[1mGenerating C++ code from franka_panda_moveit/ObjectInfo.msg[0m
[ 13%] [34m[1mGenerating EusLisp code from franka_panda_moveit/ObjectInfo.msg[0m
[ 17%] [34m[1mGenerating Lisp code from franka_panda_moveit/ObjectInfo.msg[0m
[ 21%] [34m[1mGenerating Javascript code from franka_panda_moveit/ObjectInfo.msg[0m
[ 34%] Built target franka_panda_moveit_generate_messages_lisp
[ 60%] Built target franka_panda_moveit_generate_messages_cpp
[ 60%] Built target franka_panda_moveit_generate_messages_nodejs
[ 78%] Built target franka_panda_moveit_generate_messages_eus
[ 86%] [34m[1mGenerating Python srv __init__.py for franka_panda_moveit[0m
[ 86%] [34m[1mGenerating Python msg __init__.py for franka_panda_moveit[0m
[100%] Built target franka_panda_moveit_generate_messages_py
[100%] Built target franka_panda_moveit_generate_messages
