Linked: (/Users/vincent/ROS/ws_panda/pick_and_place/ROS/devel/.private/franka_panda_moveit/include/franka_panda_moveit/PandaMoveitJoints.h, /Users/vincent/ROS/ws_panda/pick_and_place/ROS/devel/include/franka_panda_moveit/PandaMoveitJoints.h)
Linked: (/Users/vincent/ROS/ws_panda/pick_and_place/ROS/devel/.private/franka_panda_moveit/include/franka_panda_moveit/MoverService.h, /Users/vincent/ROS/ws_panda/pick_and_place/ROS/devel/include/franka_panda_moveit/MoverService.h)
Linked: (/Users/vincent/ROS/ws_panda/pick_and_place/ROS/devel/.private/franka_panda_moveit/include/franka_panda_moveit/MoverServiceRequest.h, /Users/vincent/ROS/ws_panda/pick_and_place/ROS/devel/include/franka_panda_moveit/MoverServiceRequest.h)
Linked: (/Users/vincent/ROS/ws_panda/pick_and_place/ROS/devel/.private/franka_panda_moveit/include/franka_panda_moveit/ObjectInfo.h, /Users/vincent/ROS/ws_panda/pick_and_place/ROS/devel/include/franka_panda_moveit/ObjectInfo.h)
Linked: (/Users/vincent/ROS/ws_panda/pick_and_place/ROS/devel/.private/franka_panda_moveit/include/franka_panda_moveit/FollowerServiceResponse.h, /Users/vincent/ROS/ws_panda/pick_and_place/ROS/devel/include/franka_panda_moveit/FollowerServiceResponse.h)
Linked: (/Users/vincent/ROS/ws_panda/pick_and_place/ROS/devel/.private/franka_panda_moveit/include/franka_panda_moveit/FollowerService.h, /Users/vincent/ROS/ws_panda/pick_and_place/ROS/devel/include/franka_panda_moveit/FollowerService.h)
Linked: (/Users/vincent/ROS/ws_panda/pick_and_place/ROS/devel/.private/franka_panda_moveit/include/franka_panda_moveit/FollowerServiceRequest.h, /Users/vincent/ROS/ws_panda/pick_and_place/ROS/devel/include/franka_panda_moveit/FollowerServiceRequest.h)
Linked: (/Users/vincent/ROS/ws_panda/pick_and_place/ROS/devel/.private/franka_panda_moveit/include/franka_panda_moveit/PandaTrajectory.h, /Users/vincent/ROS/ws_panda/pick_and_place/ROS/devel/include/franka_panda_moveit/PandaTrajectory.h)
Linked: (/Users/vincent/ROS/ws_panda/pick_and_place/ROS/devel/.private/franka_panda_moveit/include/franka_panda_moveit/MoverServiceResponse.h, /Users/vincent/ROS/ws_panda/pick_and_place/ROS/devel/include/franka_panda_moveit/MoverServiceResponse.h)
Linked: (/Users/vincent/ROS/ws_panda/pick_and_place/ROS/devel/.private/franka_panda_moveit/lib/franka_panda_moveit/mover.py, /Users/vincent/ROS/ws_panda/pick_and_place/ROS/devel/lib/franka_panda_moveit/mover.py)
Linked: (/Users/vincent/ROS/ws_panda/pick_and_place/ROS/devel/.private/franka_panda_moveit/lib/franka_panda_moveit/trajectory_subscriber.py, /Users/vincent/ROS/ws_panda/pick_and_place/ROS/devel/lib/franka_panda_moveit/trajectory_subscriber.py)
Linked: (/Users/vincent/ROS/ws_panda/pick_and_place/ROS/devel/.private/franka_panda_moveit/lib/franka_panda_moveit/follower.py, /Users/vincent/ROS/ws_panda/pick_and_place/ROS/devel/lib/franka_panda_moveit/follower.py)
Linked: (/Users/vincent/ROS/ws_panda/pick_and_place/ROS/devel/.private/franka_panda_moveit/lib/franka_panda_moveit/collision_detector.py, /Users/vincent/ROS/ws_panda/pick_and_place/ROS/devel/lib/franka_panda_moveit/collision_detector.py)
Symlinking /Users/vincent/ROS/ws_panda/pick_and_place/ROS/devel/lib/franka_panda_moveit/direct_kinematics.py
Linked: (/Users/vincent/ROS/ws_panda/pick_and_place/ROS/devel/.private/franka_panda_moveit/lib/franka_panda_moveit/cmake.lock, /Users/vincent/ROS/ws_panda/pick_and_place/ROS/devel/lib/franka_panda_moveit/cmake.lock)
Linked: (/Users/vincent/ROS/ws_panda/pick_and_place/ROS/devel/.private/franka_panda_moveit/lib/pkgconfig/franka_panda_moveit.pc, /Users/vincent/ROS/ws_panda/pick_and_place/ROS/devel/lib/pkgconfig/franka_panda_moveit.pc)
Linked: (/Users/vincent/ROS/ws_panda/pick_and_place/ROS/devel/.private/franka_panda_moveit/lib/python3.11/site-packages/franka_panda_moveit/__init__.py, /Users/vincent/ROS/ws_panda/pick_and_place/ROS/devel/lib/python3.11/site-packages/franka_panda_moveit/__init__.py)
Linked: (/Users/vincent/ROS/ws_panda/pick_and_place/ROS/devel/.private/franka_panda_moveit/lib/python3.11/site-packages/franka_panda_moveit/msg/__init__.py, /Users/vincent/ROS/ws_panda/pick_and_place/ROS/devel/lib/python3.11/site-packages/franka_panda_moveit/msg/__init__.py)
Linked: (/Users/vincent/ROS/ws_panda/pick_and_place/ROS/devel/.private/franka_panda_moveit/lib/python3.11/site-packages/franka_panda_moveit/msg/_PandaMoveitJoints.py, /Users/vincent/ROS/ws_panda/pick_and_place/ROS/devel/lib/python3.11/site-packages/franka_panda_moveit/msg/_PandaMoveitJoints.py)
Linked: (/Users/vincent/ROS/ws_panda/pick_and_place/ROS/devel/.private/franka_panda_moveit/lib/python3.11/site-packages/franka_panda_moveit/msg/_PandaTrajectory.py, /Users/vincent/ROS/ws_panda/pick_and_place/ROS/devel/lib/python3.11/site-packages/franka_panda_moveit/msg/_PandaTrajectory.py)
Linked: (/Users/vincent/ROS/ws_panda/pick_and_place/ROS/devel/.private/franka_panda_moveit/lib/python3.11/site-packages/franka_panda_moveit/msg/_ObjectInfo.py, /Users/vincent/ROS/ws_panda/pick_and_place/ROS/devel/lib/python3.11/site-packages/franka_panda_moveit/msg/_ObjectInfo.py)
Linked: (/Users/vincent/ROS/ws_panda/pick_and_place/ROS/devel/.private/franka_panda_moveit/lib/python3.11/site-packages/franka_panda_moveit/srv/_FollowerService.py, /Users/vincent/ROS/ws_panda/pick_and_place/ROS/devel/lib/python3.11/site-packages/franka_panda_moveit/srv/_FollowerService.py)
Linked: (/Users/vincent/ROS/ws_panda/pick_and_place/ROS/devel/.private/franka_panda_moveit/lib/python3.11/site-packages/franka_panda_moveit/srv/__init__.py, /Users/vincent/ROS/ws_panda/pick_and_place/ROS/devel/lib/python3.11/site-packages/franka_panda_moveit/srv/__init__.py)
Linked: (/Users/vincent/ROS/ws_panda/pick_and_place/ROS/devel/.private/franka_panda_moveit/lib/python3.11/site-packages/franka_panda_moveit/srv/_MoverService.py, /Users/vincent/ROS/ws_panda/pick_and_place/ROS/devel/lib/python3.11/site-packages/franka_panda_moveit/srv/_MoverService.py)
Linked: (/Users/vincent/ROS/ws_panda/pick_and_place/ROS/devel/.private/franka_panda_moveit/share/franka_panda_moveit/cmake/franka_panda_moveit-msg-extras.cmake, /Users/vincent/ROS/ws_panda/pick_and_place/ROS/devel/share/franka_panda_moveit/cmake/franka_panda_moveit-msg-extras.cmake)
Linked: (/Users/vincent/ROS/ws_panda/pick_and_place/ROS/devel/.private/franka_panda_moveit/share/franka_panda_moveit/cmake/franka_panda_moveitConfig.cmake, /Users/vincent/ROS/ws_panda/pick_and_place/ROS/devel/share/franka_panda_moveit/cmake/franka_panda_moveitConfig.cmake)
Linked: (/Users/vincent/ROS/ws_panda/pick_and_place/ROS/devel/.private/franka_panda_moveit/share/franka_panda_moveit/cmake/franka_panda_moveit-msg-paths.cmake, /Users/vincent/ROS/ws_panda/pick_and_place/ROS/devel/share/franka_panda_moveit/cmake/franka_panda_moveit-msg-paths.cmake)
Linked: (/Users/vincent/ROS/ws_panda/pick_and_place/ROS/devel/.private/franka_panda_moveit/share/franka_panda_moveit/cmake/franka_panda_moveitConfig-version.cmake, /Users/vincent/ROS/ws_panda/pick_and_place/ROS/devel/share/franka_panda_moveit/cmake/franka_panda_moveitConfig-version.cmake)
Linked: (/Users/vincent/ROS/ws_panda/pick_and_place/ROS/devel/.private/franka_panda_moveit/share/roseus/ros/franka_panda_moveit/manifest.l, /Users/vincent/ROS/ws_panda/pick_and_place/ROS/devel/share/roseus/ros/franka_panda_moveit/manifest.l)
Linked: (/Users/vincent/ROS/ws_panda/pick_and_place/ROS/devel/.private/franka_panda_moveit/share/roseus/ros/franka_panda_moveit/msg/PandaTrajectory.l, /Users/vincent/ROS/ws_panda/pick_and_place/ROS/devel/share/roseus/ros/franka_panda_moveit/msg/PandaTrajectory.l)
Linked: (/Users/vincent/ROS/ws_panda/pick_and_place/ROS/devel/.private/franka_panda_moveit/share/roseus/ros/franka_panda_moveit/msg/PandaMoveitJoints.l, /Users/vincent/ROS/ws_panda/pick_and_place/ROS/devel/share/roseus/ros/franka_panda_moveit/msg/PandaMoveitJoints.l)
Linked: (/Users/vincent/ROS/ws_panda/pick_and_place/ROS/devel/.private/franka_panda_moveit/share/roseus/ros/franka_panda_moveit/msg/ObjectInfo.l, /Users/vincent/ROS/ws_panda/pick_and_place/ROS/devel/share/roseus/ros/franka_panda_moveit/msg/ObjectInfo.l)
Linked: (/Users/vincent/ROS/ws_panda/pick_and_place/ROS/devel/.private/franka_panda_moveit/share/roseus/ros/franka_panda_moveit/srv/FollowerService.l, /Users/vincent/ROS/ws_panda/pick_and_place/ROS/devel/share/roseus/ros/franka_panda_moveit/srv/FollowerService.l)
Linked: (/Users/vincent/ROS/ws_panda/pick_and_place/ROS/devel/.private/franka_panda_moveit/share/roseus/ros/franka_panda_moveit/srv/MoverService.l, /Users/vincent/ROS/ws_panda/pick_and_place/ROS/devel/share/roseus/ros/franka_panda_moveit/srv/MoverService.l)
Linked: (/Users/vincent/ROS/ws_panda/pick_and_place/ROS/devel/.private/franka_panda_moveit/share/common-lisp/ros/franka_panda_moveit/msg/franka_panda_moveit-msg.asd, /Users/vincent/ROS/ws_panda/pick_and_place/ROS/devel/share/common-lisp/ros/franka_panda_moveit/msg/franka_panda_moveit-msg.asd)
Linked: (/Users/vincent/ROS/ws_panda/pick_and_place/ROS/devel/.private/franka_panda_moveit/share/common-lisp/ros/franka_panda_moveit/msg/PandaTrajectory.lisp, /Users/vincent/ROS/ws_panda/pick_and_place/ROS/devel/share/common-lisp/ros/franka_panda_moveit/msg/PandaTrajectory.lisp)
Linked: (/Users/vincent/ROS/ws_panda/pick_and_place/ROS/devel/.private/franka_panda_moveit/share/common-lisp/ros/franka_panda_moveit/msg/_package_PandaTrajectory.lisp, /Users/vincent/ROS/ws_panda/pick_and_place/ROS/devel/share/common-lisp/ros/franka_panda_moveit/msg/_package_PandaTrajectory.lisp)
Linked: (/Users/vincent/ROS/ws_panda/pick_and_place/ROS/devel/.private/franka_panda_moveit/share/common-lisp/ros/franka_panda_moveit/msg/_package.lisp, /Users/vincent/ROS/ws_panda/pick_and_place/ROS/devel/share/common-lisp/ros/franka_panda_moveit/msg/_package.lisp)
Linked: (/Users/vincent/ROS/ws_panda/pick_and_place/ROS/devel/.private/franka_panda_moveit/share/common-lisp/ros/franka_panda_moveit/msg/PandaMoveitJoints.lisp, /Users/vincent/ROS/ws_panda/pick_and_place/ROS/devel/share/common-lisp/ros/franka_panda_moveit/msg/PandaMoveitJoints.lisp)
Linked: (/Users/vincent/ROS/ws_panda/pick_and_place/ROS/devel/.private/franka_panda_moveit/share/common-lisp/ros/franka_panda_moveit/msg/ObjectInfo.lisp, /Users/vincent/ROS/ws_panda/pick_and_place/ROS/devel/share/common-lisp/ros/franka_panda_moveit/msg/ObjectInfo.lisp)
Linked: (/Users/vincent/ROS/ws_panda/pick_and_place/ROS/devel/.private/franka_panda_moveit/share/common-lisp/ros/franka_panda_moveit/msg/_package_PandaMoveitJoints.lisp, /Users/vincent/ROS/ws_panda/pick_and_place/ROS/devel/share/common-lisp/ros/franka_panda_moveit/msg/_package_PandaMoveitJoints.lisp)
Linked: (/Users/vincent/ROS/ws_panda/pick_and_place/ROS/devel/.private/franka_panda_moveit/share/common-lisp/ros/franka_panda_moveit/msg/_package_ObjectInfo.lisp, /Users/vincent/ROS/ws_panda/pick_and_place/ROS/devel/share/common-lisp/ros/franka_panda_moveit/msg/_package_ObjectInfo.lisp)
Linked: (/Users/vincent/ROS/ws_panda/pick_and_place/ROS/devel/.private/franka_panda_moveit/share/common-lisp/ros/franka_panda_moveit/srv/franka_panda_moveit-srv.asd, /Users/vincent/ROS/ws_panda/pick_and_place/ROS/devel/share/common-lisp/ros/franka_panda_moveit/srv/franka_panda_moveit-srv.asd)
Linked: (/Users/vincent/ROS/ws_panda/pick_and_place/ROS/devel/.private/franka_panda_moveit/share/common-lisp/ros/franka_panda_moveit/srv/_package.lisp, /Users/vincent/ROS/ws_panda/pick_and_place/ROS/devel/share/common-lisp/ros/franka_panda_moveit/srv/_package.lisp)
Linked: (/Users/vincent/ROS/ws_panda/pick_and_place/ROS/devel/.private/franka_panda_moveit/share/common-lisp/ros/franka_panda_moveit/srv/_package_MoverService.lisp, /Users/vincent/ROS/ws_panda/pick_and_place/ROS/devel/share/common-lisp/ros/franka_panda_moveit/srv/_package_MoverService.lisp)
Linked: (/Users/vincent/ROS/ws_panda/pick_and_place/ROS/devel/.private/franka_panda_moveit/share/common-lisp/ros/franka_panda_moveit/srv/FollowerService.lisp, /Users/vincent/ROS/ws_panda/pick_and_place/ROS/devel/share/common-lisp/ros/franka_panda_moveit/srv/FollowerService.lisp)
Linked: (/Users/vincent/ROS/ws_panda/pick_and_place/ROS/devel/.private/franka_panda_moveit/share/common-lisp/ros/franka_panda_moveit/srv/MoverService.lisp, /Users/vincent/ROS/ws_panda/pick_and_place/ROS/devel/share/common-lisp/ros/franka_panda_moveit/srv/MoverService.lisp)
Linked: (/Users/vincent/ROS/ws_panda/pick_and_place/ROS/devel/.private/franka_panda_moveit/share/common-lisp/ros/franka_panda_moveit/srv/_package_FollowerService.lisp, /Users/vincent/ROS/ws_panda/pick_and_place/ROS/devel/share/common-lisp/ros/franka_panda_moveit/srv/_package_FollowerService.lisp)
Linked: (/Users/vincent/ROS/ws_panda/pick_and_place/ROS/devel/.private/franka_panda_moveit/share/gennodejs/ros/franka_panda_moveit/_index.js, /Users/vincent/ROS/ws_panda/pick_and_place/ROS/devel/share/gennodejs/ros/franka_panda_moveit/_index.js)
Linked: (/Users/vincent/ROS/ws_panda/pick_and_place/ROS/devel/.private/franka_panda_moveit/share/gennodejs/ros/franka_panda_moveit/msg/_index.js, /Users/vincent/ROS/ws_panda/pick_and_place/ROS/devel/share/gennodejs/ros/franka_panda_moveit/msg/_index.js)
Linked: (/Users/vincent/ROS/ws_panda/pick_and_place/ROS/devel/.private/franka_panda_moveit/share/gennodejs/ros/franka_panda_moveit/msg/PandaMoveitJoints.js, /Users/vincent/ROS/ws_panda/pick_and_place/ROS/devel/share/gennodejs/ros/franka_panda_moveit/msg/PandaMoveitJoints.js)
Linked: (/Users/vincent/ROS/ws_panda/pick_and_place/ROS/devel/.private/franka_panda_moveit/share/gennodejs/ros/franka_panda_moveit/msg/PandaTrajectory.js, /Users/vincent/ROS/ws_panda/pick_and_place/ROS/devel/share/gennodejs/ros/franka_panda_moveit/msg/PandaTrajectory.js)
Linked: (/Users/vincent/ROS/ws_panda/pick_and_place/ROS/devel/.private/franka_panda_moveit/share/gennodejs/ros/franka_panda_moveit/msg/ObjectInfo.js, /Users/vincent/ROS/ws_panda/pick_and_place/ROS/devel/share/gennodejs/ros/franka_panda_moveit/msg/ObjectInfo.js)
Linked: (/Users/vincent/ROS/ws_panda/pick_and_place/ROS/devel/.private/franka_panda_moveit/share/gennodejs/ros/franka_panda_moveit/srv/_index.js, /Users/vincent/ROS/ws_panda/pick_and_place/ROS/devel/share/gennodejs/ros/franka_panda_moveit/srv/_index.js)
Linked: (/Users/vincent/ROS/ws_panda/pick_and_place/ROS/devel/.private/franka_panda_moveit/share/gennodejs/ros/franka_panda_moveit/srv/MoverService.js, /Users/vincent/ROS/ws_panda/pick_and_place/ROS/devel/share/gennodejs/ros/franka_panda_moveit/srv/MoverService.js)
Linked: (/Users/vincent/ROS/ws_panda/pick_and_place/ROS/devel/.private/franka_panda_moveit/share/gennodejs/ros/franka_panda_moveit/srv/FollowerService.js, /Users/vincent/ROS/ws_panda/pick_and_place/ROS/devel/share/gennodejs/ros/franka_panda_moveit/srv/FollowerService.js)
