[  0%] Built target std_msgs_generate_messages_py
[  0%] Built target sensor_msgs_generate_messages_py
[  0%] Built target geometry_msgs_generate_messages_py
[  0%] Built target moveit_msgs_generate_messages_py
[  0%] Built target std_msgs_generate_messages_cpp
[  0%] Built target geometry_msgs_generate_messages_cpp
[  0%] Built target _franka_panda_moveit_generate_messages_check_deps_PandaMoveitJoints
[  0%] Built target _franka_panda_moveit_generate_messages_check_deps_ObjectInfo
[  0%] Built target _franka_panda_moveit_generate_messages_check_deps_MoverService
[  0%] Built target _franka_panda_moveit_generate_messages_check_deps_PandaMoveitOffset
[  0%] Built target moveit_msgs_generate_messages_cpp
[  0%] Built target _franka_panda_moveit_generate_messages_check_deps_PandaTrajectory
[  0%] Built target sensor_msgs_generate_messages_cpp
[  0%] Built target geometry_msgs_generate_messages_eus
[  0%] Built target std_msgs_generate_messages_eus
[  0%] Built target _franka_panda_moveit_generate_messages_check_deps_FollowerService
[  0%] Built target moveit_msgs_generate_messages_eus
[  0%] Built target sensor_msgs_generate_messages_eus
[  0%] Built target std_msgs_generate_messages_lisp
[  0%] Built target geometry_msgs_generate_messages_lisp
[  0%] Built target moveit_msgs_generate_messages_lisp
[  0%] Built target sensor_msgs_generate_messages_lisp
[  0%] Built target std_msgs_generate_messages_nodejs
[  0%] Built target geometry_msgs_generate_messages_nodejs
[  0%] Built target moveit_msgs_generate_messages_nodejs
[  0%] Built target sensor_msgs_generate_messages_nodejs
[ 21%] Built target franka_panda_moveit_generate_messages_py
[ 37%] Built target franka_panda_moveit_generate_messages_cpp
[ 56%] Built target franka_panda_moveit_generate_messages_eus
[ 72%] Built target franka_panda_moveit_generate_messages_lisp
[ 89%] Built target franka_panda_moveit_generate_messages_nodejs
[ 94%] Built target franka_panda_moveit_node
[ 94%] Built target franka_panda_moveit_generate_messages
[ 97%] [32mBuilding CXX object CMakeFiles/test_node.dir/scripts/test_cpp.cpp.o[0m
[1m/Users/vincent/ROS/ws_panda/pick_and_place/ROS/src/franka_panda_moveit/scripts/test_cpp.cpp:97:10: [0m[0;1;31merror: [0m[1mredefinition of 'success'[0m
    bool success = (move_group_interface_arm.plan(plan) == moveit::core::MoveItErrorCode::SUCCESS);
[0;1;32m         ^
[0m[1m/Users/vincent/ROS/ws_panda/pick_and_place/ROS/src/franka_panda_moveit/scripts/test_cpp.cpp:79:10: [0m[0;1;30mnote: [0mprevious definition is here[0m
    bool success = (move_group_interface_arm.plan(plan) == moveit::core::MoveItErrorCode::SUCCESS);
[0;1;32m         ^
[0m1 error generated.
make[2]: *** [CMakeFiles/test_node.dir/build.make:76: CMakeFiles/test_node.dir/scripts/test_cpp.cpp.o] Error 1
make[1]: *** [CMakeFiles/Makefile2:3429: CMakeFiles/test_node.dir/all] Error 2
make: *** [Makefile:146: all] Error 2
