[  0%] Built target geometry_msgs_generate_messages_py
[  0%] Built target std_msgs_generate_messages_py
[  0%] Built target sensor_msgs_generate_messages_py
[  0%] Built target moveit_msgs_generate_messages_py
[  0%] Built target _franka_panda_moveit_generate_messages_check_deps_ObjectInfo
[  0%] Built target _franka_panda_moveit_generate_messages_check_deps_PandaMoveitGrabberDistance
[  0%] Built target _franka_panda_moveit_generate_messages_check_deps_MoverService
[  0%] Built target _franka_panda_moveit_generate_messages_check_deps_PandaMoveitGrabberJoints
[  0%] Built target _franka_panda_moveit_generate_messages_check_deps_PandaMoveitOffset
[  0%] Built target _franka_panda_moveit_generate_messages_check_deps_PandaMoveitJoints
[  0%] Built target std_msgs_generate_messages_cpp
[  0%] Built target _franka_panda_moveit_generate_messages_check_deps_FollowerService
[  0%] Built target _franka_panda_moveit_generate_messages_check_deps_PandaTrajectory
[  0%] Built target geometry_msgs_generate_messages_cpp
[  0%] Built target moveit_msgs_generate_messages_cpp
[  0%] Built target sensor_msgs_generate_messages_cpp
[  0%] Built target std_msgs_generate_messages_eus
[  0%] Built target geometry_msgs_generate_messages_eus
[  0%] Built target _franka_panda_moveit_generate_messages_check_deps_GraberService
[  0%] Built target sensor_msgs_generate_messages_eus
[  0%] Built target std_msgs_generate_messages_lisp
[  0%] Built target moveit_msgs_generate_messages_eus
[  0%] Built target geometry_msgs_generate_messages_lisp
[  0%] Built target moveit_msgs_generate_messages_lisp
[  0%] Built target sensor_msgs_generate_messages_lisp
[  0%] Built target std_msgs_generate_messages_nodejs
[  0%] Built target geometry_msgs_generate_messages_nodejs
[  0%] Built target sensor_msgs_generate_messages_nodejs
[  0%] Built target moveit_msgs_generate_messages_nodejs
[  1%] [34m[1mGenerating Python from MSG franka_panda_moveit/PandaMoveitGrabberDistance[0m
[  3%] [34m[1mGenerating Python from MSG franka_panda_moveit/ObjectInfo[0m
[  5%] [34m[1mGenerating C++ code from franka_panda_moveit/ObjectInfo.msg[0m
[  7%] [34m[1mGenerating EusLisp code from franka_panda_moveit/ObjectInfo.msg[0m
[  9%] [34m[1mGenerating Lisp code from franka_panda_moveit/ObjectInfo.msg[0m
[ 11%] [34m[1mGenerating Javascript code from franka_panda_moveit/ObjectInfo.msg[0m
[ 13%] [32mBuilding CXX object CMakeFiles/franka_panda_moveit_node.dir/scripts/mover.cpp.o[0m
[ 17%] Built target test_node
[ 19%] [34m[1mGenerating Javascript code from franka_panda_moveit/PandaMoveitGrabberDistance.msg[0m
[ 21%] [34m[1mGenerating Lisp code from franka_panda_moveit/PandaMoveitGrabberDistance.msg[0m
[ 23%] [34m[1mGenerating Javascript code from franka_panda_moveit/PandaMoveitGrabberJoints.msg[0m
[ 25%] [34m[1mGenerating C++ code from franka_panda_moveit/PandaMoveitGrabberDistance.msg[0m
[ 26%] [34m[1mGenerating EusLisp code from franka_panda_moveit/PandaMoveitGrabberDistance.msg[0m
[ 28%] [34m[1mGenerating Python from MSG franka_panda_moveit/PandaMoveitGrabberJoints[0m
[ 30%] [34m[1mGenerating Python from MSG franka_panda_moveit/PandaMoveitJoints[0m
[ 32%] [34m[1mGenerating Lisp code from franka_panda_moveit/PandaMoveitGrabberJoints.msg[0m
[ 34%] [34m[1mGenerating Javascript code from franka_panda_moveit/PandaMoveitJoints.msg[0m
[ 36%] [34m[1mGenerating Javascript code from franka_panda_moveit/PandaMoveitOffset.msg[0m
[ 38%] [34m[1mGenerating C++ code from franka_panda_moveit/PandaMoveitGrabberJoints.msg[0m
[ 40%] [34m[1mGenerating EusLisp code from franka_panda_moveit/PandaMoveitGrabberJoints.msg[0m
[ 42%] [34m[1mGenerating C++ code from franka_panda_moveit/PandaMoveitJoints.msg[0m
[ 44%] [34m[1mGenerating Javascript code from franka_panda_moveit/PandaTrajectory.msg[0m
[ 46%] [34m[1mGenerating Lisp code from franka_panda_moveit/PandaMoveitJoints.msg[0m
[ 48%] [34m[1mGenerating Python from MSG franka_panda_moveit/PandaMoveitOffset[0m
[ 50%] [34m[1mGenerating Python from MSG franka_panda_moveit/PandaTrajectory[0m
[ 51%] [34m[1mGenerating C++ code from franka_panda_moveit/PandaMoveitOffset.msg[0m
[ 53%] [34m[1mGenerating Javascript code from franka_panda_moveit/FollowerService.srv[0m
[ 55%] [34m[1mGenerating Lisp code from franka_panda_moveit/PandaMoveitOffset.msg[0m
[ 57%] [34m[1mGenerating EusLisp code from franka_panda_moveit/PandaMoveitJoints.msg[0m
[ 59%] [34m[1mGenerating C++ code from franka_panda_moveit/PandaTrajectory.msg[0m
[ 61%] [34m[1mGenerating Python code from SRV franka_panda_moveit/FollowerService[0m
[ 63%] [34m[1mGenerating C++ code from franka_panda_moveit/FollowerService.srv[0m
[ 65%] [34m[1mGenerating Lisp code from franka_panda_moveit/PandaTrajectory.msg[0m
[ 67%] [34m[1mGenerating Javascript code from franka_panda_moveit/GraberService.srv[0m
[ 69%] [34m[1mGenerating EusLisp code from franka_panda_moveit/PandaMoveitOffset.msg[0m
[ 71%] [34m[1mGenerating Python code from SRV franka_panda_moveit/GraberService[0m
[ 73%] [34m[1mGenerating C++ code from franka_panda_moveit/GraberService.srv[0m
[ 75%] [34m[1mGenerating Lisp code from franka_panda_moveit/FollowerService.srv[0m
[ 76%] [34m[1mGenerating Javascript code from franka_panda_moveit/MoverService.srv[0m
[ 78%] [34m[1mGenerating EusLisp code from franka_panda_moveit/PandaTrajectory.msg[0m
[ 80%] [34m[1mGenerating EusLisp code from franka_panda_moveit/FollowerService.srv[0m
[ 82%] [34m[1mGenerating Python code from SRV franka_panda_moveit/MoverService[0m
[ 82%] Built target franka_panda_moveit_generate_messages_nodejs
[ 86%] [34m[1mGenerating EusLisp code from franka_panda_moveit/GraberService.srv[0m
[ 86%] [34m[1mGenerating C++ code from franka_panda_moveit/MoverService.srv[0m
[ 88%] [34m[1mGenerating Lisp code from franka_panda_moveit/GraberService.srv[0m
[ 90%] [34m[1mGenerating EusLisp code from franka_panda_moveit/MoverService.srv[0m
[ 92%] [34m[1mGenerating Lisp code from franka_panda_moveit/MoverService.srv[0m
[ 94%] [34m[1mGenerating Python msg __init__.py for franka_panda_moveit[0m
[ 96%] [34m[1mGenerating Python srv __init__.py for franka_panda_moveit[0m
[ 96%] Built target franka_panda_moveit_generate_messages_lisp
[ 98%] Built target franka_panda_moveit_generate_messages_eus
[ 98%] Built target franka_panda_moveit_generate_messages_cpp
[ 98%] Built target franka_panda_moveit_generate_messages_py
[ 98%] Built target franka_panda_moveit_generate_messages
[1m/Users/vincent/ROS/ws_panda/pick_and_place/ROS/src/franka_panda_moveit/scripts/mover.cpp:29:89: [0m[0;1;35mwarning: [0m[1m'MoveItErrorCode' is deprecated: Use moveit::core::MoveItErrorCode [-Wdeprecated-declarations][0m
    bool success = (move_group.plan(plan) == moveit::planning_interface::MoveItErrorCode::SUCCESS);
[0;1;32m                                                                                        ^
[0m[1m/Users/vincent/miniconda3/envs/ros_env/include/moveit/move_group_interface/move_group_interface.h:78:25: [0m[0;1;30mnote: [0m'MoveItErrorCode' has been explicitly marked deprecated here[0m
using MoveItErrorCode [[deprecated("Use moveit::core::MoveItErrorCode")]] = moveit::core::MoveItErrorCode;
[0;1;32m                        ^
[0m1 warning generated.
[100%] [32m[1mLinking CXX executable /Users/vincent/ROS/ws_panda/pick_and_place/ROS/devel/.private/franka_panda_moveit/lib/franka_panda_moveit/franka_panda_moveit_node[0m
[100%] Built target franka_panda_moveit_node
