[  0%] Built target sensor_msgs_generate_messages_py
[  0%] Built target std_msgs_generate_messages_py
[  0%] Built target moveit_msgs_generate_messages_py
[  0%] Built target geometry_msgs_generate_messages_py
[  0%] Built target std_msgs_generate_messages_cpp
[  0%] Built target moveit_msgs_generate_messages_cpp
[  0%] Built target geometry_msgs_generate_messages_cpp
[  0%] Built target _franka_panda_moveit_generate_messages_check_deps_MoverService
[  0%] Built target _franka_panda_moveit_generate_messages_check_deps_ObjectInfo
[  0%] Built target _franka_panda_moveit_generate_messages_check_deps_PandaMoveitJoints
[  0%] Built target _franka_panda_moveit_generate_messages_check_deps_PandaTrajectory
[  0%] Built target std_msgs_generate_messages_eus
[  0%] Built target sensor_msgs_generate_messages_cpp
[  0%] Built target moveit_msgs_generate_messages_eus
[  0%] Built target _franka_panda_moveit_generate_messages_check_deps_FollowerService
[  0%] Built target sensor_msgs_generate_messages_eus
[  0%] Built target geometry_msgs_generate_messages_eus
[  0%] Built target std_msgs_generate_messages_lisp
[  0%] Built target geometry_msgs_generate_messages_lisp
[  0%] Built target moveit_msgs_generate_messages_lisp
[  0%] Built target sensor_msgs_generate_messages_lisp
[  0%] Built target sensor_msgs_generate_messages_nodejs
[  0%] Built target std_msgs_generate_messages_nodejs
[  3%] [34m[1mGenerating Python from MSG franka_panda_moveit/ObjectInfo[0m
[  3%] Built target geometry_msgs_generate_messages_nodejs
[  3%] Built target moveit_msgs_generate_messages_nodejs
[  7%] [34m[1mGenerating C++ code from franka_panda_moveit/ObjectInfo.msg[0m
[ 10%] [34m[1mGenerating Python from MSG franka_panda_moveit/PandaMoveitJoints[0m
[ 14%] [34m[1mGenerating Python from MSG franka_panda_moveit/PandaTrajectory[0m
[ 17%] [34m[1mGenerating C++ code from franka_panda_moveit/PandaMoveitJoints.msg[0m
[ 21%] [34m[1mGenerating EusLisp code from franka_panda_moveit/ObjectInfo.msg[0m
[ 25%] [34m[1mGenerating Lisp code from franka_panda_moveit/ObjectInfo.msg[0m
[ 28%] [34m[1mGenerating Javascript code from franka_panda_moveit/ObjectInfo.msg[0m
[ 32%] [34m[1mGenerating C++ code from franka_panda_moveit/PandaTrajectory.msg[0m
[ 35%] [34m[1mGenerating Lisp code from franka_panda_moveit/PandaMoveitJoints.msg[0m
[ 39%] [34m[1mGenerating C++ code from franka_panda_moveit/FollowerService.srv[0m
[ 42%] [34m[1mGenerating Javascript code from franka_panda_moveit/PandaMoveitJoints.msg[0m
[ 46%] [34m[1mGenerating EusLisp code from franka_panda_moveit/PandaMoveitJoints.msg[0m
[ 50%] [34m[1mGenerating Python code from SRV franka_panda_moveit/FollowerService[0m
[ 53%] [34m[1mGenerating EusLisp code from franka_panda_moveit/PandaTrajectory.msg[0m
[ 57%] [34m[1mGenerating Python code from SRV franka_panda_moveit/MoverService[0m
[ 60%] [34m[1mGenerating Javascript code from franka_panda_moveit/PandaTrajectory.msg[0m
[ 64%] [34m[1mGenerating Lisp code from franka_panda_moveit/PandaTrajectory.msg[0m
[ 67%] [34m[1mGenerating C++ code from franka_panda_moveit/MoverService.srv[0m
[ 71%] [34m[1mGenerating EusLisp code from franka_panda_moveit/MoverService.srv[0m
[ 75%] [34m[1mGenerating EusLisp code from franka_panda_moveit/FollowerService.srv[0m
[ 78%] [34m[1mGenerating EusLisp manifest code for franka_panda_moveit[0m
[ 82%] [34m[1mGenerating Javascript code from franka_panda_moveit/FollowerService.srv[0m
[ 85%] [34m[1mGenerating Lisp code from franka_panda_moveit/FollowerService.srv[0m
[ 89%] [34m[1mGenerating Lisp code from franka_panda_moveit/MoverService.srv[0m
[ 92%] [34m[1mGenerating Python msg __init__.py for franka_panda_moveit[0m
[ 92%] Built target franka_panda_moveit_generate_messages_cpp
[ 96%] [34m[1mGenerating Python srv __init__.py for franka_panda_moveit[0m
[100%] [34m[1mGenerating Javascript code from franka_panda_moveit/MoverService.srv[0m
[100%] Built target franka_panda_moveit_generate_messages_lisp
[100%] Built target franka_panda_moveit_generate_messages_nodejs
[100%] Built target franka_panda_moveit_generate_messages_py
[100%] Built target franka_panda_moveit_generate_messages_eus
[100%] Built target franka_panda_moveit_generate_messages
