[  0%] Built target sensor_msgs_generate_messages_py
[  0%] Built target std_msgs_generate_messages_py
[  0%] Built target geometry_msgs_generate_messages_py
[  0%] Built target moveit_msgs_generate_messages_py
[  0%] Built target _franka_panda_moveit_generate_messages_check_deps_PandaMoveitGrabberJoints
[  0%] Built target _franka_panda_moveit_generate_messages_check_deps_MoverService
[  0%] Built target _franka_panda_moveit_generate_messages_check_deps_PandaMoveitGrabberDistance
[  0%] Built target _franka_panda_moveit_generate_messages_check_deps_ObjectInfo
[  0%] Built target std_msgs_generate_messages_cpp
[  0%] Built target _franka_panda_moveit_generate_messages_check_deps_PandaMoveitOffset
[  0%] Built target _franka_panda_moveit_generate_messages_check_deps_PandaMoveitJoints
[  0%] Built target _franka_panda_moveit_generate_messages_check_deps_FollowerService
[  0%] Built target _franka_panda_moveit_generate_messages_check_deps_PandaTrajectory
[  0%] Built target moveit_msgs_generate_messages_cpp
[  0%] Built target geometry_msgs_generate_messages_cpp
[  0%] Built target _franka_panda_moveit_generate_messages_check_deps_GraberService
[  0%] Built target std_msgs_generate_messages_eus
[  0%] Built target sensor_msgs_generate_messages_cpp
[  0%] Built target moveit_msgs_generate_messages_eus
[  0%] Built target geometry_msgs_generate_messages_eus
[  0%] Built target std_msgs_generate_messages_lisp
[  0%] Built target sensor_msgs_generate_messages_eus
[  0%] Built target geometry_msgs_generate_messages_lisp
[  0%] Built target std_msgs_generate_messages_nodejs
[  0%] Built target moveit_msgs_generate_messages_lisp
[  0%] Built target sensor_msgs_generate_messages_lisp
[  0%] Built target geometry_msgs_generate_messages_nodejs
[  0%] Built target sensor_msgs_generate_messages_nodejs
[  0%] Built target moveit_msgs_generate_messages_nodejs
[ 48%] Built target franka_panda_moveit_generate_messages_py
[ 51%] Built target franka_panda_moveit_generate_messages_cpp
[ 57%] Built target franka_panda_moveit_generate_messages_eus
[ 80%] Built target franka_panda_moveit_generate_messages_lisp
[ 92%] Built target franka_panda_moveit_generate_messages_nodejs
[ 96%] Built target test_node
[100%] Built target franka_panda_moveit_node
[100%] Built target franka_panda_moveit_generate_messages
