[  0%] Built target geometry_msgs_generate_messages_py
[  0%] Built target sensor_msgs_generate_messages_py
[  0%] Built target std_msgs_generate_messages_py
[  0%] Built target moveit_msgs_generate_messages_py
[  0%] Built target _franka_panda_moveit_generate_messages_check_deps_PandaMoveitJoints
[  0%] Built target _franka_panda_moveit_generate_messages_check_deps_MoverService
[  0%] Built target _franka_panda_moveit_generate_messages_check_deps_ObjectInfo
[  0%] Built target std_msgs_generate_messages_cpp
[  0%] Built target _franka_panda_moveit_generate_messages_check_deps_PandaMoveitOffset
[  0%] Built target geometry_msgs_generate_messages_cpp
[  0%] Built target moveit_msgs_generate_messages_cpp
[  0%] Built target _franka_panda_moveit_generate_messages_check_deps_PandaTrajectory
[  0%] Built target geometry_msgs_generate_messages_eus
[  0%] Built target moveit_msgs_generate_messages_eus
[  0%] Built target sensor_msgs_generate_messages_cpp
[  0%] Built target _franka_panda_moveit_generate_messages_check_deps_FollowerService
[  0%] Built target std_msgs_generate_messages_eus
[  0%] Built target sensor_msgs_generate_messages_eus
[  0%] Built target std_msgs_generate_messages_lisp
[  0%] Built target sensor_msgs_generate_messages_lisp
[  0%] Built target std_msgs_generate_messages_nodejs
[  0%] Built target moveit_msgs_generate_messages_nodejs
[  0%] Built target moveit_msgs_generate_messages_lisp
[  0%] Built target geometry_msgs_generate_messages_nodejs
[  0%] Built target geometry_msgs_generate_messages_lisp
[  0%] Built target sensor_msgs_generate_messages_nodejs
[ 51%] Built target franka_panda_moveit_generate_messages_eus
[ 56%] Built target franka_panda_moveit_generate_messages_cpp
[ 56%] Built target franka_panda_moveit_generate_messages_py
[ 72%] Built target franka_panda_moveit_generate_messages_lisp
[ 89%] Built target franka_panda_moveit_generate_messages_nodejs
[ 94%] Built target franka_panda_moveit_node
[100%] Built target test_node
[100%] Built target franka_panda_moveit_generate_messages
