Symlinking /Users/vincent/ROS/ws_panda/pick_and_place/ROS/devel/include/moveit_msgs/BoundingVolume.h
Symlinking /Users/vincent/ROS/ws_panda/pick_and_place/ROS/devel/include/moveit_msgs/GetMotionSequence.h
Symlinking /Users/vincent/ROS/ws_panda/pick_and_place/ROS/devel/include/moveit_msgs/PlaceFeedback.h
Symlinking /Users/vincent/ROS/ws_panda/pick_and_place/ROS/devel/include/moveit_msgs/MotionPlanRequest.h
Symlinking /Users/vincent/ROS/ws_panda/pick_and_place/ROS/devel/include/moveit_msgs/GetStateValidityRequest.h
Symlinking /Users/vincent/ROS/ws_panda/pick_and_place/ROS/devel/include/moveit_msgs/UpdatePointcloudOctomapRequest.h
Symlinking /Users/vincent/ROS/ws_panda/pick_and_place/ROS/devel/include/moveit_msgs/ObjectColor.h
Symlinking /Users/vincent/ROS/ws_panda/pick_and_place/ROS/devel/include/moveit_msgs/SetPlannerParamsRequest.h
Symlinking /Users/vincent/ROS/ws_panda/pick_and_place/ROS/devel/include/moveit_msgs/MoveGroupFeedback.h
Symlinking /Users/vincent/ROS/ws_panda/pick_and_place/ROS/devel/include/moveit_msgs/PlaceLocation.h
Symlinking /Users/vincent/ROS/ws_panda/pick_and_place/ROS/devel/include/moveit_msgs/MoveGroupSequenceGoal.h
Symlinking /Users/vincent/ROS/ws_panda/pick_and_place/ROS/devel/include/moveit_msgs/AllowedCollisionMatrix.h
Symlinking /Users/vincent/ROS/ws_panda/pick_and_place/ROS/devel/include/moveit_msgs/GetPositionFK.h
Symlinking /Users/vincent/ROS/ws_panda/pick_and_place/ROS/devel/include/moveit_msgs/MotionPlanResponse.h
Symlinking /Users/vincent/ROS/ws_panda/pick_and_place/ROS/devel/include/moveit_msgs/AllowedCollisionEntry.h
Symlinking /Users/vincent/ROS/ws_panda/pick_and_place/ROS/devel/include/moveit_msgs/LoadMap.h
Symlinking /Users/vincent/ROS/ws_panda/pick_and_place/ROS/devel/include/moveit_msgs/CartesianPoint.h
Symlinking /Users/vincent/ROS/ws_panda/pick_and_place/ROS/devel/include/moveit_msgs/ContactInformation.h
Symlinking /Users/vincent/ROS/ws_panda/pick_and_place/ROS/devel/include/moveit_msgs/ExecuteTrajectoryActionGoal.h
Symlinking /Users/vincent/ROS/ws_panda/pick_and_place/ROS/devel/include/moveit_msgs/UpdatePointcloudOctomapResponse.h
Symlinking /Users/vincent/ROS/ws_panda/pick_and_place/ROS/devel/include/moveit_msgs/MoveGroupActionResult.h
Symlinking /Users/vincent/ROS/ws_panda/pick_and_place/ROS/devel/include/moveit_msgs/GetCartesianPath.h
Symlinking /Users/vincent/ROS/ws_panda/pick_and_place/ROS/devel/include/moveit_msgs/GetCartesianPathResponse.h
Symlinking /Users/vincent/ROS/ws_panda/pick_and_place/ROS/devel/include/moveit_msgs/LinkScale.h
Symlinking /Users/vincent/ROS/ws_panda/pick_and_place/ROS/devel/include/moveit_msgs/MotionPlanDetailedResponse.h
Symlinking /Users/vincent/ROS/ws_panda/pick_and_place/ROS/devel/include/moveit_msgs/GetMotionPlanResponse.h
Symlinking /Users/vincent/ROS/ws_panda/pick_and_place/ROS/devel/include/moveit_msgs/PlaceActionGoal.h
Symlinking /Users/vincent/ROS/ws_panda/pick_and_place/ROS/devel/include/moveit_msgs/ExecuteTrajectoryAction.h
Symlinking /Users/vincent/ROS/ws_panda/pick_and_place/ROS/devel/include/moveit_msgs/GetStateValidity.h
Symlinking /Users/vincent/ROS/ws_panda/pick_and_place/ROS/devel/include/moveit_msgs/GetMotionPlan.h
Symlinking /Users/vincent/ROS/ws_panda/pick_and_place/ROS/devel/include/moveit_msgs/UpdatePointcloudOctomap.h
Symlinking /Users/vincent/ROS/ws_panda/pick_and_place/ROS/devel/include/moveit_msgs/ListRobotStatesInWarehouse.h
Symlinking /Users/vincent/ROS/ws_panda/pick_and_place/ROS/devel/include/moveit_msgs/ApplyPlanningScene.h
Symlinking /Users/vincent/ROS/ws_panda/pick_and_place/ROS/devel/include/moveit_msgs/ExecuteTrajectoryGoal.h
Symlinking /Users/vincent/ROS/ws_panda/pick_and_place/ROS/devel/include/moveit_msgs/ChangeDriftDimensionsResponse.h
Symlinking /Users/vincent/ROS/ws_panda/pick_and_place/ROS/devel/include/moveit_msgs/ApplyPlanningSceneResponse.h
Symlinking /Users/vincent/ROS/ws_panda/pick_and_place/ROS/devel/include/moveit_msgs/PlanningOptions.h
Symlinking /Users/vincent/ROS/ws_panda/pick_and_place/ROS/devel/include/moveit_msgs/SaveRobotStateToWarehouseResponse.h
Symlinking /Users/vincent/ROS/ws_panda/pick_and_place/ROS/devel/include/moveit_msgs/DeleteRobotStateFromWarehouseResponse.h
Symlinking /Users/vincent/ROS/ws_panda/pick_and_place/ROS/devel/include/moveit_msgs/ExecuteTrajectoryResult.h
Symlinking /Users/vincent/ROS/ws_panda/pick_and_place/ROS/devel/include/moveit_msgs/QueryPlannerInterfacesResponse.h
Symlinking /Users/vincent/ROS/ws_panda/pick_and_place/ROS/devel/include/moveit_msgs/PlaceAction.h
Symlinking /Users/vincent/ROS/ws_panda/pick_and_place/ROS/devel/include/moveit_msgs/ExecuteKnownTrajectoryRequest.h
Symlinking /Users/vincent/ROS/ws_panda/pick_and_place/ROS/devel/include/moveit_msgs/ExecuteKnownTrajectory.h
Symlinking /Users/vincent/ROS/ws_panda/pick_and_place/ROS/devel/include/moveit_msgs/SaveRobotStateToWarehouse.h
Symlinking /Users/vincent/ROS/ws_panda/pick_and_place/ROS/devel/include/moveit_msgs/GetPlanningSceneRequest.h
Symlinking /Users/vincent/ROS/ws_panda/pick_and_place/ROS/devel/include/moveit_msgs/Constraints.h
Symlinking /Users/vincent/ROS/ws_panda/pick_and_place/ROS/devel/include/moveit_msgs/MoveGroupSequenceFeedback.h
Symlinking /Users/vincent/ROS/ws_panda/pick_and_place/ROS/devel/include/moveit_msgs/MotionSequenceResponse.h
Symlinking /Users/vincent/ROS/ws_panda/pick_and_place/ROS/devel/include/moveit_msgs/MoveGroupSequenceActionFeedback.h
Symlinking /Users/vincent/ROS/ws_panda/pick_and_place/ROS/devel/include/moveit_msgs/GetCartesianPathRequest.h
Symlinking /Users/vincent/ROS/ws_panda/pick_and_place/ROS/devel/include/moveit_msgs/PlaceActionFeedback.h
Symlinking /Users/vincent/ROS/ws_panda/pick_and_place/ROS/devel/include/moveit_msgs/PositionIKRequest.h
Symlinking /Users/vincent/ROS/ws_panda/pick_and_place/ROS/devel/include/moveit_msgs/ExecuteTrajectoryFeedback.h
Symlinking /Users/vincent/ROS/ws_panda/pick_and_place/ROS/devel/include/moveit_msgs/PlaceResult.h
Symlinking /Users/vincent/ROS/ws_panda/pick_and_place/ROS/devel/include/moveit_msgs/OrientationConstraint.h
Symlinking /Users/vincent/ROS/ws_panda/pick_and_place/ROS/devel/include/moveit_msgs/TrajectoryConstraints.h
Symlinking /Users/vincent/ROS/ws_panda/pick_and_place/ROS/devel/include/moveit_msgs/GetPositionFKRequest.h
Symlinking /Users/vincent/ROS/ws_panda/pick_and_place/ROS/devel/include/moveit_msgs/GraspPlanningRequest.h
Symlinking /Users/vincent/ROS/ws_panda/pick_and_place/ROS/devel/include/moveit_msgs/GraspPlanningResponse.h
Symlinking /Users/vincent/ROS/ws_panda/pick_and_place/ROS/devel/include/moveit_msgs/GetPositionIK.h
Symlinking /Users/vincent/ROS/ws_panda/pick_and_place/ROS/devel/include/moveit_msgs/SaveRobotStateToWarehouseRequest.h
Symlinking /Users/vincent/ROS/ws_panda/pick_and_place/ROS/devel/include/moveit_msgs/CheckIfRobotStateExistsInWarehouse.h
Symlinking /Users/vincent/ROS/ws_panda/pick_and_place/ROS/devel/include/moveit_msgs/MoveGroupSequenceActionResult.h
Symlinking /Users/vincent/ROS/ws_panda/pick_and_place/ROS/devel/include/moveit_msgs/DeleteRobotStateFromWarehouse.h
Symlinking /Users/vincent/ROS/ws_panda/pick_and_place/ROS/devel/include/moveit_msgs/GetMotionSequenceResponse.h
Symlinking /Users/vincent/ROS/ws_panda/pick_and_place/ROS/devel/include/moveit_msgs/MoveItErrorCodes.h
Symlinking /Users/vincent/ROS/ws_panda/pick_and_place/ROS/devel/include/moveit_msgs/LoadMapRequest.h
Symlinking /Users/vincent/ROS/ws_panda/pick_and_place/ROS/devel/include/moveit_msgs/VisibilityConstraint.h
Symlinking /Users/vincent/ROS/ws_panda/pick_and_place/ROS/devel/include/moveit_msgs/ExecuteTrajectoryActionResult.h
Symlinking /Users/vincent/ROS/ws_panda/pick_and_place/ROS/devel/include/moveit_msgs/AttachedCollisionObject.h
Symlinking /Users/vincent/ROS/ws_panda/pick_and_place/ROS/devel/include/moveit_msgs/CostSource.h
Symlinking /Users/vincent/ROS/ws_panda/pick_and_place/ROS/devel/include/moveit_msgs/OrientedBoundingBox.h
Symlinking /Users/vincent/ROS/ws_panda/pick_and_place/ROS/devel/include/moveit_msgs/GetPlannerParamsResponse.h
Symlinking /Users/vincent/ROS/ws_panda/pick_and_place/ROS/devel/include/moveit_msgs/PlaceGoal.h
Symlinking /Users/vincent/ROS/ws_panda/pick_and_place/ROS/devel/include/moveit_msgs/GetPlannerParamsRequest.h
Symlinking /Users/vincent/ROS/ws_panda/pick_and_place/ROS/devel/include/moveit_msgs/GripperTranslation.h
Symlinking /Users/vincent/ROS/ws_panda/pick_and_place/ROS/devel/include/moveit_msgs/RobotState.h
Symlinking /Users/vincent/ROS/ws_panda/pick_and_place/ROS/devel/include/moveit_msgs/MotionSequenceRequest.h
Symlinking /Users/vincent/ROS/ws_panda/pick_and_place/ROS/devel/include/moveit_msgs/SaveMapRequest.h
Symlinking /Users/vincent/ROS/ws_panda/pick_and_place/ROS/devel/include/moveit_msgs/GetRobotStateFromWarehouseResponse.h
Symlinking /Users/vincent/ROS/ws_panda/pick_and_place/ROS/devel/include/moveit_msgs/ListRobotStatesInWarehouseRequest.h
Symlinking /Users/vincent/ROS/ws_panda/pick_and_place/ROS/devel/include/moveit_msgs/ExecuteTrajectoryActionFeedback.h
Symlinking /Users/vincent/ROS/ws_panda/pick_and_place/ROS/devel/include/moveit_msgs/LoadMapResponse.h
Symlinking /Users/vincent/ROS/ws_panda/pick_and_place/ROS/devel/include/moveit_msgs/PickupFeedback.h
Symlinking /Users/vincent/ROS/ws_panda/pick_and_place/ROS/devel/include/moveit_msgs/ChangeControlDimensionsRequest.h
Symlinking /Users/vincent/ROS/ws_panda/pick_and_place/ROS/devel/include/moveit_msgs/CartesianTrajectoryPoint.h
Symlinking /Users/vincent/ROS/ws_panda/pick_and_place/ROS/devel/include/moveit_msgs/LinkPadding.h
Symlinking /Users/vincent/ROS/ws_panda/pick_and_place/ROS/devel/include/moveit_msgs/PlanningSceneWorld.h
Symlinking /Users/vincent/ROS/ws_panda/pick_and_place/ROS/devel/include/moveit_msgs/JointLimits.h
Symlinking /Users/vincent/ROS/ws_panda/pick_and_place/ROS/devel/include/moveit_msgs/GetStateValidityResponse.h
Symlinking /Users/vincent/ROS/ws_panda/pick_and_place/ROS/devel/include/moveit_msgs/CheckIfRobotStateExistsInWarehouseResponse.h
Symlinking /Users/vincent/ROS/ws_panda/pick_and_place/ROS/devel/include/moveit_msgs/WorkspaceParameters.h
Symlinking /Users/vincent/ROS/ws_panda/pick_and_place/ROS/devel/include/moveit_msgs/ChangeDriftDimensions.h
Symlinking /Users/vincent/ROS/ws_panda/pick_and_place/ROS/devel/include/moveit_msgs/PlaceActionResult.h
Symlinking /Users/vincent/ROS/ws_panda/pick_and_place/ROS/devel/include/moveit_msgs/SaveMap.h
Symlinking /Users/vincent/ROS/ws_panda/pick_and_place/ROS/devel/include/moveit_msgs/GetMotionSequenceRequest.h
Symlinking /Users/vincent/ROS/ws_panda/pick_and_place/ROS/devel/include/moveit_msgs/MoveGroupSequenceResult.h
Symlinking /Users/vincent/ROS/ws_panda/pick_and_place/ROS/devel/include/moveit_msgs/GetMotionPlanRequest.h
Symlinking /Users/vincent/ROS/ws_panda/pick_and_place/ROS/devel/include/moveit_msgs/QueryPlannerInterfacesRequest.h
Symlinking /Users/vincent/ROS/ws_panda/pick_and_place/ROS/devel/include/moveit_msgs/RenameRobotStateInWarehouseRequest.h
Symlinking /Users/vincent/ROS/ws_panda/pick_and_place/ROS/devel/include/moveit_msgs/KinematicSolverInfo.h
Symlinking /Users/vincent/ROS/ws_panda/pick_and_place/ROS/devel/include/moveit_msgs/GetPlanningSceneResponse.h
Symlinking /Users/vincent/ROS/ws_panda/pick_and_place/ROS/devel/include/moveit_msgs/ChangeControlDimensionsResponse.h
Symlinking /Users/vincent/ROS/ws_panda/pick_and_place/ROS/devel/include/moveit_msgs/GetPositionIKResponse.h
Symlinking /Users/vincent/ROS/ws_panda/pick_and_place/ROS/devel/include/moveit_msgs/SetPlannerParamsResponse.h
Symlinking /Users/vincent/ROS/ws_panda/pick_and_place/ROS/devel/include/moveit_msgs/ListRobotStatesInWarehouseResponse.h
Symlinking /Users/vincent/ROS/ws_panda/pick_and_place/ROS/devel/include/moveit_msgs/RobotTrajectory.h
Symlinking /Users/vincent/ROS/ws_panda/pick_and_place/ROS/devel/include/moveit_msgs/ApplyPlanningSceneRequest.h
Symlinking /Users/vincent/ROS/ws_panda/pick_and_place/ROS/devel/include/moveit_msgs/Grasp.h
Symlinking /Users/vincent/ROS/ws_panda/pick_and_place/ROS/devel/include/moveit_msgs/CollisionObject.h
Symlinking /Users/vincent/ROS/ws_panda/pick_and_place/ROS/devel/include/moveit_msgs/DisplayRobotState.h
Symlinking /Users/vincent/ROS/ws_panda/pick_and_place/ROS/devel/include/moveit_msgs/MoveGroupActionGoal.h
Symlinking /Users/vincent/ROS/ws_panda/pick_and_place/ROS/devel/include/moveit_msgs/PickupActionResult.h
Symlinking /Users/vincent/ROS/ws_panda/pick_and_place/ROS/devel/include/moveit_msgs/DisplayTrajectory.h
Symlinking /Users/vincent/ROS/ws_panda/pick_and_place/ROS/devel/include/moveit_msgs/PickupGoal.h
Symlinking /Users/vincent/ROS/ws_panda/pick_and_place/ROS/devel/include/moveit_msgs/SaveMapResponse.h
Symlinking /Users/vincent/ROS/ws_panda/pick_and_place/ROS/devel/include/moveit_msgs/MoveGroupSequenceAction.h
Symlinking /Users/vincent/ROS/ws_panda/pick_and_place/ROS/devel/include/moveit_msgs/GetRobotStateFromWarehouseRequest.h
Symlinking /Users/vincent/ROS/ws_panda/pick_and_place/ROS/devel/include/moveit_msgs/ConstraintEvalResult.h
Symlinking /Users/vincent/ROS/ws_panda/pick_and_place/ROS/devel/include/moveit_msgs/GetPlanningScene.h
Symlinking /Users/vincent/ROS/ws_panda/pick_and_place/ROS/devel/include/moveit_msgs/GraspPlanning.h
Symlinking /Users/vincent/ROS/ws_panda/pick_and_place/ROS/devel/include/moveit_msgs/MoveGroupAction.h
Symlinking /Users/vincent/ROS/ws_panda/pick_and_place/ROS/devel/include/moveit_msgs/PlanningSceneComponents.h
Symlinking /Users/vincent/ROS/ws_panda/pick_and_place/ROS/devel/include/moveit_msgs/CartesianTrajectory.h
Symlinking /Users/vincent/ROS/ws_panda/pick_and_place/ROS/devel/include/moveit_msgs/GetRobotStateFromWarehouse.h
Symlinking /Users/vincent/ROS/ws_panda/pick_and_place/ROS/devel/include/moveit_msgs/ChangeControlDimensions.h
Symlinking /Users/vincent/ROS/ws_panda/pick_and_place/ROS/devel/include/moveit_msgs/PositionConstraint.h
Symlinking /Users/vincent/ROS/ws_panda/pick_and_place/ROS/devel/include/moveit_msgs/JointConstraint.h
Symlinking /Users/vincent/ROS/ws_panda/pick_and_place/ROS/devel/include/moveit_msgs/PickupActionGoal.h
Symlinking /Users/vincent/ROS/ws_panda/pick_and_place/ROS/devel/include/moveit_msgs/PlannerParams.h
Symlinking /Users/vincent/ROS/ws_panda/pick_and_place/ROS/devel/include/moveit_msgs/RenameRobotStateInWarehouse.h
Symlinking /Users/vincent/ROS/ws_panda/pick_and_place/ROS/devel/include/moveit_msgs/CheckIfRobotStateExistsInWarehouseRequest.h
Symlinking /Users/vincent/ROS/ws_panda/pick_and_place/ROS/devel/include/moveit_msgs/MoveGroupResult.h
Symlinking /Users/vincent/ROS/ws_panda/pick_and_place/ROS/devel/include/moveit_msgs/PickupActionFeedback.h
Symlinking /Users/vincent/ROS/ws_panda/pick_and_place/ROS/devel/include/moveit_msgs/ExecuteKnownTrajectoryResponse.h
Symlinking /Users/vincent/ROS/ws_panda/pick_and_place/ROS/devel/include/moveit_msgs/PickupAction.h
Symlinking /Users/vincent/ROS/ws_panda/pick_and_place/ROS/devel/include/moveit_msgs/GenericTrajectory.h
Symlinking /Users/vincent/ROS/ws_panda/pick_and_place/ROS/devel/include/moveit_msgs/GetPlannerParams.h
Symlinking /Users/vincent/ROS/ws_panda/pick_and_place/ROS/devel/include/moveit_msgs/PlannerInterfaceDescription.h
Symlinking /Users/vincent/ROS/ws_panda/pick_and_place/ROS/devel/include/moveit_msgs/SetPlannerParams.h
Symlinking /Users/vincent/ROS/ws_panda/pick_and_place/ROS/devel/include/moveit_msgs/MoveGroupActionFeedback.h
Symlinking /Users/vincent/ROS/ws_panda/pick_and_place/ROS/devel/include/moveit_msgs/ChangeDriftDimensionsRequest.h
Symlinking /Users/vincent/ROS/ws_panda/pick_and_place/ROS/devel/include/moveit_msgs/DeleteRobotStateFromWarehouseRequest.h
Symlinking /Users/vincent/ROS/ws_panda/pick_and_place/ROS/devel/include/moveit_msgs/MoveGroupGoal.h
Symlinking /Users/vincent/ROS/ws_panda/pick_and_place/ROS/devel/include/moveit_msgs/GetPositionFKResponse.h
Symlinking /Users/vincent/ROS/ws_panda/pick_and_place/ROS/devel/include/moveit_msgs/RenameRobotStateInWarehouseResponse.h
Symlinking /Users/vincent/ROS/ws_panda/pick_and_place/ROS/devel/include/moveit_msgs/QueryPlannerInterfaces.h
Symlinking /Users/vincent/ROS/ws_panda/pick_and_place/ROS/devel/include/moveit_msgs/PickupResult.h
Symlinking /Users/vincent/ROS/ws_panda/pick_and_place/ROS/devel/include/moveit_msgs/GetPositionIKRequest.h
Symlinking /Users/vincent/ROS/ws_panda/pick_and_place/ROS/devel/include/moveit_msgs/MotionSequenceItem.h
Symlinking /Users/vincent/ROS/ws_panda/pick_and_place/ROS/devel/include/moveit_msgs/PlanningScene.h
Symlinking /Users/vincent/ROS/ws_panda/pick_and_place/ROS/devel/include/moveit_msgs/MoveGroupSequenceActionGoal.h
Symlinking /Users/vincent/ROS/ws_panda/pick_and_place/ROS/devel/lib/pkgconfig/moveit_msgs.pc
Symlinking /Users/vincent/ROS/ws_panda/pick_and_place/ROS/devel/lib/python3.11/site-packages/moveit_msgs/__init__.py
Symlinking /Users/vincent/ROS/ws_panda/pick_and_place/ROS/devel/lib/python3.11/site-packages/moveit_msgs/msg/_MoveGroupAction.py
Symlinking /Users/vincent/ROS/ws_panda/pick_and_place/ROS/devel/lib/python3.11/site-packages/moveit_msgs/msg/_MoveItErrorCodes.py
Symlinking /Users/vincent/ROS/ws_panda/pick_and_place/ROS/devel/lib/python3.11/site-packages/moveit_msgs/msg/_PickupActionResult.py
Symlinking /Users/vincent/ROS/ws_panda/pick_and_place/ROS/devel/lib/python3.11/site-packages/moveit_msgs/msg/_ExecuteTrajectoryAction.py
Symlinking /Users/vincent/ROS/ws_panda/pick_and_place/ROS/devel/lib/python3.11/site-packages/moveit_msgs/msg/_PickupFeedback.py
Symlinking /Users/vincent/ROS/ws_panda/pick_and_place/ROS/devel/lib/python3.11/site-packages/moveit_msgs/msg/_PlaceActionFeedback.py
Symlinking /Users/vincent/ROS/ws_panda/pick_and_place/ROS/devel/lib/python3.11/site-packages/moveit_msgs/msg/_MoveGroupActionResult.py
Symlinking /Users/vincent/ROS/ws_panda/pick_and_place/ROS/devel/lib/python3.11/site-packages/moveit_msgs/msg/_MoveGroupSequenceResult.py
Symlinking /Users/vincent/ROS/ws_panda/pick_and_place/ROS/devel/lib/python3.11/site-packages/moveit_msgs/msg/_BoundingVolume.py
Symlinking /Users/vincent/ROS/ws_panda/pick_and_place/ROS/devel/lib/python3.11/site-packages/moveit_msgs/msg/_PlaceLocation.py
Symlinking /Users/vincent/ROS/ws_panda/pick_and_place/ROS/devel/lib/python3.11/site-packages/moveit_msgs/msg/_LinkScale.py
Symlinking /Users/vincent/ROS/ws_panda/pick_and_place/ROS/devel/lib/python3.11/site-packages/moveit_msgs/msg/_ExecuteTrajectoryActionGoal.py
Symlinking /Users/vincent/ROS/ws_panda/pick_and_place/ROS/devel/lib/python3.11/site-packages/moveit_msgs/msg/_LinkPadding.py
Symlinking /Users/vincent/ROS/ws_panda/pick_and_place/ROS/devel/lib/python3.11/site-packages/moveit_msgs/msg/_Grasp.py
Symlinking /Users/vincent/ROS/ws_panda/pick_and_place/ROS/devel/lib/python3.11/site-packages/moveit_msgs/msg/_MotionPlanDetailedResponse.py
Symlinking /Users/vincent/ROS/ws_panda/pick_and_place/ROS/devel/lib/python3.11/site-packages/moveit_msgs/msg/_PickupActionGoal.py
Symlinking /Users/vincent/ROS/ws_panda/pick_and_place/ROS/devel/lib/python3.11/site-packages/moveit_msgs/msg/_PositionConstraint.py
Symlinking /Users/vincent/ROS/ws_panda/pick_and_place/ROS/devel/lib/python3.11/site-packages/moveit_msgs/msg/_MotionSequenceResponse.py
Symlinking /Users/vincent/ROS/ws_panda/pick_and_place/ROS/devel/lib/python3.11/site-packages/moveit_msgs/msg/_PlannerInterfaceDescription.py
Symlinking /Users/vincent/ROS/ws_panda/pick_and_place/ROS/devel/lib/python3.11/site-packages/moveit_msgs/msg/_PickupActionFeedback.py
Symlinking /Users/vincent/ROS/ws_panda/pick_and_place/ROS/devel/lib/python3.11/site-packages/moveit_msgs/msg/_MoveGroupFeedback.py
Symlinking /Users/vincent/ROS/ws_panda/pick_and_place/ROS/devel/lib/python3.11/site-packages/moveit_msgs/msg/_CartesianTrajectoryPoint.py
Symlinking /Users/vincent/ROS/ws_panda/pick_and_place/ROS/devel/lib/python3.11/site-packages/moveit_msgs/msg/_PickupGoal.py
Symlinking /Users/vincent/ROS/ws_panda/pick_and_place/ROS/devel/lib/python3.11/site-packages/moveit_msgs/msg/_PlannerParams.py
Symlinking /Users/vincent/ROS/ws_panda/pick_and_place/ROS/devel/lib/python3.11/site-packages/moveit_msgs/msg/_DisplayTrajectory.py
Symlinking /Users/vincent/ROS/ws_panda/pick_and_place/ROS/devel/lib/python3.11/site-packages/moveit_msgs/msg/_MoveGroupActionGoal.py
Symlinking /Users/vincent/ROS/ws_panda/pick_and_place/ROS/devel/lib/python3.11/site-packages/moveit_msgs/msg/_MoveGroupSequenceFeedback.py
Symlinking /Users/vincent/ROS/ws_panda/pick_and_place/ROS/devel/lib/python3.11/site-packages/moveit_msgs/msg/_WorkspaceParameters.py
Symlinking /Users/vincent/ROS/ws_panda/pick_and_place/ROS/devel/lib/python3.11/site-packages/moveit_msgs/msg/_MoveGroupGoal.py
Symlinking /Users/vincent/ROS/ws_panda/pick_and_place/ROS/devel/lib/python3.11/site-packages/moveit_msgs/msg/_CartesianTrajectory.py
Symlinking /Users/vincent/ROS/ws_panda/pick_and_place/ROS/devel/lib/python3.11/site-packages/moveit_msgs/msg/_VisibilityConstraint.py
Symlinking /Users/vincent/ROS/ws_panda/pick_and_place/ROS/devel/lib/python3.11/site-packages/moveit_msgs/msg/_AllowedCollisionEntry.py
Symlinking /Users/vincent/ROS/ws_panda/pick_and_place/ROS/devel/lib/python3.11/site-packages/moveit_msgs/msg/_TrajectoryConstraints.py
Symlinking /Users/vincent/ROS/ws_panda/pick_and_place/ROS/devel/lib/python3.11/site-packages/moveit_msgs/msg/_PlaceResult.py
Symlinking /Users/vincent/ROS/ws_panda/pick_and_place/ROS/devel/lib/python3.11/site-packages/moveit_msgs/msg/_ObjectColor.py
Symlinking /Users/vincent/ROS/ws_panda/pick_and_place/ROS/devel/lib/python3.11/site-packages/moveit_msgs/msg/__init__.py
Symlinking /Users/vincent/ROS/ws_panda/pick_and_place/ROS/devel/lib/python3.11/site-packages/moveit_msgs/msg/_PickupResult.py
Symlinking /Users/vincent/ROS/ws_panda/pick_and_place/ROS/devel/lib/python3.11/site-packages/moveit_msgs/msg/_MoveGroupSequenceActionResult.py
Symlinking /Users/vincent/ROS/ws_panda/pick_and_place/ROS/devel/lib/python3.11/site-packages/moveit_msgs/msg/_MotionPlanRequest.py
Symlinking /Users/vincent/ROS/ws_panda/pick_and_place/ROS/devel/lib/python3.11/site-packages/moveit_msgs/msg/_MoveGroupSequenceGoal.py
Symlinking /Users/vincent/ROS/ws_panda/pick_and_place/ROS/devel/lib/python3.11/site-packages/moveit_msgs/msg/_KinematicSolverInfo.py
Symlinking /Users/vincent/ROS/ws_panda/pick_and_place/ROS/devel/lib/python3.11/site-packages/moveit_msgs/msg/_PlaceActionGoal.py
Symlinking /Users/vincent/ROS/ws_panda/pick_and_place/ROS/devel/lib/python3.11/site-packages/moveit_msgs/msg/_MoveGroupSequenceActionGoal.py
Symlinking /Users/vincent/ROS/ws_panda/pick_and_place/ROS/devel/lib/python3.11/site-packages/moveit_msgs/msg/_MotionSequenceRequest.py
Symlinking /Users/vincent/ROS/ws_panda/pick_and_place/ROS/devel/lib/python3.11/site-packages/moveit_msgs/msg/_PickupAction.py
Symlinking /Users/vincent/ROS/ws_panda/pick_and_place/ROS/devel/lib/python3.11/site-packages/moveit_msgs/msg/_PlanningSceneWorld.py
Symlinking /Users/vincent/ROS/ws_panda/pick_and_place/ROS/devel/lib/python3.11/site-packages/moveit_msgs/msg/_ContactInformation.py
Symlinking /Users/vincent/ROS/ws_panda/pick_and_place/ROS/devel/lib/python3.11/site-packages/moveit_msgs/msg/_MotionSequenceItem.py
Symlinking /Users/vincent/ROS/ws_panda/pick_and_place/ROS/devel/lib/python3.11/site-packages/moveit_msgs/msg/_PlanningScene.py
Symlinking /Users/vincent/ROS/ws_panda/pick_and_place/ROS/devel/lib/python3.11/site-packages/moveit_msgs/msg/_GripperTranslation.py
Symlinking /Users/vincent/ROS/ws_panda/pick_and_place/ROS/devel/lib/python3.11/site-packages/moveit_msgs/msg/_PlaceAction.py
Symlinking /Users/vincent/ROS/ws_panda/pick_and_place/ROS/devel/lib/python3.11/site-packages/moveit_msgs/msg/_JointLimits.py
Symlinking /Users/vincent/ROS/ws_panda/pick_and_place/ROS/devel/lib/python3.11/site-packages/moveit_msgs/msg/_CostSource.py
Symlinking /Users/vincent/ROS/ws_panda/pick_and_place/ROS/devel/lib/python3.11/site-packages/moveit_msgs/msg/_OrientationConstraint.py
Symlinking /Users/vincent/ROS/ws_panda/pick_and_place/ROS/devel/lib/python3.11/site-packages/moveit_msgs/msg/_DisplayRobotState.py
Symlinking /Users/vincent/ROS/ws_panda/pick_and_place/ROS/devel/lib/python3.11/site-packages/moveit_msgs/msg/_PlaceActionResult.py
Symlinking /Users/vincent/ROS/ws_panda/pick_and_place/ROS/devel/lib/python3.11/site-packages/moveit_msgs/msg/_MoveGroupActionFeedback.py
Symlinking /Users/vincent/ROS/ws_panda/pick_and_place/ROS/devel/lib/python3.11/site-packages/moveit_msgs/msg/_CollisionObject.py
Symlinking /Users/vincent/ROS/ws_panda/pick_and_place/ROS/devel/lib/python3.11/site-packages/moveit_msgs/msg/_GenericTrajectory.py
Symlinking /Users/vincent/ROS/ws_panda/pick_and_place/ROS/devel/lib/python3.11/site-packages/moveit_msgs/msg/_AllowedCollisionMatrix.py
Symlinking /Users/vincent/ROS/ws_panda/pick_and_place/ROS/devel/lib/python3.11/site-packages/moveit_msgs/msg/_ExecuteTrajectoryGoal.py
Symlinking /Users/vincent/ROS/ws_panda/pick_and_place/ROS/devel/lib/python3.11/site-packages/moveit_msgs/msg/_MoveGroupSequenceActionFeedback.py
Symlinking /Users/vincent/ROS/ws_panda/pick_and_place/ROS/devel/lib/python3.11/site-packages/moveit_msgs/msg/_PositionIKRequest.py
Symlinking /Users/vincent/ROS/ws_panda/pick_and_place/ROS/devel/lib/python3.11/site-packages/moveit_msgs/msg/_JointConstraint.py
Symlinking /Users/vincent/ROS/ws_panda/pick_and_place/ROS/devel/lib/python3.11/site-packages/moveit_msgs/msg/_Constraints.py
Symlinking /Users/vincent/ROS/ws_panda/pick_and_place/ROS/devel/lib/python3.11/site-packages/moveit_msgs/msg/_OrientedBoundingBox.py
Symlinking /Users/vincent/ROS/ws_panda/pick_and_place/ROS/devel/lib/python3.11/site-packages/moveit_msgs/msg/_PlaceFeedback.py
Symlinking /Users/vincent/ROS/ws_panda/pick_and_place/ROS/devel/lib/python3.11/site-packages/moveit_msgs/msg/_ExecuteTrajectoryActionResult.py
Symlinking /Users/vincent/ROS/ws_panda/pick_and_place/ROS/devel/lib/python3.11/site-packages/moveit_msgs/msg/_PlaceGoal.py
Symlinking /Users/vincent/ROS/ws_panda/pick_and_place/ROS/devel/lib/python3.11/site-packages/moveit_msgs/msg/_PlanningSceneComponents.py
Symlinking /Users/vincent/ROS/ws_panda/pick_and_place/ROS/devel/lib/python3.11/site-packages/moveit_msgs/msg/_MotionPlanResponse.py
Symlinking /Users/vincent/ROS/ws_panda/pick_and_place/ROS/devel/lib/python3.11/site-packages/moveit_msgs/msg/_ExecuteTrajectoryActionFeedback.py
Symlinking /Users/vincent/ROS/ws_panda/pick_and_place/ROS/devel/lib/python3.11/site-packages/moveit_msgs/msg/_CartesianPoint.py
Symlinking /Users/vincent/ROS/ws_panda/pick_and_place/ROS/devel/lib/python3.11/site-packages/moveit_msgs/msg/_MoveGroupSequenceAction.py
Symlinking /Users/vincent/ROS/ws_panda/pick_and_place/ROS/devel/lib/python3.11/site-packages/moveit_msgs/msg/_MoveGroupResult.py
Symlinking /Users/vincent/ROS/ws_panda/pick_and_place/ROS/devel/lib/python3.11/site-packages/moveit_msgs/msg/_RobotTrajectory.py
Symlinking /Users/vincent/ROS/ws_panda/pick_and_place/ROS/devel/lib/python3.11/site-packages/moveit_msgs/msg/_RobotState.py
Symlinking /Users/vincent/ROS/ws_panda/pick_and_place/ROS/devel/lib/python3.11/site-packages/moveit_msgs/msg/_AttachedCollisionObject.py
Symlinking /Users/vincent/ROS/ws_panda/pick_and_place/ROS/devel/lib/python3.11/site-packages/moveit_msgs/msg/_ExecuteTrajectoryFeedback.py
Symlinking /Users/vincent/ROS/ws_panda/pick_and_place/ROS/devel/lib/python3.11/site-packages/moveit_msgs/msg/_ConstraintEvalResult.py
Symlinking /Users/vincent/ROS/ws_panda/pick_and_place/ROS/devel/lib/python3.11/site-packages/moveit_msgs/msg/_ExecuteTrajectoryResult.py
Symlinking /Users/vincent/ROS/ws_panda/pick_and_place/ROS/devel/lib/python3.11/site-packages/moveit_msgs/msg/_PlanningOptions.py
Symlinking /Users/vincent/ROS/ws_panda/pick_and_place/ROS/devel/lib/python3.11/site-packages/moveit_msgs/srv/_QueryPlannerInterfaces.py
Symlinking /Users/vincent/ROS/ws_panda/pick_and_place/ROS/devel/lib/python3.11/site-packages/moveit_msgs/srv/_ChangeDriftDimensions.py
Symlinking /Users/vincent/ROS/ws_panda/pick_and_place/ROS/devel/lib/python3.11/site-packages/moveit_msgs/srv/_LoadMap.py
Symlinking /Users/vincent/ROS/ws_panda/pick_and_place/ROS/devel/lib/python3.11/site-packages/moveit_msgs/srv/_GetPlanningScene.py
Symlinking /Users/vincent/ROS/ws_panda/pick_and_place/ROS/devel/lib/python3.11/site-packages/moveit_msgs/srv/_GetMotionSequence.py
Symlinking /Users/vincent/ROS/ws_panda/pick_and_place/ROS/devel/lib/python3.11/site-packages/moveit_msgs/srv/_GetMotionPlan.py
Symlinking /Users/vincent/ROS/ws_panda/pick_and_place/ROS/devel/lib/python3.11/site-packages/moveit_msgs/srv/_ChangeControlDimensions.py
Symlinking /Users/vincent/ROS/ws_panda/pick_and_place/ROS/devel/lib/python3.11/site-packages/moveit_msgs/srv/_GetPositionFK.py
Symlinking /Users/vincent/ROS/ws_panda/pick_and_place/ROS/devel/lib/python3.11/site-packages/moveit_msgs/srv/_SetPlannerParams.py
Symlinking /Users/vincent/ROS/ws_panda/pick_and_place/ROS/devel/lib/python3.11/site-packages/moveit_msgs/srv/_SaveMap.py
Symlinking /Users/vincent/ROS/ws_panda/pick_and_place/ROS/devel/lib/python3.11/site-packages/moveit_msgs/srv/__init__.py
Symlinking /Users/vincent/ROS/ws_panda/pick_and_place/ROS/devel/lib/python3.11/site-packages/moveit_msgs/srv/_ExecuteKnownTrajectory.py
Symlinking /Users/vincent/ROS/ws_panda/pick_and_place/ROS/devel/lib/python3.11/site-packages/moveit_msgs/srv/_SaveRobotStateToWarehouse.py
Symlinking /Users/vincent/ROS/ws_panda/pick_and_place/ROS/devel/lib/python3.11/site-packages/moveit_msgs/srv/_UpdatePointcloudOctomap.py
Symlinking /Users/vincent/ROS/ws_panda/pick_and_place/ROS/devel/lib/python3.11/site-packages/moveit_msgs/srv/_GetCartesianPath.py
Symlinking /Users/vincent/ROS/ws_panda/pick_and_place/ROS/devel/lib/python3.11/site-packages/moveit_msgs/srv/_GraspPlanning.py
Symlinking /Users/vincent/ROS/ws_panda/pick_and_place/ROS/devel/lib/python3.11/site-packages/moveit_msgs/srv/_GetPositionIK.py
Symlinking /Users/vincent/ROS/ws_panda/pick_and_place/ROS/devel/lib/python3.11/site-packages/moveit_msgs/srv/_CheckIfRobotStateExistsInWarehouse.py
Symlinking /Users/vincent/ROS/ws_panda/pick_and_place/ROS/devel/lib/python3.11/site-packages/moveit_msgs/srv/_GetStateValidity.py
Symlinking /Users/vincent/ROS/ws_panda/pick_and_place/ROS/devel/lib/python3.11/site-packages/moveit_msgs/srv/_GetPlannerParams.py
Symlinking /Users/vincent/ROS/ws_panda/pick_and_place/ROS/devel/lib/python3.11/site-packages/moveit_msgs/srv/_RenameRobotStateInWarehouse.py
Symlinking /Users/vincent/ROS/ws_panda/pick_and_place/ROS/devel/lib/python3.11/site-packages/moveit_msgs/srv/_GetRobotStateFromWarehouse.py
Symlinking /Users/vincent/ROS/ws_panda/pick_and_place/ROS/devel/lib/python3.11/site-packages/moveit_msgs/srv/_ApplyPlanningScene.py
Symlinking /Users/vincent/ROS/ws_panda/pick_and_place/ROS/devel/lib/python3.11/site-packages/moveit_msgs/srv/_DeleteRobotStateFromWarehouse.py
Symlinking /Users/vincent/ROS/ws_panda/pick_and_place/ROS/devel/lib/python3.11/site-packages/moveit_msgs/srv/_ListRobotStatesInWarehouse.py
Symlinking /Users/vincent/ROS/ws_panda/pick_and_place/ROS/devel/share/roseus/ros/moveit_msgs/manifest.l
Symlinking /Users/vincent/ROS/ws_panda/pick_and_place/ROS/devel/share/roseus/ros/moveit_msgs/msg/ExecuteTrajectoryActionFeedback.l
Symlinking /Users/vincent/ROS/ws_panda/pick_and_place/ROS/devel/share/roseus/ros/moveit_msgs/msg/GripperTranslation.l
Symlinking /Users/vincent/ROS/ws_panda/pick_and_place/ROS/devel/share/roseus/ros/moveit_msgs/msg/PlaceGoal.l
Symlinking /Users/vincent/ROS/ws_panda/pick_and_place/ROS/devel/share/roseus/ros/moveit_msgs/msg/MotionSequenceRequest.l
Symlinking /Users/vincent/ROS/ws_panda/pick_and_place/ROS/devel/share/roseus/ros/moveit_msgs/msg/RobotState.l
Symlinking /Users/vincent/ROS/ws_panda/pick_and_place/ROS/devel/share/roseus/ros/moveit_msgs/msg/CartesianTrajectoryPoint.l
Symlinking /Users/vincent/ROS/ws_panda/pick_and_place/ROS/devel/share/roseus/ros/moveit_msgs/msg/LinkPadding.l
Symlinking /Users/vincent/ROS/ws_panda/pick_and_place/ROS/devel/share/roseus/ros/moveit_msgs/msg/PlanningSceneWorld.l
Symlinking /Users/vincent/ROS/ws_panda/pick_and_place/ROS/devel/share/roseus/ros/moveit_msgs/msg/JointLimits.l
Symlinking /Users/vincent/ROS/ws_panda/pick_and_place/ROS/devel/share/roseus/ros/moveit_msgs/msg/PickupFeedback.l
Symlinking /Users/vincent/ROS/ws_panda/pick_and_place/ROS/devel/share/roseus/ros/moveit_msgs/msg/KinematicSolverInfo.l
Symlinking /Users/vincent/ROS/ws_panda/pick_and_place/ROS/devel/share/roseus/ros/moveit_msgs/msg/RobotTrajectory.l
Symlinking /Users/vincent/ROS/ws_panda/pick_and_place/ROS/devel/share/roseus/ros/moveit_msgs/msg/WorkspaceParameters.l
Symlinking /Users/vincent/ROS/ws_panda/pick_and_place/ROS/devel/share/roseus/ros/moveit_msgs/msg/PlaceActionResult.l
Symlinking /Users/vincent/ROS/ws_panda/pick_and_place/ROS/devel/share/roseus/ros/moveit_msgs/msg/MoveGroupSequenceResult.l
Symlinking /Users/vincent/ROS/ws_panda/pick_and_place/ROS/devel/share/roseus/ros/moveit_msgs/msg/DisplayRobotState.l
Symlinking /Users/vincent/ROS/ws_panda/pick_and_place/ROS/devel/share/roseus/ros/moveit_msgs/msg/MoveGroupActionGoal.l
Symlinking /Users/vincent/ROS/ws_panda/pick_and_place/ROS/devel/share/roseus/ros/moveit_msgs/msg/PickupGoal.l
Symlinking /Users/vincent/ROS/ws_panda/pick_and_place/ROS/devel/share/roseus/ros/moveit_msgs/msg/PickupActionResult.l
Symlinking /Users/vincent/ROS/ws_panda/pick_and_place/ROS/devel/share/roseus/ros/moveit_msgs/msg/DisplayTrajectory.l
Symlinking /Users/vincent/ROS/ws_panda/pick_and_place/ROS/devel/share/roseus/ros/moveit_msgs/msg/MoveGroupSequenceAction.l
Symlinking /Users/vincent/ROS/ws_panda/pick_and_place/ROS/devel/share/roseus/ros/moveit_msgs/msg/ConstraintEvalResult.l
Symlinking /Users/vincent/ROS/ws_panda/pick_and_place/ROS/devel/share/roseus/ros/moveit_msgs/msg/Grasp.l
Symlinking /Users/vincent/ROS/ws_panda/pick_and_place/ROS/devel/share/roseus/ros/moveit_msgs/msg/CollisionObject.l
Symlinking /Users/vincent/ROS/ws_panda/pick_and_place/ROS/devel/share/roseus/ros/moveit_msgs/msg/MoveGroupAction.l
Symlinking /Users/vincent/ROS/ws_panda/pick_and_place/ROS/devel/share/roseus/ros/moveit_msgs/msg/PlanningSceneComponents.l
Symlinking /Users/vincent/ROS/ws_panda/pick_and_place/ROS/devel/share/roseus/ros/moveit_msgs/msg/CartesianTrajectory.l
Symlinking /Users/vincent/ROS/ws_panda/pick_and_place/ROS/devel/share/roseus/ros/moveit_msgs/msg/PickupActionFeedback.l
Symlinking /Users/vincent/ROS/ws_panda/pick_and_place/ROS/devel/share/roseus/ros/moveit_msgs/msg/PositionConstraint.l
Symlinking /Users/vincent/ROS/ws_panda/pick_and_place/ROS/devel/share/roseus/ros/moveit_msgs/msg/JointConstraint.l
Symlinking /Users/vincent/ROS/ws_panda/pick_and_place/ROS/devel/share/roseus/ros/moveit_msgs/msg/PickupActionGoal.l
Symlinking /Users/vincent/ROS/ws_panda/pick_and_place/ROS/devel/share/roseus/ros/moveit_msgs/msg/PlannerParams.l
Symlinking /Users/vincent/ROS/ws_panda/pick_and_place/ROS/devel/share/roseus/ros/moveit_msgs/msg/MoveGroupResult.l
Symlinking /Users/vincent/ROS/ws_panda/pick_and_place/ROS/devel/share/roseus/ros/moveit_msgs/msg/GenericTrajectory.l
Symlinking /Users/vincent/ROS/ws_panda/pick_and_place/ROS/devel/share/roseus/ros/moveit_msgs/msg/PlannerInterfaceDescription.l
Symlinking /Users/vincent/ROS/ws_panda/pick_and_place/ROS/devel/share/roseus/ros/moveit_msgs/msg/MoveGroupActionFeedback.l
Symlinking /Users/vincent/ROS/ws_panda/pick_and_place/ROS/devel/share/roseus/ros/moveit_msgs/msg/PickupAction.l
Symlinking /Users/vincent/ROS/ws_panda/pick_and_place/ROS/devel/share/roseus/ros/moveit_msgs/msg/PickupResult.l
Symlinking /Users/vincent/ROS/ws_panda/pick_and_place/ROS/devel/share/roseus/ros/moveit_msgs/msg/MotionSequenceItem.l
Symlinking /Users/vincent/ROS/ws_panda/pick_and_place/ROS/devel/share/roseus/ros/moveit_msgs/msg/PlanningScene.l
Symlinking /Users/vincent/ROS/ws_panda/pick_and_place/ROS/devel/share/roseus/ros/moveit_msgs/msg/MoveGroupSequenceActionGoal.l
Symlinking /Users/vincent/ROS/ws_panda/pick_and_place/ROS/devel/share/roseus/ros/moveit_msgs/msg/MoveGroupGoal.l
Symlinking /Users/vincent/ROS/ws_panda/pick_and_place/ROS/devel/share/roseus/ros/moveit_msgs/msg/PlaceLocation.l
Symlinking /Users/vincent/ROS/ws_panda/pick_and_place/ROS/devel/share/roseus/ros/moveit_msgs/msg/MoveGroupFeedback.l
Symlinking /Users/vincent/ROS/ws_panda/pick_and_place/ROS/devel/share/roseus/ros/moveit_msgs/msg/MoveGroupSequenceGoal.l
Symlinking /Users/vincent/ROS/ws_panda/pick_and_place/ROS/devel/share/roseus/ros/moveit_msgs/msg/AllowedCollisionMatrix.l
Symlinking /Users/vincent/ROS/ws_panda/pick_and_place/ROS/devel/share/roseus/ros/moveit_msgs/msg/BoundingVolume.l
Symlinking /Users/vincent/ROS/ws_panda/pick_and_place/ROS/devel/share/roseus/ros/moveit_msgs/msg/PlaceFeedback.l
Symlinking /Users/vincent/ROS/ws_panda/pick_and_place/ROS/devel/share/roseus/ros/moveit_msgs/msg/MotionPlanRequest.l
Symlinking /Users/vincent/ROS/ws_panda/pick_and_place/ROS/devel/share/roseus/ros/moveit_msgs/msg/ObjectColor.l
Symlinking /Users/vincent/ROS/ws_panda/pick_and_place/ROS/devel/share/roseus/ros/moveit_msgs/msg/MoveGroupActionResult.l
Symlinking /Users/vincent/ROS/ws_panda/pick_and_place/ROS/devel/share/roseus/ros/moveit_msgs/msg/LinkScale.l
Symlinking /Users/vincent/ROS/ws_panda/pick_and_place/ROS/devel/share/roseus/ros/moveit_msgs/msg/MotionPlanDetailedResponse.l
Symlinking /Users/vincent/ROS/ws_panda/pick_and_place/ROS/devel/share/roseus/ros/moveit_msgs/msg/PlaceActionGoal.l
Symlinking /Users/vincent/ROS/ws_panda/pick_and_place/ROS/devel/share/roseus/ros/moveit_msgs/msg/MotionPlanResponse.l
Symlinking /Users/vincent/ROS/ws_panda/pick_and_place/ROS/devel/share/roseus/ros/moveit_msgs/msg/AllowedCollisionEntry.l
Symlinking /Users/vincent/ROS/ws_panda/pick_and_place/ROS/devel/share/roseus/ros/moveit_msgs/msg/CartesianPoint.l
Symlinking /Users/vincent/ROS/ws_panda/pick_and_place/ROS/devel/share/roseus/ros/moveit_msgs/msg/ContactInformation.l
Symlinking /Users/vincent/ROS/ws_panda/pick_and_place/ROS/devel/share/roseus/ros/moveit_msgs/msg/ExecuteTrajectoryActionGoal.l
Symlinking /Users/vincent/ROS/ws_panda/pick_and_place/ROS/devel/share/roseus/ros/moveit_msgs/msg/ExecuteTrajectoryAction.l
Symlinking /Users/vincent/ROS/ws_panda/pick_and_place/ROS/devel/share/roseus/ros/moveit_msgs/msg/PlanningOptions.l
Symlinking /Users/vincent/ROS/ws_panda/pick_and_place/ROS/devel/share/roseus/ros/moveit_msgs/msg/ExecuteTrajectoryResult.l
Symlinking /Users/vincent/ROS/ws_panda/pick_and_place/ROS/devel/share/roseus/ros/moveit_msgs/msg/ExecuteTrajectoryGoal.l
Symlinking /Users/vincent/ROS/ws_panda/pick_and_place/ROS/devel/share/roseus/ros/moveit_msgs/msg/Constraints.l
Symlinking /Users/vincent/ROS/ws_panda/pick_and_place/ROS/devel/share/roseus/ros/moveit_msgs/msg/MoveGroupSequenceFeedback.l
Symlinking /Users/vincent/ROS/ws_panda/pick_and_place/ROS/devel/share/roseus/ros/moveit_msgs/msg/MotionSequenceResponse.l
Symlinking /Users/vincent/ROS/ws_panda/pick_and_place/ROS/devel/share/roseus/ros/moveit_msgs/msg/PlaceActionFeedback.l
Symlinking /Users/vincent/ROS/ws_panda/pick_and_place/ROS/devel/share/roseus/ros/moveit_msgs/msg/MoveGroupSequenceActionFeedback.l
Symlinking /Users/vincent/ROS/ws_panda/pick_and_place/ROS/devel/share/roseus/ros/moveit_msgs/msg/PlaceAction.l
Symlinking /Users/vincent/ROS/ws_panda/pick_and_place/ROS/devel/share/roseus/ros/moveit_msgs/msg/PositionIKRequest.l
Symlinking /Users/vincent/ROS/ws_panda/pick_and_place/ROS/devel/share/roseus/ros/moveit_msgs/msg/ExecuteTrajectoryFeedback.l
Symlinking /Users/vincent/ROS/ws_panda/pick_and_place/ROS/devel/share/roseus/ros/moveit_msgs/msg/OrientationConstraint.l
Symlinking /Users/vincent/ROS/ws_panda/pick_and_place/ROS/devel/share/roseus/ros/moveit_msgs/msg/PlaceResult.l
Symlinking /Users/vincent/ROS/ws_panda/pick_and_place/ROS/devel/share/roseus/ros/moveit_msgs/msg/MoveGroupSequenceActionResult.l
Symlinking /Users/vincent/ROS/ws_panda/pick_and_place/ROS/devel/share/roseus/ros/moveit_msgs/msg/TrajectoryConstraints.l
Symlinking /Users/vincent/ROS/ws_panda/pick_and_place/ROS/devel/share/roseus/ros/moveit_msgs/msg/VisibilityConstraint.l
Symlinking /Users/vincent/ROS/ws_panda/pick_and_place/ROS/devel/share/roseus/ros/moveit_msgs/msg/AttachedCollisionObject.l
Symlinking /Users/vincent/ROS/ws_panda/pick_and_place/ROS/devel/share/roseus/ros/moveit_msgs/msg/CostSource.l
Symlinking /Users/vincent/ROS/ws_panda/pick_and_place/ROS/devel/share/roseus/ros/moveit_msgs/msg/ExecuteTrajectoryActionResult.l
Symlinking /Users/vincent/ROS/ws_panda/pick_and_place/ROS/devel/share/roseus/ros/moveit_msgs/msg/OrientedBoundingBox.l
Symlinking /Users/vincent/ROS/ws_panda/pick_and_place/ROS/devel/share/roseus/ros/moveit_msgs/msg/MoveItErrorCodes.l
Symlinking /Users/vincent/ROS/ws_panda/pick_and_place/ROS/devel/share/roseus/ros/moveit_msgs/srv/ChangeDriftDimensions.l
Symlinking /Users/vincent/ROS/ws_panda/pick_and_place/ROS/devel/share/roseus/ros/moveit_msgs/srv/SaveMap.l
Symlinking /Users/vincent/ROS/ws_panda/pick_and_place/ROS/devel/share/roseus/ros/moveit_msgs/srv/GetRobotStateFromWarehouse.l
Symlinking /Users/vincent/ROS/ws_panda/pick_and_place/ROS/devel/share/roseus/ros/moveit_msgs/srv/ChangeControlDimensions.l
Symlinking /Users/vincent/ROS/ws_panda/pick_and_place/ROS/devel/share/roseus/ros/moveit_msgs/srv/GraspPlanning.l
Symlinking /Users/vincent/ROS/ws_panda/pick_and_place/ROS/devel/share/roseus/ros/moveit_msgs/srv/GetPlanningScene.l
Symlinking /Users/vincent/ROS/ws_panda/pick_and_place/ROS/devel/share/roseus/ros/moveit_msgs/srv/RenameRobotStateInWarehouse.l
Symlinking /Users/vincent/ROS/ws_panda/pick_and_place/ROS/devel/share/roseus/ros/moveit_msgs/srv/GetPlannerParams.l
Symlinking /Users/vincent/ROS/ws_panda/pick_and_place/ROS/devel/share/roseus/ros/moveit_msgs/srv/SetPlannerParams.l
Symlinking /Users/vincent/ROS/ws_panda/pick_and_place/ROS/devel/share/roseus/ros/moveit_msgs/srv/QueryPlannerInterfaces.l
Symlinking /Users/vincent/ROS/ws_panda/pick_and_place/ROS/devel/share/roseus/ros/moveit_msgs/srv/GetPositionFK.l
Symlinking /Users/vincent/ROS/ws_panda/pick_and_place/ROS/devel/share/roseus/ros/moveit_msgs/srv/GetMotionSequence.l
Symlinking /Users/vincent/ROS/ws_panda/pick_and_place/ROS/devel/share/roseus/ros/moveit_msgs/srv/GetCartesianPath.l
Symlinking /Users/vincent/ROS/ws_panda/pick_and_place/ROS/devel/share/roseus/ros/moveit_msgs/srv/LoadMap.l
Symlinking /Users/vincent/ROS/ws_panda/pick_and_place/ROS/devel/share/roseus/ros/moveit_msgs/srv/UpdatePointcloudOctomap.l
Symlinking /Users/vincent/ROS/ws_panda/pick_and_place/ROS/devel/share/roseus/ros/moveit_msgs/srv/ListRobotStatesInWarehouse.l
Symlinking /Users/vincent/ROS/ws_panda/pick_and_place/ROS/devel/share/roseus/ros/moveit_msgs/srv/GetStateValidity.l
Symlinking /Users/vincent/ROS/ws_panda/pick_and_place/ROS/devel/share/roseus/ros/moveit_msgs/srv/GetMotionPlan.l
Symlinking /Users/vincent/ROS/ws_panda/pick_and_place/ROS/devel/share/roseus/ros/moveit_msgs/srv/ApplyPlanningScene.l
Symlinking /Users/vincent/ROS/ws_panda/pick_and_place/ROS/devel/share/roseus/ros/moveit_msgs/srv/ExecuteKnownTrajectory.l
Symlinking /Users/vincent/ROS/ws_panda/pick_and_place/ROS/devel/share/roseus/ros/moveit_msgs/srv/SaveRobotStateToWarehouse.l
Symlinking /Users/vincent/ROS/ws_panda/pick_and_place/ROS/devel/share/roseus/ros/moveit_msgs/srv/GetPositionIK.l
Symlinking /Users/vincent/ROS/ws_panda/pick_and_place/ROS/devel/share/roseus/ros/moveit_msgs/srv/CheckIfRobotStateExistsInWarehouse.l
Symlinking /Users/vincent/ROS/ws_panda/pick_and_place/ROS/devel/share/roseus/ros/moveit_msgs/srv/DeleteRobotStateFromWarehouse.l
Symlinking /Users/vincent/ROS/ws_panda/pick_and_place/ROS/devel/share/moveit_msgs/cmake/moveit_msgsConfig.cmake
Symlinking /Users/vincent/ROS/ws_panda/pick_and_place/ROS/devel/share/moveit_msgs/cmake/moveit_msgsConfig-version.cmake
Symlinking /Users/vincent/ROS/ws_panda/pick_and_place/ROS/devel/share/moveit_msgs/cmake/moveit_msgs-msg-extras.cmake
Symlinking /Users/vincent/ROS/ws_panda/pick_and_place/ROS/devel/share/moveit_msgs/cmake/moveit_msgs-msg-paths.cmake
Symlinking /Users/vincent/ROS/ws_panda/pick_and_place/ROS/devel/share/moveit_msgs/msg/MoveGroupActionResult.msg
Symlinking /Users/vincent/ROS/ws_panda/pick_and_place/ROS/devel/share/moveit_msgs/msg/ExecuteTrajectoryGoal.msg
Symlinking /Users/vincent/ROS/ws_panda/pick_and_place/ROS/devel/share/moveit_msgs/msg/PickupAction.msg
Symlinking /Users/vincent/ROS/ws_panda/pick_and_place/ROS/devel/share/moveit_msgs/msg/MoveGroupActionGoal.msg
Symlinking /Users/vincent/ROS/ws_panda/pick_and_place/ROS/devel/share/moveit_msgs/msg/PlaceActionFeedback.msg
Symlinking /Users/vincent/ROS/ws_panda/pick_and_place/ROS/devel/share/moveit_msgs/msg/MoveGroupFeedback.msg
Symlinking /Users/vincent/ROS/ws_panda/pick_and_place/ROS/devel/share/moveit_msgs/msg/PickupActionResult.msg
Symlinking /Users/vincent/ROS/ws_panda/pick_and_place/ROS/devel/share/moveit_msgs/msg/PickupActionFeedback.msg
Symlinking /Users/vincent/ROS/ws_panda/pick_and_place/ROS/devel/share/moveit_msgs/msg/ExecuteTrajectoryActionGoal.msg
Symlinking /Users/vincent/ROS/ws_panda/pick_and_place/ROS/devel/share/moveit_msgs/msg/PickupFeedback.msg
Symlinking /Users/vincent/ROS/ws_panda/pick_and_place/ROS/devel/share/moveit_msgs/msg/MoveGroupSequenceActionGoal.msg
Symlinking /Users/vincent/ROS/ws_panda/pick_and_place/ROS/devel/share/moveit_msgs/msg/ExecuteTrajectoryActionResult.msg
Symlinking /Users/vincent/ROS/ws_panda/pick_and_place/ROS/devel/share/moveit_msgs/msg/MoveGroupSequenceFeedback.msg
Symlinking /Users/vincent/ROS/ws_panda/pick_and_place/ROS/devel/share/moveit_msgs/msg/PlaceGoal.msg
Symlinking /Users/vincent/ROS/ws_panda/pick_and_place/ROS/devel/share/moveit_msgs/msg/ExecuteTrajectoryActionFeedback.msg
Symlinking /Users/vincent/ROS/ws_panda/pick_and_place/ROS/devel/share/moveit_msgs/msg/PickupResult.msg
Symlinking /Users/vincent/ROS/ws_panda/pick_and_place/ROS/devel/share/moveit_msgs/msg/MoveGroupSequenceActionFeedback.msg
Symlinking /Users/vincent/ROS/ws_panda/pick_and_place/ROS/devel/share/moveit_msgs/msg/PlaceFeedback.msg
Symlinking /Users/vincent/ROS/ws_panda/pick_and_place/ROS/devel/share/moveit_msgs/msg/PickupActionGoal.msg
Symlinking /Users/vincent/ROS/ws_panda/pick_and_place/ROS/devel/share/moveit_msgs/msg/ExecuteTrajectoryFeedback.msg
Symlinking /Users/vincent/ROS/ws_panda/pick_and_place/ROS/devel/share/moveit_msgs/msg/MoveGroupSequenceGoal.msg
Symlinking /Users/vincent/ROS/ws_panda/pick_and_place/ROS/devel/share/moveit_msgs/msg/PlaceActionGoal.msg
Symlinking /Users/vincent/ROS/ws_panda/pick_and_place/ROS/devel/share/moveit_msgs/msg/MoveGroupSequenceActionResult.msg
Symlinking /Users/vincent/ROS/ws_panda/pick_and_place/ROS/devel/share/moveit_msgs/msg/PlaceActionResult.msg
Symlinking /Users/vincent/ROS/ws_panda/pick_and_place/ROS/devel/share/moveit_msgs/msg/MoveGroupSequenceResult.msg
Symlinking /Users/vincent/ROS/ws_panda/pick_and_place/ROS/devel/share/moveit_msgs/msg/ExecuteTrajectoryResult.msg
Symlinking /Users/vincent/ROS/ws_panda/pick_and_place/ROS/devel/share/moveit_msgs/msg/PlaceAction.msg
Symlinking /Users/vincent/ROS/ws_panda/pick_and_place/ROS/devel/share/moveit_msgs/msg/MoveGroupAction.msg
Symlinking /Users/vincent/ROS/ws_panda/pick_and_place/ROS/devel/share/moveit_msgs/msg/PickupGoal.msg
Symlinking /Users/vincent/ROS/ws_panda/pick_and_place/ROS/devel/share/moveit_msgs/msg/MoveGroupResult.msg
Symlinking /Users/vincent/ROS/ws_panda/pick_and_place/ROS/devel/share/moveit_msgs/msg/MoveGroupActionFeedback.msg
Symlinking /Users/vincent/ROS/ws_panda/pick_and_place/ROS/devel/share/moveit_msgs/msg/MoveGroupGoal.msg
Symlinking /Users/vincent/ROS/ws_panda/pick_and_place/ROS/devel/share/moveit_msgs/msg/ExecuteTrajectoryAction.msg
Symlinking /Users/vincent/ROS/ws_panda/pick_and_place/ROS/devel/share/moveit_msgs/msg/PlaceResult.msg
Symlinking /Users/vincent/ROS/ws_panda/pick_and_place/ROS/devel/share/moveit_msgs/msg/MoveGroupSequenceAction.msg
Symlinking /Users/vincent/ROS/ws_panda/pick_and_place/ROS/devel/share/common-lisp/ros/moveit_msgs/msg/GripperTranslation.lisp
Symlinking /Users/vincent/ROS/ws_panda/pick_and_place/ROS/devel/share/common-lisp/ros/moveit_msgs/msg/ExecuteTrajectoryFeedback.lisp
Symlinking /Users/vincent/ROS/ws_panda/pick_and_place/ROS/devel/share/common-lisp/ros/moveit_msgs/msg/_package_PlaceAction.lisp
Symlinking /Users/vincent/ROS/ws_panda/pick_and_place/ROS/devel/share/common-lisp/ros/moveit_msgs/msg/_package_PlanningSceneComponents.lisp
Symlinking /Users/vincent/ROS/ws_panda/pick_and_place/ROS/devel/share/common-lisp/ros/moveit_msgs/msg/_package_DisplayRobotState.lisp
Symlinking /Users/vincent/ROS/ws_panda/pick_and_place/ROS/devel/share/common-lisp/ros/moveit_msgs/msg/CostSource.lisp
Symlinking /Users/vincent/ROS/ws_panda/pick_and_place/ROS/devel/share/common-lisp/ros/moveit_msgs/msg/JointLimits.lisp
Symlinking /Users/vincent/ROS/ws_panda/pick_and_place/ROS/devel/share/common-lisp/ros/moveit_msgs/msg/_package_PlaceResult.lisp
Symlinking /Users/vincent/ROS/ws_panda/pick_and_place/ROS/devel/share/common-lisp/ros/moveit_msgs/msg/PositionIKRequest.lisp
Symlinking /Users/vincent/ROS/ws_panda/pick_and_place/ROS/devel/share/common-lisp/ros/moveit_msgs/msg/moveit_msgs-msg.asd
Symlinking /Users/vincent/ROS/ws_panda/pick_and_place/ROS/devel/share/common-lisp/ros/moveit_msgs/msg/MoveItErrorCodes.lisp
Symlinking /Users/vincent/ROS/ws_panda/pick_and_place/ROS/devel/share/common-lisp/ros/moveit_msgs/msg/_package_BoundingVolume.lisp
Symlinking /Users/vincent/ROS/ws_panda/pick_and_place/ROS/devel/share/common-lisp/ros/moveit_msgs/msg/ObjectColor.lisp
Symlinking /Users/vincent/ROS/ws_panda/pick_and_place/ROS/devel/share/common-lisp/ros/moveit_msgs/msg/MoveGroupSequenceGoal.lisp
Symlinking /Users/vincent/ROS/ws_panda/pick_and_place/ROS/devel/share/common-lisp/ros/moveit_msgs/msg/PlaceLocation.lisp
Symlinking /Users/vincent/ROS/ws_panda/pick_and_place/ROS/devel/share/common-lisp/ros/moveit_msgs/msg/_package_ConstraintEvalResult.lisp
Symlinking /Users/vincent/ROS/ws_panda/pick_and_place/ROS/devel/share/common-lisp/ros/moveit_msgs/msg/MoveGroupSequenceActionGoal.lisp
Symlinking /Users/vincent/ROS/ws_panda/pick_and_place/ROS/devel/share/common-lisp/ros/moveit_msgs/msg/ConstraintEvalResult.lisp
Symlinking /Users/vincent/ROS/ws_panda/pick_and_place/ROS/devel/share/common-lisp/ros/moveit_msgs/msg/_package_OrientationConstraint.lisp
Symlinking /Users/vincent/ROS/ws_panda/pick_and_place/ROS/devel/share/common-lisp/ros/moveit_msgs/msg/_package_CartesianTrajectory.lisp
Symlinking /Users/vincent/ROS/ws_panda/pick_and_place/ROS/devel/share/common-lisp/ros/moveit_msgs/msg/_package_PickupActionGoal.lisp
Symlinking /Users/vincent/ROS/ws_panda/pick_and_place/ROS/devel/share/common-lisp/ros/moveit_msgs/msg/ExecuteTrajectoryActionFeedback.lisp
Symlinking /Users/vincent/ROS/ws_panda/pick_and_place/ROS/devel/share/common-lisp/ros/moveit_msgs/msg/MotionPlanResponse.lisp
Symlinking /Users/vincent/ROS/ws_panda/pick_and_place/ROS/devel/share/common-lisp/ros/moveit_msgs/msg/RobotState.lisp
Symlinking /Users/vincent/ROS/ws_panda/pick_and_place/ROS/devel/share/common-lisp/ros/moveit_msgs/msg/_package_MoveGroupSequenceAction.lisp
Symlinking /Users/vincent/ROS/ws_panda/pick_and_place/ROS/devel/share/common-lisp/ros/moveit_msgs/msg/_package_MoveGroupSequenceFeedback.lisp
Symlinking /Users/vincent/ROS/ws_panda/pick_and_place/ROS/devel/share/common-lisp/ros/moveit_msgs/msg/_package_MoveGroupGoal.lisp
Symlinking /Users/vincent/ROS/ws_panda/pick_and_place/ROS/devel/share/common-lisp/ros/moveit_msgs/msg/DisplayRobotState.lisp
Symlinking /Users/vincent/ROS/ws_panda/pick_and_place/ROS/devel/share/common-lisp/ros/moveit_msgs/msg/_package_MoveGroupSequenceResult.lisp
Symlinking /Users/vincent/ROS/ws_panda/pick_and_place/ROS/devel/share/common-lisp/ros/moveit_msgs/msg/_package_PositionIKRequest.lisp
Symlinking /Users/vincent/ROS/ws_panda/pick_and_place/ROS/devel/share/common-lisp/ros/moveit_msgs/msg/WorkspaceParameters.lisp
Symlinking /Users/vincent/ROS/ws_panda/pick_and_place/ROS/devel/share/common-lisp/ros/moveit_msgs/msg/PlanningScene.lisp
Symlinking /Users/vincent/ROS/ws_panda/pick_and_place/ROS/devel/share/common-lisp/ros/moveit_msgs/msg/_package_MotionSequenceRequest.lisp
Symlinking /Users/vincent/ROS/ws_panda/pick_and_place/ROS/devel/share/common-lisp/ros/moveit_msgs/msg/LinkPadding.lisp
Symlinking /Users/vincent/ROS/ws_panda/pick_and_place/ROS/devel/share/common-lisp/ros/moveit_msgs/msg/ExecuteTrajectoryResult.lisp
Symlinking /Users/vincent/ROS/ws_panda/pick_and_place/ROS/devel/share/common-lisp/ros/moveit_msgs/msg/MoveGroupFeedback.lisp
Symlinking /Users/vincent/ROS/ws_panda/pick_and_place/ROS/devel/share/common-lisp/ros/moveit_msgs/msg/_package_CartesianPoint.lisp
Symlinking /Users/vincent/ROS/ws_panda/pick_and_place/ROS/devel/share/common-lisp/ros/moveit_msgs/msg/_package_CostSource.lisp
Symlinking /Users/vincent/ROS/ws_panda/pick_and_place/ROS/devel/share/common-lisp/ros/moveit_msgs/msg/MotionSequenceResponse.lisp
Symlinking /Users/vincent/ROS/ws_panda/pick_and_place/ROS/devel/share/common-lisp/ros/moveit_msgs/msg/_package_CartesianTrajectoryPoint.lisp
Symlinking /Users/vincent/ROS/ws_panda/pick_and_place/ROS/devel/share/common-lisp/ros/moveit_msgs/msg/_package_PlannerParams.lisp
Symlinking /Users/vincent/ROS/ws_panda/pick_and_place/ROS/devel/share/common-lisp/ros/moveit_msgs/msg/_package_AllowedCollisionMatrix.lisp
Symlinking /Users/vincent/ROS/ws_panda/pick_and_place/ROS/devel/share/common-lisp/ros/moveit_msgs/msg/_package_ExecuteTrajectoryActionGoal.lisp
Symlinking /Users/vincent/ROS/ws_panda/pick_and_place/ROS/devel/share/common-lisp/ros/moveit_msgs/msg/AttachedCollisionObject.lisp
Symlinking /Users/vincent/ROS/ws_panda/pick_and_place/ROS/devel/share/common-lisp/ros/moveit_msgs/msg/_package_PlaceFeedback.lisp
Symlinking /Users/vincent/ROS/ws_panda/pick_and_place/ROS/devel/share/common-lisp/ros/moveit_msgs/msg/MoveGroupActionFeedback.lisp
Symlinking /Users/vincent/ROS/ws_panda/pick_and_place/ROS/devel/share/common-lisp/ros/moveit_msgs/msg/_package_MotionPlanResponse.lisp
Symlinking /Users/vincent/ROS/ws_panda/pick_and_place/ROS/devel/share/common-lisp/ros/moveit_msgs/msg/PlaceGoal.lisp
Symlinking /Users/vincent/ROS/ws_panda/pick_and_place/ROS/devel/share/common-lisp/ros/moveit_msgs/msg/_package_PlannerInterfaceDescription.lisp
Symlinking /Users/vincent/ROS/ws_panda/pick_and_place/ROS/devel/share/common-lisp/ros/moveit_msgs/msg/_package_ExecuteTrajectoryGoal.lisp
Symlinking /Users/vincent/ROS/ws_panda/pick_and_place/ROS/devel/share/common-lisp/ros/moveit_msgs/msg/_package_JointConstraint.lisp
Symlinking /Users/vincent/ROS/ws_panda/pick_and_place/ROS/devel/share/common-lisp/ros/moveit_msgs/msg/ExecuteTrajectoryAction.lisp
Symlinking /Users/vincent/ROS/ws_panda/pick_and_place/ROS/devel/share/common-lisp/ros/moveit_msgs/msg/LinkScale.lisp
Symlinking /Users/vincent/ROS/ws_panda/pick_and_place/ROS/devel/share/common-lisp/ros/moveit_msgs/msg/TrajectoryConstraints.lisp
Symlinking /Users/vincent/ROS/ws_panda/pick_and_place/ROS/devel/share/common-lisp/ros/moveit_msgs/msg/_package_MoveGroupFeedback.lisp
Symlinking /Users/vincent/ROS/ws_panda/pick_and_place/ROS/devel/share/common-lisp/ros/moveit_msgs/msg/AllowedCollisionEntry.lisp
Symlinking /Users/vincent/ROS/ws_panda/pick_and_place/ROS/devel/share/common-lisp/ros/moveit_msgs/msg/CartesianTrajectory.lisp
Symlinking /Users/vincent/ROS/ws_panda/pick_and_place/ROS/devel/share/common-lisp/ros/moveit_msgs/msg/_package_MoveGroupSequenceActionFeedback.lisp
Symlinking /Users/vincent/ROS/ws_panda/pick_and_place/ROS/devel/share/common-lisp/ros/moveit_msgs/msg/_package_RobotState.lisp
Symlinking /Users/vincent/ROS/ws_panda/pick_and_place/ROS/devel/share/common-lisp/ros/moveit_msgs/msg/Constraints.lisp
Symlinking /Users/vincent/ROS/ws_panda/pick_and_place/ROS/devel/share/common-lisp/ros/moveit_msgs/msg/Grasp.lisp
Symlinking /Users/vincent/ROS/ws_panda/pick_and_place/ROS/devel/share/common-lisp/ros/moveit_msgs/msg/JointConstraint.lisp
Symlinking /Users/vincent/ROS/ws_panda/pick_and_place/ROS/devel/share/common-lisp/ros/moveit_msgs/msg/PickupFeedback.lisp
Symlinking /Users/vincent/ROS/ws_panda/pick_and_place/ROS/devel/share/common-lisp/ros/moveit_msgs/msg/_package.lisp
Symlinking /Users/vincent/ROS/ws_panda/pick_and_place/ROS/devel/share/common-lisp/ros/moveit_msgs/msg/_package_PickupActionFeedback.lisp
Symlinking /Users/vincent/ROS/ws_panda/pick_and_place/ROS/devel/share/common-lisp/ros/moveit_msgs/msg/_package_VisibilityConstraint.lisp
Symlinking /Users/vincent/ROS/ws_panda/pick_and_place/ROS/devel/share/common-lisp/ros/moveit_msgs/msg/_package_GripperTranslation.lisp
Symlinking /Users/vincent/ROS/ws_panda/pick_and_place/ROS/devel/share/common-lisp/ros/moveit_msgs/msg/VisibilityConstraint.lisp
Symlinking /Users/vincent/ROS/ws_panda/pick_and_place/ROS/devel/share/common-lisp/ros/moveit_msgs/msg/PickupActionFeedback.lisp
Symlinking /Users/vincent/ROS/ws_panda/pick_and_place/ROS/devel/share/common-lisp/ros/moveit_msgs/msg/_package_WorkspaceParameters.lisp
Symlinking /Users/vincent/ROS/ws_panda/pick_and_place/ROS/devel/share/common-lisp/ros/moveit_msgs/msg/MoveGroupActionResult.lisp
Symlinking /Users/vincent/ROS/ws_panda/pick_and_place/ROS/devel/share/common-lisp/ros/moveit_msgs/msg/OrientationConstraint.lisp
Symlinking /Users/vincent/ROS/ws_panda/pick_and_place/ROS/devel/share/common-lisp/ros/moveit_msgs/msg/_package_MoveGroupActionFeedback.lisp
Symlinking /Users/vincent/ROS/ws_panda/pick_and_place/ROS/devel/share/common-lisp/ros/moveit_msgs/msg/PlaceActionGoal.lisp
Symlinking /Users/vincent/ROS/ws_panda/pick_and_place/ROS/devel/share/common-lisp/ros/moveit_msgs/msg/PlaceFeedback.lisp
Symlinking /Users/vincent/ROS/ws_panda/pick_and_place/ROS/devel/share/common-lisp/ros/moveit_msgs/msg/_package_PickupActionResult.lisp
Symlinking /Users/vincent/ROS/ws_panda/pick_and_place/ROS/devel/share/common-lisp/ros/moveit_msgs/msg/PlannerParams.lisp
Symlinking /Users/vincent/ROS/ws_panda/pick_and_place/ROS/devel/share/common-lisp/ros/moveit_msgs/msg/_package_MoveGroupAction.lisp
Symlinking /Users/vincent/ROS/ws_panda/pick_and_place/ROS/devel/share/common-lisp/ros/moveit_msgs/msg/_package_PickupGoal.lisp
Symlinking /Users/vincent/ROS/ws_panda/pick_and_place/ROS/devel/share/common-lisp/ros/moveit_msgs/msg/MotionSequenceItem.lisp
Symlinking /Users/vincent/ROS/ws_panda/pick_and_place/ROS/devel/share/common-lisp/ros/moveit_msgs/msg/_package_PickupAction.lisp
Symlinking /Users/vincent/ROS/ws_panda/pick_and_place/ROS/devel/share/common-lisp/ros/moveit_msgs/msg/ExecuteTrajectoryActionGoal.lisp
Symlinking /Users/vincent/ROS/ws_panda/pick_and_place/ROS/devel/share/common-lisp/ros/moveit_msgs/msg/_package_ExecuteTrajectoryAction.lisp
Symlinking /Users/vincent/ROS/ws_panda/pick_and_place/ROS/devel/share/common-lisp/ros/moveit_msgs/msg/MoveGroupActionGoal.lisp
Symlinking /Users/vincent/ROS/ws_panda/pick_and_place/ROS/devel/share/common-lisp/ros/moveit_msgs/msg/_package_MoveGroupResult.lisp
Symlinking /Users/vincent/ROS/ws_panda/pick_and_place/ROS/devel/share/common-lisp/ros/moveit_msgs/msg/_package_LinkScale.lisp
Symlinking /Users/vincent/ROS/ws_panda/pick_and_place/ROS/devel/share/common-lisp/ros/moveit_msgs/msg/_package_PickupResult.lisp
Symlinking /Users/vincent/ROS/ws_panda/pick_and_place/ROS/devel/share/common-lisp/ros/moveit_msgs/msg/MoveGroupSequenceActionResult.lisp
Symlinking /Users/vincent/ROS/ws_panda/pick_and_place/ROS/devel/share/common-lisp/ros/moveit_msgs/msg/_package_ExecuteTrajectoryActionFeedback.lisp
Symlinking /Users/vincent/ROS/ws_panda/pick_and_place/ROS/devel/share/common-lisp/ros/moveit_msgs/msg/_package_ExecuteTrajectoryResult.lisp
Symlinking /Users/vincent/ROS/ws_panda/pick_and_place/ROS/devel/share/common-lisp/ros/moveit_msgs/msg/_package_ExecuteTrajectoryFeedback.lisp
Symlinking /Users/vincent/ROS/ws_panda/pick_and_place/ROS/devel/share/common-lisp/ros/moveit_msgs/msg/_package_GenericTrajectory.lisp
Symlinking /Users/vincent/ROS/ws_panda/pick_and_place/ROS/devel/share/common-lisp/ros/moveit_msgs/msg/RobotTrajectory.lisp
Symlinking /Users/vincent/ROS/ws_panda/pick_and_place/ROS/devel/share/common-lisp/ros/moveit_msgs/msg/_package_DisplayTrajectory.lisp
Symlinking /Users/vincent/ROS/ws_panda/pick_and_place/ROS/devel/share/common-lisp/ros/moveit_msgs/msg/PlannerInterfaceDescription.lisp
Symlinking /Users/vincent/ROS/ws_panda/pick_and_place/ROS/devel/share/common-lisp/ros/moveit_msgs/msg/MotionPlanRequest.lisp
Symlinking /Users/vincent/ROS/ws_panda/pick_and_place/ROS/devel/share/common-lisp/ros/moveit_msgs/msg/_package_KinematicSolverInfo.lisp
Symlinking /Users/vincent/ROS/ws_panda/pick_and_place/ROS/devel/share/common-lisp/ros/moveit_msgs/msg/_package_AttachedCollisionObject.lisp
Symlinking /Users/vincent/ROS/ws_panda/pick_and_place/ROS/devel/share/common-lisp/ros/moveit_msgs/msg/_package_LinkPadding.lisp
Symlinking /Users/vincent/ROS/ws_panda/pick_and_place/ROS/devel/share/common-lisp/ros/moveit_msgs/msg/MoveGroupAction.lisp
Symlinking /Users/vincent/ROS/ws_panda/pick_and_place/ROS/devel/share/common-lisp/ros/moveit_msgs/msg/CartesianTrajectoryPoint.lisp
Symlinking /Users/vincent/ROS/ws_panda/pick_and_place/ROS/devel/share/common-lisp/ros/moveit_msgs/msg/_package_PlanningSceneWorld.lisp
Symlinking /Users/vincent/ROS/ws_panda/pick_and_place/ROS/devel/share/common-lisp/ros/moveit_msgs/msg/_package_PlaceGoal.lisp
Symlinking /Users/vincent/ROS/ws_panda/pick_and_place/ROS/devel/share/common-lisp/ros/moveit_msgs/msg/PlaceActionFeedback.lisp
Symlinking /Users/vincent/ROS/ws_panda/pick_and_place/ROS/devel/share/common-lisp/ros/moveit_msgs/msg/_package_Grasp.lisp
Symlinking /Users/vincent/ROS/ws_panda/pick_and_place/ROS/devel/share/common-lisp/ros/moveit_msgs/msg/_package_PlaceActionGoal.lisp
Symlinking /Users/vincent/ROS/ws_panda/pick_and_place/ROS/devel/share/common-lisp/ros/moveit_msgs/msg/OrientedBoundingBox.lisp
Symlinking /Users/vincent/ROS/ws_panda/pick_and_place/ROS/devel/share/common-lisp/ros/moveit_msgs/msg/_package_RobotTrajectory.lisp
Symlinking /Users/vincent/ROS/ws_panda/pick_and_place/ROS/devel/share/common-lisp/ros/moveit_msgs/msg/MoveGroupSequenceFeedback.lisp
Symlinking /Users/vincent/ROS/ws_panda/pick_and_place/ROS/devel/share/common-lisp/ros/moveit_msgs/msg/_package_Constraints.lisp
Symlinking /Users/vincent/ROS/ws_panda/pick_and_place/ROS/devel/share/common-lisp/ros/moveit_msgs/msg/PositionConstraint.lisp
Symlinking /Users/vincent/ROS/ws_panda/pick_and_place/ROS/devel/share/common-lisp/ros/moveit_msgs/msg/MoveGroupResult.lisp
Symlinking /Users/vincent/ROS/ws_panda/pick_and_place/ROS/devel/share/common-lisp/ros/moveit_msgs/msg/_package_MotionPlanRequest.lisp
Symlinking /Users/vincent/ROS/ws_panda/pick_and_place/ROS/devel/share/common-lisp/ros/moveit_msgs/msg/BoundingVolume.lisp
Symlinking /Users/vincent/ROS/ws_panda/pick_and_place/ROS/devel/share/common-lisp/ros/moveit_msgs/msg/ExecuteTrajectoryActionResult.lisp
Symlinking /Users/vincent/ROS/ws_panda/pick_and_place/ROS/devel/share/common-lisp/ros/moveit_msgs/msg/GenericTrajectory.lisp
Symlinking /Users/vincent/ROS/ws_panda/pick_and_place/ROS/devel/share/common-lisp/ros/moveit_msgs/msg/_package_MoveGroupSequenceGoal.lisp
Symlinking /Users/vincent/ROS/ws_panda/pick_and_place/ROS/devel/share/common-lisp/ros/moveit_msgs/msg/DisplayTrajectory.lisp
Symlinking /Users/vincent/ROS/ws_panda/pick_and_place/ROS/devel/share/common-lisp/ros/moveit_msgs/msg/ContactInformation.lisp
Symlinking /Users/vincent/ROS/ws_panda/pick_and_place/ROS/devel/share/common-lisp/ros/moveit_msgs/msg/_package_ContactInformation.lisp
Symlinking /Users/vincent/ROS/ws_panda/pick_and_place/ROS/devel/share/common-lisp/ros/moveit_msgs/msg/_package_PositionConstraint.lisp
Symlinking /Users/vincent/ROS/ws_panda/pick_and_place/ROS/devel/share/common-lisp/ros/moveit_msgs/msg/_package_MoveItErrorCodes.lisp
Symlinking /Users/vincent/ROS/ws_panda/pick_and_place/ROS/devel/share/common-lisp/ros/moveit_msgs/msg/_package_ObjectColor.lisp
Symlinking /Users/vincent/ROS/ws_panda/pick_and_place/ROS/devel/share/common-lisp/ros/moveit_msgs/msg/_package_TrajectoryConstraints.lisp
Symlinking /Users/vincent/ROS/ws_panda/pick_and_place/ROS/devel/share/common-lisp/ros/moveit_msgs/msg/_package_AllowedCollisionEntry.lisp
Symlinking /Users/vincent/ROS/ws_panda/pick_and_place/ROS/devel/share/common-lisp/ros/moveit_msgs/msg/PlaceActionResult.lisp
Symlinking /Users/vincent/ROS/ws_panda/pick_and_place/ROS/devel/share/common-lisp/ros/moveit_msgs/msg/PickupGoal.lisp
Symlinking /Users/vincent/ROS/ws_panda/pick_and_place/ROS/devel/share/common-lisp/ros/moveit_msgs/msg/PlaceResult.lisp
Symlinking /Users/vincent/ROS/ws_panda/pick_and_place/ROS/devel/share/common-lisp/ros/moveit_msgs/msg/CollisionObject.lisp
Symlinking /Users/vincent/ROS/ws_panda/pick_and_place/ROS/devel/share/common-lisp/ros/moveit_msgs/msg/_package_JointLimits.lisp
Symlinking /Users/vincent/ROS/ws_panda/pick_and_place/ROS/devel/share/common-lisp/ros/moveit_msgs/msg/PlanningOptions.lisp
Symlinking /Users/vincent/ROS/ws_panda/pick_and_place/ROS/devel/share/common-lisp/ros/moveit_msgs/msg/PlaceAction.lisp
Symlinking /Users/vincent/ROS/ws_panda/pick_and_place/ROS/devel/share/common-lisp/ros/moveit_msgs/msg/_package_PickupFeedback.lisp
Symlinking /Users/vincent/ROS/ws_panda/pick_and_place/ROS/devel/share/common-lisp/ros/moveit_msgs/msg/_package_PlaceLocation.lisp
Symlinking /Users/vincent/ROS/ws_panda/pick_and_place/ROS/devel/share/common-lisp/ros/moveit_msgs/msg/_package_MoveGroupActionGoal.lisp
Symlinking /Users/vincent/ROS/ws_panda/pick_and_place/ROS/devel/share/common-lisp/ros/moveit_msgs/msg/_package_ExecuteTrajectoryActionResult.lisp
Symlinking /Users/vincent/ROS/ws_panda/pick_and_place/ROS/devel/share/common-lisp/ros/moveit_msgs/msg/KinematicSolverInfo.lisp
Symlinking /Users/vincent/ROS/ws_panda/pick_and_place/ROS/devel/share/common-lisp/ros/moveit_msgs/msg/AllowedCollisionMatrix.lisp
Symlinking /Users/vincent/ROS/ws_panda/pick_and_place/ROS/devel/share/common-lisp/ros/moveit_msgs/msg/MoveGroupSequenceActionFeedback.lisp
Symlinking /Users/vincent/ROS/ws_panda/pick_and_place/ROS/devel/share/common-lisp/ros/moveit_msgs/msg/_package_MoveGroupActionResult.lisp
Symlinking /Users/vincent/ROS/ws_panda/pick_and_place/ROS/devel/share/common-lisp/ros/moveit_msgs/msg/PlanningSceneComponents.lisp
Symlinking /Users/vincent/ROS/ws_panda/pick_and_place/ROS/devel/share/common-lisp/ros/moveit_msgs/msg/PlanningSceneWorld.lisp
Symlinking /Users/vincent/ROS/ws_panda/pick_and_place/ROS/devel/share/common-lisp/ros/moveit_msgs/msg/_package_MotionSequenceResponse.lisp
Symlinking /Users/vincent/ROS/ws_panda/pick_and_place/ROS/devel/share/common-lisp/ros/moveit_msgs/msg/_package_MoveGroupSequenceActionGoal.lisp
Symlinking /Users/vincent/ROS/ws_panda/pick_and_place/ROS/devel/share/common-lisp/ros/moveit_msgs/msg/_package_PlaceActionResult.lisp
Symlinking /Users/vincent/ROS/ws_panda/pick_and_place/ROS/devel/share/common-lisp/ros/moveit_msgs/msg/MotionSequenceRequest.lisp
Symlinking /Users/vincent/ROS/ws_panda/pick_and_place/ROS/devel/share/common-lisp/ros/moveit_msgs/msg/MoveGroupGoal.lisp
Symlinking /Users/vincent/ROS/ws_panda/pick_and_place/ROS/devel/share/common-lisp/ros/moveit_msgs/msg/MoveGroupSequenceResult.lisp
Symlinking /Users/vincent/ROS/ws_panda/pick_and_place/ROS/devel/share/common-lisp/ros/moveit_msgs/msg/_package_OrientedBoundingBox.lisp
Symlinking /Users/vincent/ROS/ws_panda/pick_and_place/ROS/devel/share/common-lisp/ros/moveit_msgs/msg/CartesianPoint.lisp
Symlinking /Users/vincent/ROS/ws_panda/pick_and_place/ROS/devel/share/common-lisp/ros/moveit_msgs/msg/PickupAction.lisp
Symlinking /Users/vincent/ROS/ws_panda/pick_and_place/ROS/devel/share/common-lisp/ros/moveit_msgs/msg/_package_PlaceActionFeedback.lisp
Symlinking /Users/vincent/ROS/ws_panda/pick_and_place/ROS/devel/share/common-lisp/ros/moveit_msgs/msg/PickupResult.lisp
Symlinking /Users/vincent/ROS/ws_panda/pick_and_place/ROS/devel/share/common-lisp/ros/moveit_msgs/msg/_package_MotionSequenceItem.lisp
Symlinking /Users/vincent/ROS/ws_panda/pick_and_place/ROS/devel/share/common-lisp/ros/moveit_msgs/msg/PickupActionGoal.lisp
Symlinking /Users/vincent/ROS/ws_panda/pick_and_place/ROS/devel/share/common-lisp/ros/moveit_msgs/msg/_package_PlanningScene.lisp
Symlinking /Users/vincent/ROS/ws_panda/pick_and_place/ROS/devel/share/common-lisp/ros/moveit_msgs/msg/ExecuteTrajectoryGoal.lisp
Symlinking /Users/vincent/ROS/ws_panda/pick_and_place/ROS/devel/share/common-lisp/ros/moveit_msgs/msg/_package_MoveGroupSequenceActionResult.lisp
Symlinking /Users/vincent/ROS/ws_panda/pick_and_place/ROS/devel/share/common-lisp/ros/moveit_msgs/msg/_package_CollisionObject.lisp
Symlinking /Users/vincent/ROS/ws_panda/pick_and_place/ROS/devel/share/common-lisp/ros/moveit_msgs/msg/PickupActionResult.lisp
Symlinking /Users/vincent/ROS/ws_panda/pick_and_place/ROS/devel/share/common-lisp/ros/moveit_msgs/msg/MotionPlanDetailedResponse.lisp
Symlinking /Users/vincent/ROS/ws_panda/pick_and_place/ROS/devel/share/common-lisp/ros/moveit_msgs/msg/_package_PlanningOptions.lisp
Symlinking /Users/vincent/ROS/ws_panda/pick_and_place/ROS/devel/share/common-lisp/ros/moveit_msgs/msg/_package_MotionPlanDetailedResponse.lisp
Symlinking /Users/vincent/ROS/ws_panda/pick_and_place/ROS/devel/share/common-lisp/ros/moveit_msgs/msg/MoveGroupSequenceAction.lisp
Symlinking /Users/vincent/ROS/ws_panda/pick_and_place/ROS/devel/share/common-lisp/ros/moveit_msgs/srv/_package_GetPositionIK.lisp
Symlinking /Users/vincent/ROS/ws_panda/pick_and_place/ROS/devel/share/common-lisp/ros/moveit_msgs/srv/_package_GetPlannerParams.lisp
Symlinking /Users/vincent/ROS/ws_panda/pick_and_place/ROS/devel/share/common-lisp/ros/moveit_msgs/srv/RenameRobotStateInWarehouse.lisp
Symlinking /Users/vincent/ROS/ws_panda/pick_and_place/ROS/devel/share/common-lisp/ros/moveit_msgs/srv/_package_GetMotionSequence.lisp
Symlinking /Users/vincent/ROS/ws_panda/pick_and_place/ROS/devel/share/common-lisp/ros/moveit_msgs/srv/GetRobotStateFromWarehouse.lisp
Symlinking /Users/vincent/ROS/ws_panda/pick_and_place/ROS/devel/share/common-lisp/ros/moveit_msgs/srv/_package_GetRobotStateFromWarehouse.lisp
Symlinking /Users/vincent/ROS/ws_panda/pick_and_place/ROS/devel/share/common-lisp/ros/moveit_msgs/srv/UpdatePointcloudOctomap.lisp
Symlinking /Users/vincent/ROS/ws_panda/pick_and_place/ROS/devel/share/common-lisp/ros/moveit_msgs/srv/GetMotionPlan.lisp
Symlinking /Users/vincent/ROS/ws_panda/pick_and_place/ROS/devel/share/common-lisp/ros/moveit_msgs/srv/GetMotionSequence.lisp
Symlinking /Users/vincent/ROS/ws_panda/pick_and_place/ROS/devel/share/common-lisp/ros/moveit_msgs/srv/_package_SetPlannerParams.lisp
Symlinking /Users/vincent/ROS/ws_panda/pick_and_place/ROS/devel/share/common-lisp/ros/moveit_msgs/srv/_package_LoadMap.lisp
Symlinking /Users/vincent/ROS/ws_panda/pick_and_place/ROS/devel/share/common-lisp/ros/moveit_msgs/srv/ExecuteKnownTrajectory.lisp
Symlinking /Users/vincent/ROS/ws_panda/pick_and_place/ROS/devel/share/common-lisp/ros/moveit_msgs/srv/GetCartesianPath.lisp
Symlinking /Users/vincent/ROS/ws_panda/pick_and_place/ROS/devel/share/common-lisp/ros/moveit_msgs/srv/GetStateValidity.lisp
Symlinking /Users/vincent/ROS/ws_panda/pick_and_place/ROS/devel/share/common-lisp/ros/moveit_msgs/srv/_package_ChangeControlDimensions.lisp
Symlinking /Users/vincent/ROS/ws_panda/pick_and_place/ROS/devel/share/common-lisp/ros/moveit_msgs/srv/SaveMap.lisp
Symlinking /Users/vincent/ROS/ws_panda/pick_and_place/ROS/devel/share/common-lisp/ros/moveit_msgs/srv/_package_SaveRobotStateToWarehouse.lisp
Symlinking /Users/vincent/ROS/ws_panda/pick_and_place/ROS/devel/share/common-lisp/ros/moveit_msgs/srv/GraspPlanning.lisp
Symlinking /Users/vincent/ROS/ws_panda/pick_and_place/ROS/devel/share/common-lisp/ros/moveit_msgs/srv/moveit_msgs-srv.asd
Symlinking /Users/vincent/ROS/ws_panda/pick_and_place/ROS/devel/share/common-lisp/ros/moveit_msgs/srv/_package_ChangeDriftDimensions.lisp
Symlinking /Users/vincent/ROS/ws_panda/pick_and_place/ROS/devel/share/common-lisp/ros/moveit_msgs/srv/GetPlanningScene.lisp
Symlinking /Users/vincent/ROS/ws_panda/pick_and_place/ROS/devel/share/common-lisp/ros/moveit_msgs/srv/QueryPlannerInterfaces.lisp
Symlinking /Users/vincent/ROS/ws_panda/pick_and_place/ROS/devel/share/common-lisp/ros/moveit_msgs/srv/_package.lisp
Symlinking /Users/vincent/ROS/ws_panda/pick_and_place/ROS/devel/share/common-lisp/ros/moveit_msgs/srv/GetPositionFK.lisp
Symlinking /Users/vincent/ROS/ws_panda/pick_and_place/ROS/devel/share/common-lisp/ros/moveit_msgs/srv/DeleteRobotStateFromWarehouse.lisp
Symlinking /Users/vincent/ROS/ws_panda/pick_and_place/ROS/devel/share/common-lisp/ros/moveit_msgs/srv/ChangeControlDimensions.lisp
Symlinking /Users/vincent/ROS/ws_panda/pick_and_place/ROS/devel/share/common-lisp/ros/moveit_msgs/srv/_package_GetStateValidity.lisp
Symlinking /Users/vincent/ROS/ws_panda/pick_and_place/ROS/devel/share/common-lisp/ros/moveit_msgs/srv/LoadMap.lisp
Symlinking /Users/vincent/ROS/ws_panda/pick_and_place/ROS/devel/share/common-lisp/ros/moveit_msgs/srv/_package_ApplyPlanningScene.lisp
Symlinking /Users/vincent/ROS/ws_panda/pick_and_place/ROS/devel/share/common-lisp/ros/moveit_msgs/srv/_package_GraspPlanning.lisp
Symlinking /Users/vincent/ROS/ws_panda/pick_and_place/ROS/devel/share/common-lisp/ros/moveit_msgs/srv/CheckIfRobotStateExistsInWarehouse.lisp
Symlinking /Users/vincent/ROS/ws_panda/pick_and_place/ROS/devel/share/common-lisp/ros/moveit_msgs/srv/_package_ExecuteKnownTrajectory.lisp
Symlinking /Users/vincent/ROS/ws_panda/pick_and_place/ROS/devel/share/common-lisp/ros/moveit_msgs/srv/_package_GetPositionFK.lisp
Symlinking /Users/vincent/ROS/ws_panda/pick_and_place/ROS/devel/share/common-lisp/ros/moveit_msgs/srv/_package_GetPlanningScene.lisp
Symlinking /Users/vincent/ROS/ws_panda/pick_and_place/ROS/devel/share/common-lisp/ros/moveit_msgs/srv/ChangeDriftDimensions.lisp
Symlinking /Users/vincent/ROS/ws_panda/pick_and_place/ROS/devel/share/common-lisp/ros/moveit_msgs/srv/GetPositionIK.lisp
Symlinking /Users/vincent/ROS/ws_panda/pick_and_place/ROS/devel/share/common-lisp/ros/moveit_msgs/srv/_package_RenameRobotStateInWarehouse.lisp
Symlinking /Users/vincent/ROS/ws_panda/pick_and_place/ROS/devel/share/common-lisp/ros/moveit_msgs/srv/SaveRobotStateToWarehouse.lisp
Symlinking /Users/vincent/ROS/ws_panda/pick_and_place/ROS/devel/share/common-lisp/ros/moveit_msgs/srv/GetPlannerParams.lisp
Symlinking /Users/vincent/ROS/ws_panda/pick_and_place/ROS/devel/share/common-lisp/ros/moveit_msgs/srv/ApplyPlanningScene.lisp
Symlinking /Users/vincent/ROS/ws_panda/pick_and_place/ROS/devel/share/common-lisp/ros/moveit_msgs/srv/_package_DeleteRobotStateFromWarehouse.lisp
Symlinking /Users/vincent/ROS/ws_panda/pick_and_place/ROS/devel/share/common-lisp/ros/moveit_msgs/srv/ListRobotStatesInWarehouse.lisp
Symlinking /Users/vincent/ROS/ws_panda/pick_and_place/ROS/devel/share/common-lisp/ros/moveit_msgs/srv/_package_GetCartesianPath.lisp
Symlinking /Users/vincent/ROS/ws_panda/pick_and_place/ROS/devel/share/common-lisp/ros/moveit_msgs/srv/_package_ListRobotStatesInWarehouse.lisp
Symlinking /Users/vincent/ROS/ws_panda/pick_and_place/ROS/devel/share/common-lisp/ros/moveit_msgs/srv/_package_GetMotionPlan.lisp
Symlinking /Users/vincent/ROS/ws_panda/pick_and_place/ROS/devel/share/common-lisp/ros/moveit_msgs/srv/_package_UpdatePointcloudOctomap.lisp
Symlinking /Users/vincent/ROS/ws_panda/pick_and_place/ROS/devel/share/common-lisp/ros/moveit_msgs/srv/_package_SaveMap.lisp
Symlinking /Users/vincent/ROS/ws_panda/pick_and_place/ROS/devel/share/common-lisp/ros/moveit_msgs/srv/_package_CheckIfRobotStateExistsInWarehouse.lisp
Symlinking /Users/vincent/ROS/ws_panda/pick_and_place/ROS/devel/share/common-lisp/ros/moveit_msgs/srv/_package_QueryPlannerInterfaces.lisp
Symlinking /Users/vincent/ROS/ws_panda/pick_and_place/ROS/devel/share/common-lisp/ros/moveit_msgs/srv/SetPlannerParams.lisp
Symlinking /Users/vincent/ROS/ws_panda/pick_and_place/ROS/devel/share/gennodejs/ros/moveit_msgs/_index.js
Symlinking /Users/vincent/ROS/ws_panda/pick_and_place/ROS/devel/share/gennodejs/ros/moveit_msgs/msg/_index.js
Symlinking /Users/vincent/ROS/ws_panda/pick_and_place/ROS/devel/share/gennodejs/ros/moveit_msgs/msg/CartesianTrajectory.js
Symlinking /Users/vincent/ROS/ws_panda/pick_and_place/ROS/devel/share/gennodejs/ros/moveit_msgs/msg/ExecuteTrajectoryGoal.js
Symlinking /Users/vincent/ROS/ws_panda/pick_and_place/ROS/devel/share/gennodejs/ros/moveit_msgs/msg/WorkspaceParameters.js
Symlinking /Users/vincent/ROS/ws_panda/pick_and_place/ROS/devel/share/gennodejs/ros/moveit_msgs/msg/MotionPlanRequest.js
Symlinking /Users/vincent/ROS/ws_panda/pick_and_place/ROS/devel/share/gennodejs/ros/moveit_msgs/msg/MoveGroupActionGoal.js
Symlinking /Users/vincent/ROS/ws_panda/pick_and_place/ROS/devel/share/gennodejs/ros/moveit_msgs/msg/Grasp.js
Symlinking /Users/vincent/ROS/ws_panda/pick_and_place/ROS/devel/share/gennodejs/ros/moveit_msgs/msg/MotionSequenceItem.js
Symlinking /Users/vincent/ROS/ws_panda/pick_and_place/ROS/devel/share/gennodejs/ros/moveit_msgs/msg/PlaceResult.js
Symlinking /Users/vincent/ROS/ws_panda/pick_and_place/ROS/devel/share/gennodejs/ros/moveit_msgs/msg/MoveItErrorCodes.js
Symlinking /Users/vincent/ROS/ws_panda/pick_and_place/ROS/devel/share/gennodejs/ros/moveit_msgs/msg/GripperTranslation.js
Symlinking /Users/vincent/ROS/ws_panda/pick_and_place/ROS/devel/share/gennodejs/ros/moveit_msgs/msg/MoveGroupSequenceActionFeedback.js
Symlinking /Users/vincent/ROS/ws_panda/pick_and_place/ROS/devel/share/gennodejs/ros/moveit_msgs/msg/LinkScale.js
Symlinking /Users/vincent/ROS/ws_panda/pick_and_place/ROS/devel/share/gennodejs/ros/moveit_msgs/msg/PlanningSceneWorld.js
Symlinking /Users/vincent/ROS/ws_panda/pick_and_place/ROS/devel/share/gennodejs/ros/moveit_msgs/msg/ContactInformation.js
Symlinking /Users/vincent/ROS/ws_panda/pick_and_place/ROS/devel/share/gennodejs/ros/moveit_msgs/msg/ObjectColor.js
Symlinking /Users/vincent/ROS/ws_panda/pick_and_place/ROS/devel/share/gennodejs/ros/moveit_msgs/msg/MoveGroupFeedback.js
Symlinking /Users/vincent/ROS/ws_panda/pick_and_place/ROS/devel/share/gennodejs/ros/moveit_msgs/msg/ExecuteTrajectoryActionFeedback.js
Symlinking /Users/vincent/ROS/ws_panda/pick_and_place/ROS/devel/share/gennodejs/ros/moveit_msgs/msg/DisplayTrajectory.js
Symlinking /Users/vincent/ROS/ws_panda/pick_and_place/ROS/devel/share/gennodejs/ros/moveit_msgs/msg/PlanningScene.js
Symlinking /Users/vincent/ROS/ws_panda/pick_and_place/ROS/devel/share/gennodejs/ros/moveit_msgs/msg/PickupActionGoal.js
Symlinking /Users/vincent/ROS/ws_panda/pick_and_place/ROS/devel/share/gennodejs/ros/moveit_msgs/msg/PlaceFeedback.js
Symlinking /Users/vincent/ROS/ws_panda/pick_and_place/ROS/devel/share/gennodejs/ros/moveit_msgs/msg/ExecuteTrajectoryAction.js
Symlinking /Users/vincent/ROS/ws_panda/pick_and_place/ROS/devel/share/gennodejs/ros/moveit_msgs/msg/ExecuteTrajectoryActionGoal.js
Symlinking /Users/vincent/ROS/ws_panda/pick_and_place/ROS/devel/share/gennodejs/ros/moveit_msgs/msg/PlaceActionFeedback.js
Symlinking /Users/vincent/ROS/ws_panda/pick_and_place/ROS/devel/share/gennodejs/ros/moveit_msgs/msg/MotionSequenceResponse.js
Symlinking /Users/vincent/ROS/ws_panda/pick_and_place/ROS/devel/share/gennodejs/ros/moveit_msgs/msg/MotionPlanResponse.js
Symlinking /Users/vincent/ROS/ws_panda/pick_and_place/ROS/devel/share/gennodejs/ros/moveit_msgs/msg/PlannerInterfaceDescription.js
Symlinking /Users/vincent/ROS/ws_panda/pick_and_place/ROS/devel/share/gennodejs/ros/moveit_msgs/msg/MotionSequenceRequest.js
Symlinking /Users/vincent/ROS/ws_panda/pick_and_place/ROS/devel/share/gennodejs/ros/moveit_msgs/msg/MoveGroupSequenceResult.js
Symlinking /Users/vincent/ROS/ws_panda/pick_and_place/ROS/devel/share/gennodejs/ros/moveit_msgs/msg/MoveGroupAction.js
Symlinking /Users/vincent/ROS/ws_panda/pick_and_place/ROS/devel/share/gennodejs/ros/moveit_msgs/msg/LinkPadding.js
Symlinking /Users/vincent/ROS/ws_panda/pick_and_place/ROS/devel/share/gennodejs/ros/moveit_msgs/msg/MoveGroupSequenceActionResult.js
Symlinking /Users/vincent/ROS/ws_panda/pick_and_place/ROS/devel/share/gennodejs/ros/moveit_msgs/msg/MoveGroupSequenceFeedback.js
Symlinking /Users/vincent/ROS/ws_panda/pick_and_place/ROS/devel/share/gennodejs/ros/moveit_msgs/msg/VisibilityConstraint.js
Symlinking /Users/vincent/ROS/ws_panda/pick_and_place/ROS/devel/share/gennodejs/ros/moveit_msgs/msg/BoundingVolume.js
Symlinking /Users/vincent/ROS/ws_panda/pick_and_place/ROS/devel/share/gennodejs/ros/moveit_msgs/msg/PickupActionFeedback.js
Symlinking /Users/vincent/ROS/ws_panda/pick_and_place/ROS/devel/share/gennodejs/ros/moveit_msgs/msg/PickupAction.js
Symlinking /Users/vincent/ROS/ws_panda/pick_and_place/ROS/devel/share/gennodejs/ros/moveit_msgs/msg/OrientationConstraint.js
Symlinking /Users/vincent/ROS/ws_panda/pick_and_place/ROS/devel/share/gennodejs/ros/moveit_msgs/msg/PickupGoal.js
Symlinking /Users/vincent/ROS/ws_panda/pick_and_place/ROS/devel/share/gennodejs/ros/moveit_msgs/msg/PickupFeedback.js
Symlinking /Users/vincent/ROS/ws_panda/pick_and_place/ROS/devel/share/gennodejs/ros/moveit_msgs/msg/PlaceLocation.js
Symlinking /Users/vincent/ROS/ws_panda/pick_and_place/ROS/devel/share/gennodejs/ros/moveit_msgs/msg/MotionPlanDetailedResponse.js
Symlinking /Users/vincent/ROS/ws_panda/pick_and_place/ROS/devel/share/gennodejs/ros/moveit_msgs/msg/PositionConstraint.js
Symlinking /Users/vincent/ROS/ws_panda/pick_and_place/ROS/devel/share/gennodejs/ros/moveit_msgs/msg/PickupResult.js
Symlinking /Users/vincent/ROS/ws_panda/pick_and_place/ROS/devel/share/gennodejs/ros/moveit_msgs/msg/CartesianPoint.js
Symlinking /Users/vincent/ROS/ws_panda/pick_and_place/ROS/devel/share/gennodejs/ros/moveit_msgs/msg/OrientedBoundingBox.js
Symlinking /Users/vincent/ROS/ws_panda/pick_and_place/ROS/devel/share/gennodejs/ros/moveit_msgs/msg/JointConstraint.js
Symlinking /Users/vincent/ROS/ws_panda/pick_and_place/ROS/devel/share/gennodejs/ros/moveit_msgs/msg/CostSource.js
Symlinking /Users/vincent/ROS/ws_panda/pick_and_place/ROS/devel/share/gennodejs/ros/moveit_msgs/msg/Constraints.js
Symlinking /Users/vincent/ROS/ws_panda/pick_and_place/ROS/devel/share/gennodejs/ros/moveit_msgs/msg/CollisionObject.js
Symlinking /Users/vincent/ROS/ws_panda/pick_and_place/ROS/devel/share/gennodejs/ros/moveit_msgs/msg/CartesianTrajectoryPoint.js
Symlinking /Users/vincent/ROS/ws_panda/pick_and_place/ROS/devel/share/gennodejs/ros/moveit_msgs/msg/TrajectoryConstraints.js
Symlinking /Users/vincent/ROS/ws_panda/pick_and_place/ROS/devel/share/gennodejs/ros/moveit_msgs/msg/AllowedCollisionEntry.js
Symlinking /Users/vincent/ROS/ws_panda/pick_and_place/ROS/devel/share/gennodejs/ros/moveit_msgs/msg/PlanningOptions.js
Symlinking /Users/vincent/ROS/ws_panda/pick_and_place/ROS/devel/share/gennodejs/ros/moveit_msgs/msg/MoveGroupSequenceAction.js
Symlinking /Users/vincent/ROS/ws_panda/pick_and_place/ROS/devel/share/gennodejs/ros/moveit_msgs/msg/RobotTrajectory.js
Symlinking /Users/vincent/ROS/ws_panda/pick_and_place/ROS/devel/share/gennodejs/ros/moveit_msgs/msg/PlanningSceneComponents.js
Symlinking /Users/vincent/ROS/ws_panda/pick_and_place/ROS/devel/share/gennodejs/ros/moveit_msgs/msg/MoveGroupResult.js
Symlinking /Users/vincent/ROS/ws_panda/pick_and_place/ROS/devel/share/gennodejs/ros/moveit_msgs/msg/AllowedCollisionMatrix.js
Symlinking /Users/vincent/ROS/ws_panda/pick_and_place/ROS/devel/share/gennodejs/ros/moveit_msgs/msg/GenericTrajectory.js
Symlinking /Users/vincent/ROS/ws_panda/pick_and_place/ROS/devel/share/gennodejs/ros/moveit_msgs/msg/ExecuteTrajectoryResult.js
Symlinking /Users/vincent/ROS/ws_panda/pick_and_place/ROS/devel/share/gennodejs/ros/moveit_msgs/msg/PositionIKRequest.js
Symlinking /Users/vincent/ROS/ws_panda/pick_and_place/ROS/devel/share/gennodejs/ros/moveit_msgs/msg/PickupActionResult.js
Symlinking /Users/vincent/ROS/ws_panda/pick_and_place/ROS/devel/share/gennodejs/ros/moveit_msgs/msg/AttachedCollisionObject.js
Symlinking /Users/vincent/ROS/ws_panda/pick_and_place/ROS/devel/share/gennodejs/ros/moveit_msgs/msg/MoveGroupSequenceGoal.js
Symlinking /Users/vincent/ROS/ws_panda/pick_and_place/ROS/devel/share/gennodejs/ros/moveit_msgs/msg/ExecuteTrajectoryActionResult.js
Symlinking /Users/vincent/ROS/ws_panda/pick_and_place/ROS/devel/share/gennodejs/ros/moveit_msgs/msg/ConstraintEvalResult.js
Symlinking /Users/vincent/ROS/ws_panda/pick_and_place/ROS/devel/share/gennodejs/ros/moveit_msgs/msg/PlaceActionGoal.js
Symlinking /Users/vincent/ROS/ws_panda/pick_and_place/ROS/devel/share/gennodejs/ros/moveit_msgs/msg/MoveGroupGoal.js
Symlinking /Users/vincent/ROS/ws_panda/pick_and_place/ROS/devel/share/gennodejs/ros/moveit_msgs/msg/RobotState.js
Symlinking /Users/vincent/ROS/ws_panda/pick_and_place/ROS/devel/share/gennodejs/ros/moveit_msgs/msg/DisplayRobotState.js
Symlinking /Users/vincent/ROS/ws_panda/pick_and_place/ROS/devel/share/gennodejs/ros/moveit_msgs/msg/ExecuteTrajectoryFeedback.js
Symlinking /Users/vincent/ROS/ws_panda/pick_and_place/ROS/devel/share/gennodejs/ros/moveit_msgs/msg/PlaceActionResult.js
Symlinking /Users/vincent/ROS/ws_panda/pick_and_place/ROS/devel/share/gennodejs/ros/moveit_msgs/msg/KinematicSolverInfo.js
Symlinking /Users/vincent/ROS/ws_panda/pick_and_place/ROS/devel/share/gennodejs/ros/moveit_msgs/msg/PlannerParams.js
Symlinking /Users/vincent/ROS/ws_panda/pick_and_place/ROS/devel/share/gennodejs/ros/moveit_msgs/msg/MoveGroupActionResult.js
Symlinking /Users/vincent/ROS/ws_panda/pick_and_place/ROS/devel/share/gennodejs/ros/moveit_msgs/msg/JointLimits.js
Symlinking /Users/vincent/ROS/ws_panda/pick_and_place/ROS/devel/share/gennodejs/ros/moveit_msgs/msg/PlaceAction.js
Symlinking /Users/vincent/ROS/ws_panda/pick_and_place/ROS/devel/share/gennodejs/ros/moveit_msgs/msg/PlaceGoal.js
Symlinking /Users/vincent/ROS/ws_panda/pick_and_place/ROS/devel/share/gennodejs/ros/moveit_msgs/msg/MoveGroupActionFeedback.js
Symlinking /Users/vincent/ROS/ws_panda/pick_and_place/ROS/devel/share/gennodejs/ros/moveit_msgs/msg/MoveGroupSequenceActionGoal.js
Symlinking /Users/vincent/ROS/ws_panda/pick_and_place/ROS/devel/share/gennodejs/ros/moveit_msgs/srv/_index.js
Symlinking /Users/vincent/ROS/ws_panda/pick_and_place/ROS/devel/share/gennodejs/ros/moveit_msgs/srv/ChangeControlDimensions.js
Symlinking /Users/vincent/ROS/ws_panda/pick_and_place/ROS/devel/share/gennodejs/ros/moveit_msgs/srv/ExecuteKnownTrajectory.js
Symlinking /Users/vincent/ROS/ws_panda/pick_and_place/ROS/devel/share/gennodejs/ros/moveit_msgs/srv/SaveMap.js
Symlinking /Users/vincent/ROS/ws_panda/pick_and_place/ROS/devel/share/gennodejs/ros/moveit_msgs/srv/GraspPlanning.js
Symlinking /Users/vincent/ROS/ws_panda/pick_and_place/ROS/devel/share/gennodejs/ros/moveit_msgs/srv/GetPositionIK.js
Symlinking /Users/vincent/ROS/ws_panda/pick_and_place/ROS/devel/share/gennodejs/ros/moveit_msgs/srv/GetPlanningScene.js
Symlinking /Users/vincent/ROS/ws_panda/pick_and_place/ROS/devel/share/gennodejs/ros/moveit_msgs/srv/UpdatePointcloudOctomap.js
Symlinking /Users/vincent/ROS/ws_panda/pick_and_place/ROS/devel/share/gennodejs/ros/moveit_msgs/srv/GetMotionSequence.js
Symlinking /Users/vincent/ROS/ws_panda/pick_and_place/ROS/devel/share/gennodejs/ros/moveit_msgs/srv/SetPlannerParams.js
Symlinking /Users/vincent/ROS/ws_panda/pick_and_place/ROS/devel/share/gennodejs/ros/moveit_msgs/srv/SaveRobotStateToWarehouse.js
Symlinking /Users/vincent/ROS/ws_panda/pick_and_place/ROS/devel/share/gennodejs/ros/moveit_msgs/srv/ListRobotStatesInWarehouse.js
Symlinking /Users/vincent/ROS/ws_panda/pick_and_place/ROS/devel/share/gennodejs/ros/moveit_msgs/srv/LoadMap.js
Symlinking /Users/vincent/ROS/ws_panda/pick_and_place/ROS/devel/share/gennodejs/ros/moveit_msgs/srv/QueryPlannerInterfaces.js
Symlinking /Users/vincent/ROS/ws_panda/pick_and_place/ROS/devel/share/gennodejs/ros/moveit_msgs/srv/CheckIfRobotStateExistsInWarehouse.js
Symlinking /Users/vincent/ROS/ws_panda/pick_and_place/ROS/devel/share/gennodejs/ros/moveit_msgs/srv/GetRobotStateFromWarehouse.js
Symlinking /Users/vincent/ROS/ws_panda/pick_and_place/ROS/devel/share/gennodejs/ros/moveit_msgs/srv/ApplyPlanningScene.js
Symlinking /Users/vincent/ROS/ws_panda/pick_and_place/ROS/devel/share/gennodejs/ros/moveit_msgs/srv/GetCartesianPath.js
Symlinking /Users/vincent/ROS/ws_panda/pick_and_place/ROS/devel/share/gennodejs/ros/moveit_msgs/srv/RenameRobotStateInWarehouse.js
Symlinking /Users/vincent/ROS/ws_panda/pick_and_place/ROS/devel/share/gennodejs/ros/moveit_msgs/srv/GetStateValidity.js
Symlinking /Users/vincent/ROS/ws_panda/pick_and_place/ROS/devel/share/gennodejs/ros/moveit_msgs/srv/DeleteRobotStateFromWarehouse.js
Symlinking /Users/vincent/ROS/ws_panda/pick_and_place/ROS/devel/share/gennodejs/ros/moveit_msgs/srv/GetPositionFK.js
Symlinking /Users/vincent/ROS/ws_panda/pick_and_place/ROS/devel/share/gennodejs/ros/moveit_msgs/srv/ChangeDriftDimensions.js
Symlinking /Users/vincent/ROS/ws_panda/pick_and_place/ROS/devel/share/gennodejs/ros/moveit_msgs/srv/GetPlannerParams.js
Symlinking /Users/vincent/ROS/ws_panda/pick_and_place/ROS/devel/share/gennodejs/ros/moveit_msgs/srv/GetMotionPlan.js
