Not searching for unused variables given on the command line.
[0mCMake Deprecation Warning at CMakeLists.txt:1 (cmake_minimum_required):
  Compatibility with CMake < 3.5 will be removed from a future version of
  CMake.

  Update the VERSION argument <min> value or use a ...<max> suffix to tell
  CMake that the project does not need compatibility with older versions.

[0m
[36m--[0m The C compiler identification is Clang 16.0.6
[36m--[0m The CXX compiler identification is Clang 16.0.6
[36m--[0m Detecting C compiler ABI info
[36m--[0m Detecting C compiler ABI info - done
[36m--[0m Check for working C compiler: /Users/vincent/miniconda3/envs/ros_env/bin/arm64-apple-darwin20.0.0-clang - skipped
[36m--[0m Detecting C compile features
[36m--[0m Detecting C compile features - done
[36m--[0m Detecting CXX compiler ABI info
[36m--[0m Detecting CXX compiler ABI info - done
[36m--[0m Check for working CXX compiler: /Users/vincent/miniconda3/envs/ros_env/bin/arm64-apple-darwin20.0.0-clang++ - skipped
[36m--[0m Detecting CXX compile features
[36m--[0m Detecting CXX compile features - done
[36m--[0m Using CATKIN_DEVEL_PREFIX: /Users/vincent/ROS/ws_panda/pick_and_place/ROS/devel/.private/catkin_tools_prebuild
[36m--[0m Using CMAKE_PREFIX_PATH: /Users/vincent/ros/ws_panda/pick_and_place/ROS/devel;/Users/vincent/miniconda3/envs/ros_env
[36m--[0m This workspace overlays: /Users/vincent/ros/ws_panda/pick_and_place/ROS/devel;/Users/vincent/miniconda3/envs/ros_env
[33mCMake Warning (dev) at /Users/vincent/miniconda3/envs/ros_env/share/catkin/cmake/python.cmake:4 (find_package):
  Policy CMP0148 is not set: The FindPythonInterp and FindPythonLibs modules
  are removed.  Run "cmake --help-policy CMP0148" for policy details.  Use
  the cmake_policy command to set the policy and suppress this warning.

[36mCall Stack (most recent call first):[0m
  /Users/vincent/miniconda3/envs/ros_env/share/catkin/cmake/all.cmake:164 (include)
  /Users/vincent/miniconda3/envs/ros_env/share/catkin/cmake/catkinConfig.cmake:20 (include)
  CMakeLists.txt:4 (find_package)
This warning is for project developers.  Use -Wno-dev to suppress it.
[0m
[36m--[0m Found PythonInterp: /Users/vincent/miniconda3/envs/ros_env/bin/python3.11 (found suitable version "3.11.9", minimum required is "3.11")
[36m--[0m Using PYTHON_EXECUTABLE: /Users/vincent/miniconda3/envs/ros_env/bin/python3.11
[36m--[0m Using default Python package layout
[36m--[0m Found PY_em: /Users/vincent/miniconda3/envs/ros_env/lib/python3.11/site-packages/em.py
[36m--[0m Using empy: /Users/vincent/miniconda3/envs/ros_env/lib/python3.11/site-packages/em.py
[36m--[0m Using CATKIN_ENABLE_TESTING: ON
[36m--[0m Call enable_testing()
[36m--[0m Using CATKIN_TEST_RESULTS_DIR: /Users/vincent/ROS/ws_panda/pick_and_place/ROS/build/catkin_tools_prebuild/test_results
[36m--[0m Found gtest: gtests will be built
[36m--[0m Using Python nosetests: /Users/vincent/miniconda3/envs/ros_env/bin/nosetests
[36m--[0m catkin 0.8.10
[36m--[0m BUILD_SHARED_LIBS is on
[36m--[0m Configuring done (2.1s)
[36m--[0m Generating done (0.0s)
[36m--[0m Build files have been written to: /Users/vincent/ROS/ws_panda/pick_and_place/ROS/build/catkin_tools_prebuild
